Archive member included because of file (symbol)

f:/PSDK3/ps3dev/portlibs/ppu/lib\libfont.a(libfont.o)
                              main.o (ResetFont)
f:/PSDK3/ps3dev/portlibs/ppu/lib\libfreetype.a(ftinit.o)
                              main.o (FT_Init_FreeType)
f:/PSDK3/ps3dev/portlibs/ppu/lib\libfreetype.a(ftbase.o)
                              main.o (FT_Load_Char)
f:/PSDK3/ps3dev/portlibs/ppu/lib\libfreetype.a(truetype.o)
                              f:/PSDK3/ps3dev/portlibs/ppu/lib\libfreetype.a(ftinit.o) (tt_driver_class)
f:/PSDK3/ps3dev/portlibs/ppu/lib\libfreetype.a(type1.o)
                              f:/PSDK3/ps3dev/portlibs/ppu/lib\libfreetype.a(ftinit.o) (t1_driver_class)
f:/PSDK3/ps3dev/portlibs/ppu/lib\libfreetype.a(cff.o)
                              f:/PSDK3/ps3dev/portlibs/ppu/lib\libfreetype.a(ftinit.o) (cff_driver_class)
f:/PSDK3/ps3dev/portlibs/ppu/lib\libfreetype.a(type1cid.o)
                              f:/PSDK3/ps3dev/portlibs/ppu/lib\libfreetype.a(ftinit.o) (t1cid_driver_class)
f:/PSDK3/ps3dev/portlibs/ppu/lib\libfreetype.a(pfr.o)
                              f:/PSDK3/ps3dev/portlibs/ppu/lib\libfreetype.a(ftinit.o) (pfr_driver_class)
f:/PSDK3/ps3dev/portlibs/ppu/lib\libfreetype.a(type42.o)
                              f:/PSDK3/ps3dev/portlibs/ppu/lib\libfreetype.a(ftinit.o) (t42_driver_class)
f:/PSDK3/ps3dev/portlibs/ppu/lib\libfreetype.a(winfnt.o)
                              f:/PSDK3/ps3dev/portlibs/ppu/lib\libfreetype.a(ftinit.o) (winfnt_driver_class)
f:/PSDK3/ps3dev/portlibs/ppu/lib\libfreetype.a(pcf.o)
                              f:/PSDK3/ps3dev/portlibs/ppu/lib\libfreetype.a(ftinit.o) (pcf_driver_class)
f:/PSDK3/ps3dev/portlibs/ppu/lib\libfreetype.a(bdf.o)
                              f:/PSDK3/ps3dev/portlibs/ppu/lib\libfreetype.a(ftinit.o) (bdf_driver_class)
f:/PSDK3/ps3dev/portlibs/ppu/lib\libfreetype.a(sfnt.o)
                              f:/PSDK3/ps3dev/portlibs/ppu/lib\libfreetype.a(ftinit.o) (sfnt_module_class)
f:/PSDK3/ps3dev/portlibs/ppu/lib\libfreetype.a(autofit.o)
                              f:/PSDK3/ps3dev/portlibs/ppu/lib\libfreetype.a(ftinit.o) (autofit_module_class)
f:/PSDK3/ps3dev/portlibs/ppu/lib\libfreetype.a(pshinter.o)
                              f:/PSDK3/ps3dev/portlibs/ppu/lib\libfreetype.a(ftinit.o) (pshinter_module_class)
f:/PSDK3/ps3dev/portlibs/ppu/lib\libfreetype.a(raster.o)
                              f:/PSDK3/ps3dev/portlibs/ppu/lib\libfreetype.a(ftinit.o) (ft_raster1_renderer_class)
f:/PSDK3/ps3dev/portlibs/ppu/lib\libfreetype.a(smooth.o)
                              f:/PSDK3/ps3dev/portlibs/ppu/lib\libfreetype.a(ftinit.o) (ft_smooth_renderer_class)
f:/PSDK3/ps3dev/portlibs/ppu/lib\libfreetype.a(ftgzip.o)
                              f:/PSDK3/ps3dev/portlibs/ppu/lib\libfreetype.a(pcf.o) (FT_Stream_OpenGzip)
f:/PSDK3/ps3dev/portlibs/ppu/lib\libfreetype.a(ftlzw.o)
                              f:/PSDK3/ps3dev/portlibs/ppu/lib\libfreetype.a(pcf.o) (FT_Stream_OpenLZW)
f:/PSDK3/ps3dev/portlibs/ppu/lib\libfreetype.a(psaux.o)
                              f:/PSDK3/ps3dev/portlibs/ppu/lib\libfreetype.a(ftinit.o) (psaux_module_class)
f:/PSDK3/ps3dev/portlibs/ppu/lib\libfreetype.a(psnames.o)
                              f:/PSDK3/ps3dev/portlibs/ppu/lib\libfreetype.a(ftinit.o) (psnames_module_class)
f:/PSDK3/ps3dev/portlibs/ppu/lib\libfreetype.a(ftsystem.o)
                              f:/PSDK3/ps3dev/portlibs/ppu/lib\libfreetype.a(ftbase.o) (FT_Stream_Open)
f:/PSDK3/ps3dev/portlibs/ppu/lib\libtiny3d.a(tiny3d.o)
                              main.o (tiny3d_Init)
f:/PSDK3/ps3dev/portlibs/ppu/lib\libtiny3d.a(vshader_text_normal.vcg.o)
                              f:/PSDK3/ps3dev/portlibs/ppu/lib\libtiny3d.a(tiny3d.o) (vshader_text_normal_bin)
f:/PSDK3/ps3dev/portlibs/ppu/lib\libtiny3d.a(commands.o)
                              f:/PSDK3/ps3dev/portlibs/ppu/lib\libtiny3d.a(tiny3d.o) (rsxtiny_MakeCmdSpace)
f:/PSDK3/ps3dev/portlibs/ppu/lib\libtiny3d.a(glue.o)
                              f:/PSDK3/ps3dev/portlibs/ppu/lib\libtiny3d.a(tiny3d.o) (rsxtiny_FlushBuffer)
f:/PSDK3/ps3dev/portlibs/ppu/lib\libtiny3d.a(matrix.o)
                              f:/PSDK3/ps3dev/portlibs/ppu/lib\libtiny3d.a(tiny3d.o) (MatrixVectorMultiply)
f:/PSDK3/ps3dev/portlibs/ppu/lib\libtiny3d.a(mm.o)
                              f:/PSDK3/ps3dev/portlibs/ppu/lib\libtiny3d.a(tiny3d.o) (rsxtiny_MemAlign)
f:/PSDK3/ps3dev/portlibs/ppu/lib\libtiny3d.a(realityVP.o)
                              f:/PSDK3/ps3dev/portlibs/ppu/lib\libtiny3d.a(commands.o) (rsxtiny_VertexProgramGetUCode)
f:/PSDK3/ps3dev/portlibs/ppu/lib\libtiny3d.a(rsxutil.o)
                              f:/PSDK3/ps3dev/portlibs/ppu/lib\libtiny3d.a(tiny3d.o) (waitFlip)
f:/PSDK3/ps3dev/portlibs/ppu/lib\libtiny3d.a(buffer.o)
                              f:/PSDK3/ps3dev/portlibs/ppu/lib\libtiny3d.a(commands.o) (tiny_rsxContextCallback)
[...]
Memory Configuration

Name             Origin             Length             Attributes
*default*        0x0000000000000000 0xffffffffffffffff

Linker script and memory map

                0x0000000000010000                PROVIDE (__executable_start, 0x10000)
                0x0000000000010200                . = (0x10000 + SIZEOF_HEADERS)

.interp
 *(.interp)

.hash
 *(.hash)

.dynsym
 *(.dynsym)

.dynstr
 *(.dynstr)

.gnu.version
 *(.gnu.version)

.gnu.version_d
 *(.gnu.version_d)

.gnu.version_r
 *(.gnu.version_r)

.rel.dyn
 *(.rel.init)
 *(.rel.text .rel.text.* .rel.gnu.linkonce.t.*)
 *(.rel.fini)
 *(.rel.rodata .rel.rodata.* .rel.gnu.linkonce.r.*)
 *(.rel.data.rel.ro*)
 *(.rel.data .rel.data.* .rel.gnu.linkonce.d.*)
 *(.rel.tdata .rel.tdata.* .rel.gnu.linkonce.td.*)
 *(.rel.tbss .rel.tbss.* .rel.gnu.linkonce.tb.*)
 *(.rel.ctors)
 *(.rel.dtors)
 *(.rel.got)
 *(.rel.sdata .rel.sdata.* .rel.gnu.linkonce.s.*)
 *(.rel.sbss .rel.sbss.* .rel.gnu.linkonce.sb.*)
 *(.rel.sdata2 .rel.sdata2.* .rel.gnu.linkonce.s2.*)
 *(.rel.sbss2 .rel.sbss2.* .rel.gnu.linkonce.sb2.*)
 *(.rel.bss .rel.bss.* .rel.gnu.linkonce.b.*)

.rela.dyn       0x0000000000010200        0x0
 *(.rela.init)
 *(.rela.text .rela.text.* .rela.gnu.linkonce.t.*)
 *(.rela.fini)
 *(.rela.rodata .rela.rodata.* .rela.gnu.linkonce.r.*)
 *(.rela.data .rela.data.* .rela.gnu.linkonce.d.*)
 .rela.data.rel.ro.ft_default_modules
                0x0000000000000000        0x0 linker stubs
 *(.rela.tdata .rela.tdata.* .rela.gnu.linkonce.td.*)
 *(.rela.tbss .rela.tbss.* .rela.gnu.linkonce.tb.*)
 *(.rela.ctors)
 *(.rela.dtors)
 *(.rela.got)
 *(.rela.toc)
 .rela.toc      0x0000000000000000        0x0 linker stubs
 *(.rela.sdata .rela.sdata.* .rela.gnu.linkonce.s.*)
 *(.rela.sbss .rela.sbss.* .rela.gnu.linkonce.sb.*)
 *(.rela.sdata2 .rela.sdata2.* .rela.gnu.linkonce.s2.*)
 *(.rela.sbss2 .rela.sbss2.* .rela.gnu.linkonce.sb2.*)
 *(.rela.bss .rela.bss.* .rela.gnu.linkonce.b.*)
 .rela.iplt     0x0000000000000000        0x0 linker stubs
 .rela.sys_proc_prx_param
                0x0000000000000000        0x0 linker stubs
 .rela.opd      0x0000000000000000        0x0 linker stubs

.rel.plt
 *(.rel.plt)

.rela.plt
 *(.rela.plt)

.rela.tocbss
 *(.rela.tocbss)

.init           0x0000000000010200       0x2c
 *(.init)
 .init          0x0000000000010200        0xc f:/psdk3/ps3dev/ppu/bin/../lib/gcc/powerpc64-ps3-elf/4.5.2/../../../../powerpc64-ps3-elf/lib/lv2-crti.o
                0x0000000000010200                ._init
 .init          0x000000000001020c        0x8 f:/psdk3/ps3dev/ppu/bin/../lib/gcc/powerpc64-ps3-elf/4.5.2/crtbegin.o
 .init          0x0000000000010214        0x8 f:/psdk3/ps3dev/ppu/bin/../lib/gcc/powerpc64-ps3-elf/4.5.2/crtend.o
 .init          0x000000000001021c       0x10 f:/psdk3/ps3dev/ppu/bin/../lib/gcc/powerpc64-ps3-elf/4.5.2/../../../../powerpc64-ps3-elf/lib/lv2-crtn.o

.text           0x0000000000010230    0xd9c04
 *(.text .stub .text.* .gnu.linkonce.t.*)
 .text          0x0000000000010230        0x0 f:/psdk3/ps3dev/ppu/bin/../lib/gcc/powerpc64-ps3-elf/4.5.2/../../../../powerpc64-ps3-elf/lib/lv2-crti.o
 .text          0x0000000000010230        0x0 f:/psdk3/ps3dev/ppu/bin/../lib/gcc/powerpc64-ps3-elf/4.5.2/crtbegin.o
 .text.__do_global_dtors_aux
                0x0000000000010230       0xc8 f:/psdk3/ps3dev/ppu/bin/../lib/gcc/powerpc64-ps3-elf/4.5.2/crtbegin.o
 .text.frame_dummy
                0x00000000000102f8       0x70 f:/psdk3/ps3dev/ppu/bin/../lib/gcc/powerpc64-ps3-elf/4.5.2/crtbegin.o
 .text          0x0000000000010368       0x58 f:/psdk3/ps3dev/ppu/bin/../lib/gcc/powerpc64-ps3-elf/4.5.2/../../../../powerpc64-ps3-elf/lib/lv2-crt0.o
                0x0000000000010368                ._start
 .text.__syscalls_init
                0x00000000000103c0      0x15c f:/psdk3/ps3dev/ppu/bin/../lib/gcc/powerpc64-ps3-elf/4.5.2/../../../../powerpc64-ps3-elf/lib/lv2-crt0.o
 *fill*         0x000000000001051c        0x4 60000000
 .text._initialize
                0x0000000000010520       0x40 f:/psdk3/ps3dev/ppu/bin/../lib/gcc/powerpc64-ps3-elf/4.5.2/../../../../powerpc64-ps3-elf/lib/lv2-crt0.o
                0x0000000000010520                ._initialize
 .text          0x0000000000010560        0x0 f:/psdk3/ps3dev/ppu/bin/../lib/gcc/powerpc64-ps3-elf/4.5.2/../../../../powerpc64-ps3-elf/lib/lv2-sprx.o
 .text          0x0000000000010560        0x0 andika_ttf.bin.o
 .text          0x0000000000010560        0x0 dejavusans_ttf.bin.o
 .text          0x0000000000010560        0x0 main.o
 .text.TTF_to_Bitmap
                0x0000000000010560      0x224 main.o
                0x0000000000010560                .TTF_to_Bitmap
 *fill*         0x0000000000010784        0x4 60000000
 .text.TTFLoadFont
                0x0000000000010788       0xe8 main.o
                0x0000000000010788                .TTFLoadFont
 .text.TTFUnloadFont
                0x0000000000010870       0x44 main.o
                0x0000000000010870                .TTFUnloadFont
 *fill*         0x00000000000108b4        0x4 60000000
 .text.DrawBackground2D
                0x00000000000108b8       0xdc main.o
                0x00000000000108b8                .DrawBackground2D
 *fill*         0x0000000000010994        0x4 60000000
 .text.drawScene
                0x0000000000010998      0x3a0 main.o
                0x0000000000010998                .drawScene
 .text.LoadTexture
                0x0000000000010d38      0x10c main.o
                0x0000000000010d38                .LoadTexture
 *fill*         0x0000000000010e44        0x4 60000000
 .text.main     0x0000000000010e48      0x130 main.o
                0x0000000000010e48                .main
 .text          0x0000000000010f78        0x0 f:/PSDK3/ps3dev/portlibs/ppu/lib\libfont.a(libfont.o)
 .text.i_must_break_line
                0x0000000000010f78      0x130 f:/PSDK3/ps3dev/portlibs/ppu/lib\libfont.a(libfont.o)
 .text.ResetFont
                0x00000000000110a8       0x7c f:/PSDK3/ps3dev/portlibs/ppu/lib\libfont.a(libfont.o)
                0x00000000000110a8                .ResetFont
 *fill*         0x0000000000011124        0x4 60000000
 .text.AddFontFromBitmapArray
                0x0000000000011128      0x428 f:/PSDK3/ps3dev/portlibs/ppu/lib\libfont.a(libfont.o)
                0x0000000000011128                .AddFontFromBitmapArray
 .text.AddFontFromTTF
                0x0000000000011550      0x3a8 f:/PSDK3/ps3dev/portlibs/ppu/lib\libfont.a(libfont.o)
                0x0000000000011550                .AddFontFromTTF
 .text.SetCurrentFont
                0x00000000000118f8       0x4c f:/PSDK3/ps3dev/portlibs/ppu/lib\libfont.a(libfont.o)
                0x00000000000118f8                .SetCurrentFont
 *fill*         0x0000000000011944        0x4 60000000
 .text.SetFontSize
                0x0000000000011948       0x34 f:/PSDK3/ps3dev/portlibs/ppu/lib\libfont.a(libfont.o)
                0x0000000000011948                .SetFontSize
 *fill*         0x000000000001197c        0x4 60000000
 .text.SetFontColor
                0x0000000000011980       0x1c f:/PSDK3/ps3dev/portlibs/ppu/lib\libfont.a(libfont.o)
                0x0000000000011980                .SetFontColor
 *fill*         0x000000000001199c        0x4 60000000
 .text.SetFontTextureMethod
                0x00000000000119a0       0x18 f:/PSDK3/ps3dev/portlibs/ppu/lib\libfont.a(libfont.o)
                0x00000000000119a0                .SetFontTextureMethod
 .text.SetDoubleTextureModule
                0x00000000000119b8       0x1c f:/PSDK3/ps3dev/portlibs/ppu/lib\libfont.a(libfont.o)
                0x00000000000119b8                .SetDoubleTextureModule
 *fill*         0x00000000000119d4        0x4 60000000
 .text.SetFontAutoCenter
                0x00000000000119d8       0x20 f:/PSDK3/ps3dev/portlibs/ppu/lib\libfont.a(libfont.o)
                0x00000000000119d8                .SetFontAutoCenter
 .text.SetFontAutoNewLine
                0x00000000000119f8       0x20 f:/PSDK3/ps3dev/portlibs/ppu/lib\libfont.a(libfont.o)
                0x00000000000119f8                .SetFontAutoNewLine
 .text.SetFontZ
                0x0000000000011a18       0x18 f:/PSDK3/ps3dev/portlibs/ppu/lib\libfont.a(libfont.o)
                0x0000000000011a18                .SetFontZ
 .text.GetFontX
                0x0000000000011a30       0x18 f:/PSDK3/ps3dev/portlibs/ppu/lib\libfont.a(libfont.o)
                0x0000000000011a30                .GetFontX
 .text.GetFontY
                0x0000000000011a48       0x18 f:/PSDK3/ps3dev/portlibs/ppu/lib\libfont.a(libfont.o)
                0x0000000000011a48                .GetFontY
 .text.SetFontScreenLimits
                0x0000000000011a60       0x1c f:/PSDK3/ps3dev/portlibs/ppu/lib\libfont.a(libfont.o)
                0x0000000000011a60                .SetFontScreenLimits
 *fill*         0x0000000000011a7c        0x4 60000000
 .text.DrawChar
                0x0000000000011a80      0xa34 f:/PSDK3/ps3dev/portlibs/ppu/lib\libfont.a(libfont.o)
                0x0000000000011a80                .DrawChar
 *fill*         0x00000000000124b4        0x4 60000000
 .text.DrawString
                0x00000000000124b8      0x2f0 f:/PSDK3/ps3dev/portlibs/ppu/lib\libfont.a(libfont.o)
                0x00000000000124b8                .DrawString
 .text.DrawFormatString
                0x00000000000127a8      0x320 f:/PSDK3/ps3dev/portlibs/ppu/lib\libfont.a(libfont.o)
                0x00000000000127a8                .DrawFormatString
 .text          0x0000000000012ac8        0x0 f:/PSDK3/ps3dev/portlibs/ppu/lib\libfreetype.a(ftinit.o)
 .text.FT_Add_Default_Modules
                0x0000000000012ac8       0x88 f:/PSDK3/ps3dev/portlibs/ppu/lib\libfreetype.a(ftinit.o)
                0x0000000000012ac8                .FT_Add_Default_Modules
 .text.FT_Init_FreeType
                0x0000000000012b50       0xac f:/PSDK3/ps3dev/portlibs/ppu/lib\libfreetype.a(ftinit.o)
                0x0000000000012b50                .FT_Init_FreeType
 .text.FT_Done_FreeType
                0x0000000000012bfc       0x74 f:/PSDK3/ps3dev/portlibs/ppu/lib\libfreetype.a(ftinit.o)
                0x0000000000012bfc                .FT_Done_FreeType
 .text          0x0000000000012c70        0x0 f:/PSDK3/ps3dev/portlibs/ppu/lib\libfreetype.a(ftbase.o)
 .text._ft_face_scale_advances
                0x0000000000012c70      0x150 f:/PSDK3/ps3dev/portlibs/ppu/lib\libfreetype.a(ftbase.o)
 .text.FT_Get_Advance
                0x0000000000012dc0      0x1b4 f:/PSDK3/ps3dev/portlibs/ppu/lib\libfreetype.a(ftbase.o)
                0x0000000000012dc0                .FT_Get_Advance
 .text.FT_Get_Advances
                0x0000000000012f74      0x304 f:/PSDK3/ps3dev/portlibs/ppu/lib\libfreetype.a(ftbase.o)
                0x0000000000012f74                .FT_Get_Advances
 .text.FT_RoundFix
                0x0000000000013278       0x68 f:/PSDK3/ps3dev/portlibs/ppu/lib\libfreetype.a(ftbase.o)
                0x0000000000013278                .FT_RoundFix
 .text.FT_CeilFix
                0x00000000000132e0       0x68 f:/PSDK3/ps3dev/portlibs/ppu/lib\libfreetype.a(ftbase.o)
                0x00000000000132e0                .FT_CeilFix
 .text.FT_FloorFix
                0x0000000000013348       0x54 f:/PSDK3/ps3dev/portlibs/ppu/lib\libfreetype.a(ftbase.o)
                0x0000000000013348                .FT_FloorFix
 .text.FT_Sqrt32
                0x000000000001339c       0xb4 f:/PSDK3/ps3dev/portlibs/ppu/lib\libfreetype.a(ftbase.o)
                0x000000000001339c                .FT_Sqrt32
 .text.ft_multo64
                0x0000000000013450      0x158 f:/PSDK3/ps3dev/portlibs/ppu/lib\libfreetype.a(ftbase.o)
 .text.ft_div64by32
                0x00000000000135a8       0xfc f:/PSDK3/ps3dev/portlibs/ppu/lib\libfreetype.a(ftbase.o)
 .text.FT_Add64
                0x00000000000136a4       0xd0 f:/PSDK3/ps3dev/portlibs/ppu/lib\libfreetype.a(ftbase.o)
 .text.FT_MulDiv
                0x0000000000013774      0x1fc f:/PSDK3/ps3dev/portlibs/ppu/lib\libfreetype.a(ftbase.o)
                0x0000000000013774                .FT_MulDiv
 .text.FT_MulDiv_No_Round
                0x0000000000013970      0x1a8 f:/PSDK3/ps3dev/portlibs/ppu/lib\libfreetype.a(ftbase.o)
                0x0000000000013970                .FT_MulDiv_No_Round
 .text.FT_MulFix
                0x0000000000013b18      0x158 f:/PSDK3/ps3dev/portlibs/ppu/lib\libfreetype.a(ftbase.o)
                0x0000000000013b18                .FT_MulFix
 .text.FT_DivFix
                0x0000000000013c70      0x198 f:/PSDK3/ps3dev/portlibs/ppu/lib\libfreetype.a(ftbase.o)
                0x0000000000013c70                .FT_DivFix
 .text.FT_Matrix_Multiply
                0x0000000000013e08      0x20c f:/PSDK3/ps3dev/portlibs/ppu/lib\libfreetype.a(ftbase.o)
                0x0000000000013e08                .FT_Matrix_Multiply
 .text.FT_Matrix_Invert
                0x0000000000014014      0x178 f:/PSDK3/ps3dev/portlibs/ppu/lib\libfreetype.a(ftbase.o)
                0x0000000000014014                .FT_Matrix_Invert
 .text.FT_Matrix_Multiply_Scaled
                0x000000000001418c      0x23c f:/PSDK3/ps3dev/portlibs/ppu/lib\libfreetype.a(ftbase.o)
                0x000000000001418c                .FT_Matrix_Multiply_Scaled
 .text.FT_Vector_Transform_Scaled
                0x00000000000143c8      0x15c f:/PSDK3/ps3dev/portlibs/ppu/lib\libfreetype.a(ftbase.o)
                0x00000000000143c8                .FT_Vector_Transform_Scaled
 .text.FT_SqrtFixed
                0x0000000000014524       0xf4 f:/PSDK3/ps3dev/portlibs/ppu/lib\libfreetype.a(ftbase.o)
                0x0000000000014524                .FT_SqrtFixed
 .text.ft_corner_orientation
                0x0000000000014618      0x200 f:/PSDK3/ps3dev/portlibs/ppu/lib\libfreetype.a(ftbase.o)
                0x0000000000014618                .ft_corner_orientation
 .text.ft_corner_is_flat
                0x0000000000014818      0x164 f:/PSDK3/ps3dev/portlibs/ppu/lib\libfreetype.a(ftbase.o)
                0x0000000000014818                .ft_corner_is_flat
 .text.FT_GlyphLoader_New
                0x000000000001497c       0x9c f:/PSDK3/ps3dev/portlibs/ppu/lib\libfreetype.a(ftbase.o)
                0x000000000001497c                .FT_GlyphLoader_New
 .text.FT_GlyphLoader_Rewind
                0x0000000000014a18       0xa8 f:/PSDK3/ps3dev/portlibs/ppu/lib\libfreetype.a(ftbase.o)
                0x0000000000014a18                .FT_GlyphLoader_Rewind
 .text.FT_GlyphLoader_Reset
                0x0000000000014ac0      0x158 f:/PSDK3/ps3dev/portlibs/ppu/lib\libfreetype.a(ftbase.o)
                0x0000000000014ac0                .FT_GlyphLoader_Reset
 .text.FT_GlyphLoader_Done
                0x0000000000014c18       0x70 f:/PSDK3/ps3dev/portlibs/ppu/lib\libfreetype.a(ftbase.o)
                0x0000000000014c18                .FT_GlyphLoader_Done
 .text.FT_GlyphLoader_Adjust_Points
                0x0000000000014c88      0x144 f:/PSDK3/ps3dev/portlibs/ppu/lib\libfreetype.a(ftbase.o)
 .text.FT_GlyphLoader_CreateExtra
                0x0000000000014dcc       0xfc f:/PSDK3/ps3dev/portlibs/ppu/lib\libfreetype.a(ftbase.o)
                0x0000000000014dcc                .FT_GlyphLoader_CreateExtra
 .text.FT_GlyphLoader_Adjust_Subglyphs
                0x0000000000014ec8       0x78 f:/PSDK3/ps3dev/portlibs/ppu/lib\libfreetype.a(ftbase.o)
 .text.FT_GlyphLoader_CheckPoints
                0x0000000000014f40      0x414 f:/PSDK3/ps3dev/portlibs/ppu/lib\libfreetype.a(ftbase.o)
                0x0000000000014f40                .FT_GlyphLoader_CheckPoints
 .text.FT_GlyphLoader_CheckSubGlyphs
                0x0000000000015354      0x164 f:/PSDK3/ps3dev/portlibs/ppu/lib\libfreetype.a(ftbase.o)
                0x0000000000015354                .FT_GlyphLoader_CheckSubGlyphs
 .text.FT_GlyphLoader_Prepare
                0x00000000000154b8       0x84 f:/PSDK3/ps3dev/portlibs/ppu/lib\libfreetype.a(ftbase.o)
                0x00000000000154b8                .FT_GlyphLoader_Prepare
 .text.FT_GlyphLoader_Add
                0x000000000001553c      0x1cc f:/PSDK3/ps3dev/portlibs/ppu/lib\libfreetype.a(ftbase.o)
                0x000000000001553c                .FT_GlyphLoader_Add
 .text.FT_GlyphLoader_CopyPoints
                0x0000000000015708      0x230 f:/PSDK3/ps3dev/portlibs/ppu/lib\libfreetype.a(ftbase.o)
                0x0000000000015708                .FT_GlyphLoader_CopyPoints
 .text.ft_service_list_lookup
                0x0000000000015938       0xcc f:/PSDK3/ps3dev/portlibs/ppu/lib\libfreetype.a(ftbase.o)
                0x0000000000015938                .ft_service_list_lookup
 .text.ft_validator_init
                0x0000000000015a04       0x78 f:/PSDK3/ps3dev/portlibs/ppu/lib\libfreetype.a(ftbase.o)
                0x0000000000015a04                .ft_validator_init
 .text.ft_validator_run
                0x0000000000015a7c       0x30 f:/PSDK3/ps3dev/portlibs/ppu/lib\libfreetype.a(ftbase.o)
                0x0000000000015a7c                .ft_validator_run
 .text.ft_validator_error
                0x0000000000015aac       0x5c f:/PSDK3/ps3dev/portlibs/ppu/lib\libfreetype.a(ftbase.o)
                0x0000000000015aac                .ft_validator_error
 .text.FT_Stream_New
                0x0000000000015b08      0x238 f:/PSDK3/ps3dev/portlibs/ppu/lib\libfreetype.a(ftbase.o)
                0x0000000000015b08                .FT_Stream_New
 .text.FT_Stream_Free
                0x0000000000015d40       0x84 f:/PSDK3/ps3dev/portlibs/ppu/lib\libfreetype.a(ftbase.o)
                0x0000000000015d40                .FT_Stream_Free
 .text.ft_glyphslot_init
                0x0000000000015dc4      0x184 f:/PSDK3/ps3dev/portlibs/ppu/lib\libfreetype.a(ftbase.o)
 .text.ft_glyphslot_free_bitmap
                0x0000000000015f48       0xfc f:/PSDK3/ps3dev/portlibs/ppu/lib\libfreetype.a(ftbase.o)
                0x0000000000015f48                .ft_glyphslot_free_bitmap
 .text.ft_glyphslot_set_bitmap
                0x0000000000016044       0x54 f:/PSDK3/ps3dev/portlibs/ppu/lib\libfreetype.a(ftbase.o)
                0x0000000000016044                .ft_glyphslot_set_bitmap
 .text.ft_glyphslot_alloc_bitmap
                0x0000000000016098      0x114 f:/PSDK3/ps3dev/portlibs/ppu/lib\libfreetype.a(ftbase.o)
                0x0000000000016098                .ft_glyphslot_alloc_bitmap
 .text.ft_glyphslot_clear
                0x00000000000161ac      0x178 f:/PSDK3/ps3dev/portlibs/ppu/lib\libfreetype.a(ftbase.o)
 .text.ft_glyphslot_done
                0x0000000000016324      0x154 f:/PSDK3/ps3dev/portlibs/ppu/lib\libfreetype.a(ftbase.o)
 .text.FT_New_GlyphSlot
                0x0000000000016478      0x18c f:/PSDK3/ps3dev/portlibs/ppu/lib\libfreetype.a(ftbase.o)
                0x0000000000016478                .FT_New_GlyphSlot
 .text.FT_Done_GlyphSlot
                0x0000000000016604      0x128 f:/PSDK3/ps3dev/portlibs/ppu/lib\libfreetype.a(ftbase.o)
                0x0000000000016604                .FT_Done_GlyphSlot
 .text.FT_Set_Transform
                0x000000000001672c      0x214 f:/PSDK3/ps3dev/portlibs/ppu/lib\libfreetype.a(ftbase.o)
                0x000000000001672c                .FT_Set_Transform
 .text.ft_glyphslot_grid_fit_metrics
                0x0000000000016940      0x294 f:/PSDK3/ps3dev/portlibs/ppu/lib\libfreetype.a(ftbase.o)
 .text.FT_Load_Glyph
                0x0000000000016bd4      0x8a8 f:/PSDK3/ps3dev/portlibs/ppu/lib\libfreetype.a(ftbase.o)
                0x0000000000016bd4                .FT_Load_Glyph
 .text.FT_Load_Char
                0x000000000001747c       0xb0 f:/PSDK3/ps3dev/portlibs/ppu/lib\libfreetype.a(ftbase.o)
                0x000000000001747c                .FT_Load_Char
 .text.destroy_size
                0x000000000001752c      0x124 f:/PSDK3/ps3dev/portlibs/ppu/lib\libfreetype.a(ftbase.o)
 .text.destroy_charmaps
                0x0000000000017650      0x114 f:/PSDK3/ps3dev/portlibs/ppu/lib\libfreetype.a(ftbase.o)
 .text.destroy_face
                0x0000000000017764      0x248 f:/PSDK3/ps3dev/portlibs/ppu/lib\libfreetype.a(ftbase.o)
 .text.Destroy_Driver
                0x00000000000179ac       0x98 f:/PSDK3/ps3dev/portlibs/ppu/lib\libfreetype.a(ftbase.o)
 .text.find_unicode_charmap
                0x0000000000017a44      0x214 f:/PSDK3/ps3dev/portlibs/ppu/lib\libfreetype.a(ftbase.o)
 .text.find_variant_selector_charmap
                0x0000000000017c58      0x134 f:/PSDK3/ps3dev/portlibs/ppu/lib\libfreetype.a(ftbase.o)
 .text.open_face
                0x0000000000017d8c      0x364 f:/PSDK3/ps3dev/portlibs/ppu/lib\libfreetype.a(ftbase.o)
 .text.FT_New_Face
                0x00000000000180f0       0x90 f:/PSDK3/ps3dev/portlibs/ppu/lib\libfreetype.a(ftbase.o)
                0x00000000000180f0                .FT_New_Face
 .text.FT_New_Memory_Face
                0x0000000000018180       0x9c f:/PSDK3/ps3dev/portlibs/ppu/lib\libfreetype.a(ftbase.o)
                0x0000000000018180                .FT_New_Memory_Face
 .text.memory_stream_close
                0x000000000001821c       0xa0 f:/PSDK3/ps3dev/portlibs/ppu/lib\libfreetype.a(ftbase.o)
 .text.new_memory_stream
                0x00000000000182bc      0x100 f:/PSDK3/ps3dev/portlibs/ppu/lib\libfreetype.a(ftbase.o)
 .text.open_face_from_buffer
                0x00000000000183bc      0x184 f:/PSDK3/ps3dev/portlibs/ppu/lib\libfreetype.a(ftbase.o)
 .text.ft_lookup_PS_in_sfnt_stream
                0x0000000000018540      0x358 f:/PSDK3/ps3dev/portlibs/ppu/lib\libfreetype.a(ftbase.o)
 .text.open_face_PS_from_sfnt_stream
                0x0000000000018898      0x1ec f:/PSDK3/ps3dev/portlibs/ppu/lib\libfreetype.a(ftbase.o)
 .text.Mac_Read_POST_Resource
                0x0000000000018a84      0x710 f:/PSDK3/ps3dev/portlibs/ppu/lib\libfreetype.a(ftbase.o)
 .text.Mac_Read_sfnt_Resource
                0x0000000000019194      0x27c f:/PSDK3/ps3dev/portlibs/ppu/lib\libfreetype.a(ftbase.o)
 .text.IsMacResource
                0x0000000000019410      0x228 f:/PSDK3/ps3dev/portlibs/ppu/lib\libfreetype.a(ftbase.o)
 .text.IsMacBinary
                0x0000000000019638      0x1e8 f:/PSDK3/ps3dev/portlibs/ppu/lib\libfreetype.a(ftbase.o)
 .text.load_face_in_embedded_rfork
                0x0000000000019820      0x2b0 f:/PSDK3/ps3dev/portlibs/ppu/lib\libfreetype.a(ftbase.o)
 .text.load_mac_face
                0x0000000000019ad0      0x10c f:/PSDK3/ps3dev/portlibs/ppu/lib\libfreetype.a(ftbase.o)
 .text.FT_Open_Face
                0x0000000000019bdc      0x8d8 f:/PSDK3/ps3dev/portlibs/ppu/lib\libfreetype.a(ftbase.o)
                0x0000000000019bdc                .FT_Open_Face
 .text.FT_Attach_File
                0x000000000001a4b4       0x80 f:/PSDK3/ps3dev/portlibs/ppu/lib\libfreetype.a(ftbase.o)
                0x000000000001a4b4                .FT_Attach_File
 .text.FT_Attach_Stream
                0x000000000001a534      0x188 f:/PSDK3/ps3dev/portlibs/ppu/lib\libfreetype.a(ftbase.o)
                0x000000000001a534                .FT_Attach_Stream
 .text.FT_Reference_Face
                0x000000000001a6bc       0x58 f:/PSDK3/ps3dev/portlibs/ppu/lib\libfreetype.a(ftbase.o)
                0x000000000001a6bc                .FT_Reference_Face
 .text.FT_Done_Face
                0x000000000001a714      0x144 f:/PSDK3/ps3dev/portlibs/ppu/lib\libfreetype.a(ftbase.o)
                0x000000000001a714                .FT_Done_Face
 .text.FT_New_Size
                0x000000000001a858      0x230 f:/PSDK3/ps3dev/portlibs/ppu/lib\libfreetype.a(ftbase.o)
                0x000000000001a858                .FT_New_Size
 .text.FT_Done_Size
                0x000000000001aa88      0x180 f:/PSDK3/ps3dev/portlibs/ppu/lib\libfreetype.a(ftbase.o)
                0x000000000001aa88                .FT_Done_Size
 .text.FT_Match_Size
                0x000000000001ac08      0x29c f:/PSDK3/ps3dev/portlibs/ppu/lib\libfreetype.a(ftbase.o)
                0x000000000001ac08                .FT_Match_Size
 .text.ft_synthesize_vertical_metrics
                0x000000000001aea4      0x13c f:/PSDK3/ps3dev/portlibs/ppu/lib\libfreetype.a(ftbase.o)
                0x000000000001aea4                .ft_synthesize_vertical_metrics
 .text.ft_recompute_scaled_metrics
                0x000000000001afe0      0x148 f:/PSDK3/ps3dev/portlibs/ppu/lib\libfreetype.a(ftbase.o)
 .text.FT_Select_Metrics
                0x000000000001b128      0x1e0 f:/PSDK3/ps3dev/portlibs/ppu/lib\libfreetype.a(ftbase.o)
                0x000000000001b128                .FT_Select_Metrics
 .text.FT_Request_Metrics
                0x000000000001b308      0x5a4 f:/PSDK3/ps3dev/portlibs/ppu/lib\libfreetype.a(ftbase.o)
                0x000000000001b308                .FT_Request_Metrics
 .text.FT_Select_Size
                0x000000000001b8ac      0x138 f:/PSDK3/ps3dev/portlibs/ppu/lib\libfreetype.a(ftbase.o)
                0x000000000001b8ac                .FT_Select_Size
 .text.FT_Request_Size
                0x000000000001b9e4      0x1b4 f:/PSDK3/ps3dev/portlibs/ppu/lib\libfreetype.a(ftbase.o)
                0x000000000001b9e4                .FT_Request_Size
 .text.FT_Set_Char_Size
                0x000000000001bb98      0x12c f:/PSDK3/ps3dev/portlibs/ppu/lib\libfreetype.a(ftbase.o)
                0x000000000001bb98                .FT_Set_Char_Size
 .text.FT_Set_Pixel_Sizes
                0x000000000001bcc4      0x12c f:/PSDK3/ps3dev/portlibs/ppu/lib\libfreetype.a(ftbase.o)
                0x000000000001bcc4                .FT_Set_Pixel_Sizes
 .text.FT_Get_Kerning
                0x000000000001bdf0      0x2e4 f:/PSDK3/ps3dev/portlibs/ppu/lib\libfreetype.a(ftbase.o)
                0x000000000001bdf0                .FT_Get_Kerning
 .text.FT_Get_Track_Kerning
                0x000000000001c0d4      0x170 f:/PSDK3/ps3dev/portlibs/ppu/lib\libfreetype.a(ftbase.o)
                0x000000000001c0d4                .FT_Get_Track_Kerning
 .text.FT_Select_Charmap
                0x000000000001c244      0x15c f:/PSDK3/ps3dev/portlibs/ppu/lib\libfreetype.a(ftbase.o)
                0x000000000001c244                .FT_Select_Charmap
 .text.FT_Set_Charmap
                0x000000000001c3a0      0x130 f:/PSDK3/ps3dev/portlibs/ppu/lib\libfreetype.a(ftbase.o)
                0x000000000001c3a0                .FT_Set_Charmap
 .text.FT_Get_Charmap_Index
                0x000000000001c4d0       0xf4 f:/PSDK3/ps3dev/portlibs/ppu/lib\libfreetype.a(ftbase.o)
                0x000000000001c4d0                .FT_Get_Charmap_Index
 .text.ft_cmap_done_internal
                0x000000000001c5c4       0xc8 f:/PSDK3/ps3dev/portlibs/ppu/lib\libfreetype.a(ftbase.o)
 .text.FT_CMap_Done
                0x000000000001c68c      0x2b4 f:/PSDK3/ps3dev/portlibs/ppu/lib\libfreetype.a(ftbase.o)
                0x000000000001c68c                .FT_CMap_Done
 .text.FT_CMap_New
                0x000000000001c940      0x280 f:/PSDK3/ps3dev/portlibs/ppu/lib\libfreetype.a(ftbase.o)
                0x000000000001c940                .FT_CMap_New
 .text.FT_Get_Char_Index
                0x000000000001cbc0       0xd4 f:/PSDK3/ps3dev/portlibs/ppu/lib\libfreetype.a(ftbase.o)
                0x000000000001cbc0                .FT_Get_Char_Index
 .text.FT_Get_First_Char
                0x000000000001cc94      0x104 f:/PSDK3/ps3dev/portlibs/ppu/lib\libfreetype.a(ftbase.o)
                0x000000000001cc94                .FT_Get_First_Char
 .text.FT_Get_Next_Char
                0x000000000001cd98      0x150 f:/PSDK3/ps3dev/portlibs/ppu/lib\libfreetype.a(ftbase.o)
                0x000000000001cd98                .FT_Get_Next_Char
 .text.FT_Face_GetCharVariantIndex
                0x000000000001cee8      0x130 f:/PSDK3/ps3dev/portlibs/ppu/lib\libfreetype.a(ftbase.o)
                0x000000000001cee8                .FT_Face_GetCharVariantIndex
 .text.FT_Face_GetCharVariantIsDefault
                0x000000000001d018       0xe0 f:/PSDK3/ps3dev/portlibs/ppu/lib\libfreetype.a(ftbase.o)
                0x000000000001d018                .FT_Face_GetCharVariantIsDefault
 .text.FT_Face_GetVariantSelectors
                0x000000000001d0f8       0xcc f:/PSDK3/ps3dev/portlibs/ppu/lib\libfreetype.a(ftbase.o)
                0x000000000001d0f8                .FT_Face_GetVariantSelectors
 .text.FT_Face_GetVariantsOfChar
                0x000000000001d1c4       0xdc f:/PSDK3/ps3dev/portlibs/ppu/lib\libfreetype.a(ftbase.o)
                0x000000000001d1c4                .FT_Face_GetVariantsOfChar
 .text.FT_Face_GetCharsOfVariant
                0x000000000001d2a0       0xdc f:/PSDK3/ps3dev/portlibs/ppu/lib\libfreetype.a(ftbase.o)
                0x000000000001d2a0                .FT_Face_GetCharsOfVariant
 .text.FT_Get_Name_Index
                0x000000000001d37c      0x1cc f:/PSDK3/ps3dev/portlibs/ppu/lib\libfreetype.a(ftbase.o)
                0x000000000001d37c                .FT_Get_Name_Index
 .text.FT_Get_Glyph_Name
                0x000000000001d548      0x238 f:/PSDK3/ps3dev/portlibs/ppu/lib\libfreetype.a(ftbase.o)
                0x000000000001d548                .FT_Get_Glyph_Name
 .text.FT_Get_Postscript_Name
                0x000000000001d780      0x1b8 f:/PSDK3/ps3dev/portlibs/ppu/lib\libfreetype.a(ftbase.o)
                0x000000000001d780                .FT_Get_Postscript_Name
 .text.FT_Get_Sfnt_Table
                0x000000000001d938      0x14c f:/PSDK3/ps3dev/portlibs/ppu/lib\libfreetype.a(ftbase.o)
                0x000000000001d938                .FT_Get_Sfnt_Table
 .text.FT_Load_Sfnt_Table
                0x000000000001da84      0x15c f:/PSDK3/ps3dev/portlibs/ppu/lib\libfreetype.a(ftbase.o)
                0x000000000001da84                .FT_Load_Sfnt_Table
 .text.FT_Sfnt_Table_Info
                0x000000000001dbe0      0x168 f:/PSDK3/ps3dev/portlibs/ppu/lib\libfreetype.a(ftbase.o)
                0x000000000001dbe0                .FT_Sfnt_Table_Info
 .text.FT_Get_CMap_Language_ID
                0x000000000001dd48      0x164 f:/PSDK3/ps3dev/portlibs/ppu/lib\libfreetype.a(ftbase.o)
                0x000000000001dd48                .FT_Get_CMap_Language_ID
 .text.FT_Get_CMap_Format
                0x000000000001deac      0x164 f:/PSDK3/ps3dev/portlibs/ppu/lib\libfreetype.a(ftbase.o)
                0x000000000001deac                .FT_Get_CMap_Format
 .text.FT_Activate_Size
                0x000000000001e010       0x8c f:/PSDK3/ps3dev/portlibs/ppu/lib\libfreetype.a(ftbase.o)
                0x000000000001e010                .FT_Activate_Size
 .text.FT_Lookup_Renderer
                0x000000000001e09c      0x124 f:/PSDK3/ps3dev/portlibs/ppu/lib\libfreetype.a(ftbase.o)
                0x000000000001e09c                .FT_Lookup_Renderer
 .text.ft_lookup_glyph_renderer
                0x000000000001e1c0       0xd0 f:/PSDK3/ps3dev/portlibs/ppu/lib\libfreetype.a(ftbase.o)
 .text.ft_set_current_renderer
                0x000000000001e290       0x60 f:/PSDK3/ps3dev/portlibs/ppu/lib\libfreetype.a(ftbase.o)
 .text.ft_add_renderer
                0x000000000001e2f0      0x214 f:/PSDK3/ps3dev/portlibs/ppu/lib\libfreetype.a(ftbase.o)
 .text.ft_remove_renderer
                0x000000000001e504      0x140 f:/PSDK3/ps3dev/portlibs/ppu/lib\libfreetype.a(ftbase.o)
 .text.FT_Get_Renderer
                0x000000000001e644       0x60 f:/PSDK3/ps3dev/portlibs/ppu/lib\libfreetype.a(ftbase.o)
                0x000000000001e644                .FT_Get_Renderer
 .text.FT_Set_Renderer
                0x000000000001e6a4      0x1a4 f:/PSDK3/ps3dev/portlibs/ppu/lib\libfreetype.a(ftbase.o)
                0x000000000001e6a4                .FT_Set_Renderer
 .text.FT_Render_Glyph_Internal
                0x000000000001e848      0x1f4 f:/PSDK3/ps3dev/portlibs/ppu/lib\libfreetype.a(ftbase.o)
                0x000000000001e848                .FT_Render_Glyph_Internal
 .text.FT_Render_Glyph
                0x000000000001ea3c       0xa8 f:/PSDK3/ps3dev/portlibs/ppu/lib\libfreetype.a(ftbase.o)
                0x000000000001ea3c                .FT_Render_Glyph
 .text.Destroy_Module
                0x000000000001eae4      0x1a8 f:/PSDK3/ps3dev/portlibs/ppu/lib\libfreetype.a(ftbase.o)
 .text.FT_Add_Module
                0x000000000001ec8c      0x514 f:/PSDK3/ps3dev/portlibs/ppu/lib\libfreetype.a(ftbase.o)
                0x000000000001ec8c                .FT_Add_Module
 .text.FT_Get_Module
                0x000000000001f1a0      0x104 f:/PSDK3/ps3dev/portlibs/ppu/lib\libfreetype.a(ftbase.o)
                0x000000000001f1a0                .FT_Get_Module
 .text.FT_Get_Module_Interface
                0x000000000001f2a4       0x78 f:/PSDK3/ps3dev/portlibs/ppu/lib\libfreetype.a(ftbase.o)
                0x000000000001f2a4                .FT_Get_Module_Interface
 .text.ft_module_get_service
                0x000000000001f31c      0x1cc f:/PSDK3/ps3dev/portlibs/ppu/lib\libfreetype.a(ftbase.o)
                0x000000000001f31c                .ft_module_get_service
 .text.FT_Remove_Module
                0x000000000001f4e8      0x154 f:/PSDK3/ps3dev/portlibs/ppu/lib\libfreetype.a(ftbase.o)
                0x000000000001f4e8                .FT_Remove_Module
 .text.FT_Reference_Library
                0x000000000001f63c       0x54 f:/PSDK3/ps3dev/portlibs/ppu/lib\libfreetype.a(ftbase.o)
                0x000000000001f63c                .FT_Reference_Library
 .text.FT_New_Library
                0x000000000001f690      0x164 f:/PSDK3/ps3dev/portlibs/ppu/lib\libfreetype.a(ftbase.o)
                0x000000000001f690                .FT_New_Library
 .text.FT_Library_Version
                0x000000000001f7f4       0xdc f:/PSDK3/ps3dev/portlibs/ppu/lib\libfreetype.a(ftbase.o)
                0x000000000001f7f4                .FT_Library_Version
 .text.FT_Done_Library
                0x000000000001f8d0      0x318 f:/PSDK3/ps3dev/portlibs/ppu/lib\libfreetype.a(ftbase.o)
                0x000000000001f8d0                .FT_Done_Library
 .text.FT_Set_Debug_Hook
                0x000000000001fbe8       0x80 f:/PSDK3/ps3dev/portlibs/ppu/lib\libfreetype.a(ftbase.o)
                0x000000000001fbe8                .FT_Set_Debug_Hook
 .text.FT_Get_TrueType_Engine_Type
                0x000000000001fc68       0xa4 f:/PSDK3/ps3dev/portlibs/ppu/lib\libfreetype.a(ftbase.o)
                0x000000000001fc68                .FT_Get_TrueType_Engine_Type
 .text.ft_stub_set_char_sizes
                0x000000000001fd0c      0x148 f:/PSDK3/ps3dev/portlibs/ppu/lib\libfreetype.a(ftbase.o)
                0x000000000001fd0c                .ft_stub_set_char_sizes
 .text.ft_stub_set_pixel_sizes
                0x000000000001fe54      0x10c f:/PSDK3/ps3dev/portlibs/ppu/lib\libfreetype.a(ftbase.o)
                0x000000000001fe54                .ft_stub_set_pixel_sizes
 .text.FT_Get_SubGlyph_Info
                0x000000000001ff60      0x188 f:/PSDK3/ps3dev/portlibs/ppu/lib\libfreetype.a(ftbase.o)
                0x000000000001ff60                .FT_Get_SubGlyph_Info
 .text.FT_Outline_Decompose
                0x00000000000200e8      0x978 f:/PSDK3/ps3dev/portlibs/ppu/lib\libfreetype.a(ftbase.o)
                0x00000000000200e8                .FT_Outline_Decompose
 .text.FT_Outline_New_Internal
                0x0000000000020a60      0x220 f:/PSDK3/ps3dev/portlibs/ppu/lib\libfreetype.a(ftbase.o)
                0x0000000000020a60                .FT_Outline_New_Internal
 .text.FT_Outline_New
                0x0000000000020c80       0x98 f:/PSDK3/ps3dev/portlibs/ppu/lib\libfreetype.a(ftbase.o)
                0x0000000000020c80                .FT_Outline_New
 .text.FT_Outline_Check
                0x0000000000020d18      0x14c f:/PSDK3/ps3dev/portlibs/ppu/lib\libfreetype.a(ftbase.o)
                0x0000000000020d18                .FT_Outline_Check
 .text.FT_Outline_Copy
                0x0000000000020e64      0x208 f:/PSDK3/ps3dev/portlibs/ppu/lib\libfreetype.a(ftbase.o)
                0x0000000000020e64                .FT_Outline_Copy
 .text.FT_Outline_Done_Internal
                0x000000000002106c      0x140 f:/PSDK3/ps3dev/portlibs/ppu/lib\libfreetype.a(ftbase.o)
                0x000000000002106c                .FT_Outline_Done_Internal
 .text.FT_Outline_Done
                0x00000000000211ac       0x70 f:/PSDK3/ps3dev/portlibs/ppu/lib\libfreetype.a(ftbase.o)
                0x00000000000211ac                .FT_Outline_Done
 .text.FT_Outline_Get_CBox
                0x000000000002121c      0x1cc f:/PSDK3/ps3dev/portlibs/ppu/lib\libfreetype.a(ftbase.o)
                0x000000000002121c                .FT_Outline_Get_CBox
 .text.FT_Outline_Translate
                0x00000000000213e8       0xdc f:/PSDK3/ps3dev/portlibs/ppu/lib\libfreetype.a(ftbase.o)
                0x00000000000213e8                .FT_Outline_Translate
 .text.FT_Outline_Reverse
                0x00000000000214c4      0x240 f:/PSDK3/ps3dev/portlibs/ppu/lib\libfreetype.a(ftbase.o)
                0x00000000000214c4                .FT_Outline_Reverse
 .text.FT_Outline_Render
                0x0000000000021704      0x19c f:/PSDK3/ps3dev/portlibs/ppu/lib\libfreetype.a(ftbase.o)
                0x0000000000021704                .FT_Outline_Render
 .text.FT_Outline_Get_Bitmap
                0x00000000000218a0       0xdc f:/PSDK3/ps3dev/portlibs/ppu/lib\libfreetype.a(ftbase.o)
                0x00000000000218a0                .FT_Outline_Get_Bitmap
 .text.FT_Vector_Transform
                0x000000000002197c      0x13c f:/PSDK3/ps3dev/portlibs/ppu/lib\libfreetype.a(ftbase.o)
                0x000000000002197c                .FT_Vector_Transform
 .text.FT_Outline_Transform
                0x0000000000021ab8       0xc0 f:/PSDK3/ps3dev/portlibs/ppu/lib\libfreetype.a(ftbase.o)
                0x0000000000021ab8                .FT_Outline_Transform
 .text.FT_Outline_Embolden
                0x0000000000021b78      0x42c f:/PSDK3/ps3dev/portlibs/ppu/lib\libfreetype.a(ftbase.o)
                0x0000000000021b78                .FT_Outline_Embolden
 .text.FT_Outline_Get_Orientation
                0x0000000000021fa4      0x7ac f:/PSDK3/ps3dev/portlibs/ppu/lib\libfreetype.a(ftbase.o)
                0x0000000000021fa4                .FT_Outline_Get_Orientation
 .text.FT_Raccess_Get_HeaderInfo
                0x0000000000022750      0x440 f:/PSDK3/ps3dev/portlibs/ppu/lib\libfreetype.a(ftbase.o)
                0x0000000000022750                .FT_Raccess_Get_HeaderInfo
 .text.ft_raccess_sort_ref_by_id
                0x0000000000022b90       0x94 f:/PSDK3/ps3dev/portlibs/ppu/lib\libfreetype.a(ftbase.o)
 .text.FT_Raccess_Get_DataOffsets
                0x0000000000022c24      0x49c f:/PSDK3/ps3dev/portlibs/ppu/lib\libfreetype.a(ftbase.o)
                0x0000000000022c24                .FT_Raccess_Get_DataOffsets
 .text.FT_Raccess_Guess
                0x00000000000230c0      0x1c4 f:/PSDK3/ps3dev/portlibs/ppu/lib\libfreetype.a(ftbase.o)
                0x00000000000230c0                .FT_Raccess_Guess
 .text.raccess_guess_apple_double
                0x0000000000023284       0xa0 f:/PSDK3/ps3dev/portlibs/ppu/lib\libfreetype.a(ftbase.o)
 .text.raccess_guess_apple_single
                0x0000000000023324       0xa0 f:/PSDK3/ps3dev/portlibs/ppu/lib\libfreetype.a(ftbase.o)
 .text.raccess_guess_darwin_ufs_export
                0x00000000000233c4       0xd8 f:/PSDK3/ps3dev/portlibs/ppu/lib\libfreetype.a(ftbase.o)
 .text.raccess_guess_darwin_hfsplus
                0x000000000002349c      0x12c f:/PSDK3/ps3dev/portlibs/ppu/lib\libfreetype.a(ftbase.o)
 .text.raccess_guess_darwin_newvfs
                0x00000000000235c8      0x12c f:/PSDK3/ps3dev/portlibs/ppu/lib\libfreetype.a(ftbase.o)
 .text.raccess_guess_vfat
                0x00000000000236f4       0xa8 f:/PSDK3/ps3dev/portlibs/ppu/lib\libfreetype.a(ftbase.o)
 .text.raccess_guess_linux_cap
                0x000000000002379c       0xa8 f:/PSDK3/ps3dev/portlibs/ppu/lib\libfreetype.a(ftbase.o)
 .text.raccess_guess_linux_double
                0x0000000000023844       0xd8 f:/PSDK3/ps3dev/portlibs/ppu/lib\libfreetype.a(ftbase.o)
 .text.raccess_guess_linux_netatalk
                0x000000000002391c       0xd8 f:/PSDK3/ps3dev/portlibs/ppu/lib\libfreetype.a(ftbase.o)
 .text.raccess_guess_apple_generic
                0x00000000000239f4      0x284 f:/PSDK3/ps3dev/portlibs/ppu/lib\libfreetype.a(ftbase.o)
 .text.raccess_guess_linux_double_from_file_name
                0x0000000000023c78       0xd4 f:/PSDK3/ps3dev/portlibs/ppu/lib\libfreetype.a(ftbase.o)
 .text.raccess_make_file_name
                0x0000000000023d4c      0x184 f:/PSDK3/ps3dev/portlibs/ppu/lib\libfreetype.a(ftbase.o)
 .text.FT_Get_Sfnt_Name_Count
                0x0000000000023ed0       0x68 f:/PSDK3/ps3dev/portlibs/ppu/lib\libfreetype.a(ftbase.o)
                0x0000000000023ed0                .FT_Get_Sfnt_Name_Count
 .text.FT_Get_Sfnt_Name
                0x0000000000023f38      0x2cc f:/PSDK3/ps3dev/portlibs/ppu/lib\libfreetype.a(ftbase.o)
                0x0000000000023f38                .FT_Get_Sfnt_Name
 .text.FT_Stream_OpenMemory
                0x0000000000024204       0x90 f:/PSDK3/ps3dev/portlibs/ppu/lib\libfreetype.a(ftbase.o)
                0x0000000000024204                .FT_Stream_OpenMemory
 .text.FT_Stream_Close
                0x0000000000024294       0x90 f:/PSDK3/ps3dev/portlibs/ppu/lib\libfreetype.a(ftbase.o)
                0x0000000000024294                .FT_Stream_Close
 .text.FT_Stream_Seek
                0x0000000000024324       0xfc f:/PSDK3/ps3dev/portlibs/ppu/lib\libfreetype.a(ftbase.o)
                0x0000000000024324                .FT_Stream_Seek
 .text.FT_Stream_Skip
                0x0000000000024420       0x78 f:/PSDK3/ps3dev/portlibs/ppu/lib\libfreetype.a(ftbase.o)
                0x0000000000024420                .FT_Stream_Skip
 .text.FT_Stream_Pos
                0x0000000000024498       0x38 f:/PSDK3/ps3dev/portlibs/ppu/lib\libfreetype.a(ftbase.o)
                0x0000000000024498                .FT_Stream_Pos
 .text.FT_Stream_Read
                0x00000000000244d0       0x68 f:/PSDK3/ps3dev/portlibs/ppu/lib\libfreetype.a(ftbase.o)
                0x00000000000244d0                .FT_Stream_Read
 .text.FT_Stream_ReadAt
                0x0000000000024538      0x160 f:/PSDK3/ps3dev/portlibs/ppu/lib\libfreetype.a(ftbase.o)
                0x0000000000024538                .FT_Stream_ReadAt
 .text.FT_Stream_TryRead
                0x0000000000024698      0x168 f:/PSDK3/ps3dev/portlibs/ppu/lib\libfreetype.a(ftbase.o)
                0x0000000000024698                .FT_Stream_TryRead
 .text.FT_Stream_ExtractFrame
                0x0000000000024800       0xa4 f:/PSDK3/ps3dev/portlibs/ppu/lib\libfreetype.a(ftbase.o)
                0x0000000000024800                .FT_Stream_ExtractFrame
 .text.FT_Stream_ReleaseFrame
                0x00000000000248a4       0xa4 f:/PSDK3/ps3dev/portlibs/ppu/lib\libfreetype.a(ftbase.o)
                0x00000000000248a4                .FT_Stream_ReleaseFrame
 .text.FT_Stream_EnterFrame
                0x0000000000024948      0x28c f:/PSDK3/ps3dev/portlibs/ppu/lib\libfreetype.a(ftbase.o)
                0x0000000000024948                .FT_Stream_EnterFrame
 .text.FT_Stream_ExitFrame
                0x0000000000024bd4       0xa4 f:/PSDK3/ps3dev/portlibs/ppu/lib\libfreetype.a(ftbase.o)
                0x0000000000024bd4                .FT_Stream_ExitFrame
 .text.FT_Stream_GetChar
                0x0000000000024c78       0x88 f:/PSDK3/ps3dev/portlibs/ppu/lib\libfreetype.a(ftbase.o)
                0x0000000000024c78                .FT_Stream_GetChar
 .text.FT_Stream_GetShort
                0x0000000000024d00       0xc4 f:/PSDK3/ps3dev/portlibs/ppu/lib\libfreetype.a(ftbase.o)
                0x0000000000024d00                .FT_Stream_GetShort
 .text.FT_Stream_GetShortLE
                0x0000000000024dc4       0xc4 f:/PSDK3/ps3dev/portlibs/ppu/lib\libfreetype.a(ftbase.o)
                0x0000000000024dc4                .FT_Stream_GetShortLE
 .text.FT_Stream_GetOffset
                0x0000000000024e88       0xe8 f:/PSDK3/ps3dev/portlibs/ppu/lib\libfreetype.a(ftbase.o)
                0x0000000000024e88                .FT_Stream_GetOffset
 .text.FT_Stream_GetLong
                0x0000000000024f70      0x110 f:/PSDK3/ps3dev/portlibs/ppu/lib\libfreetype.a(ftbase.o)
                0x0000000000024f70                .FT_Stream_GetLong
 .text.FT_Stream_GetLongLE
                0x0000000000025080      0x110 f:/PSDK3/ps3dev/portlibs/ppu/lib\libfreetype.a(ftbase.o)
                0x0000000000025080                .FT_Stream_GetLongLE
 .text.FT_Stream_ReadChar
                0x0000000000025190      0x15c f:/PSDK3/ps3dev/portlibs/ppu/lib\libfreetype.a(ftbase.o)
                0x0000000000025190                .FT_Stream_ReadChar
 .text.FT_Stream_ReadShort
                0x00000000000252ec      0x1c0 f:/PSDK3/ps3dev/portlibs/ppu/lib\libfreetype.a(ftbase.o)
                0x00000000000252ec                .FT_Stream_ReadShort
 .text.FT_Stream_ReadShortLE
                0x00000000000254ac      0x1c0 f:/PSDK3/ps3dev/portlibs/ppu/lib\libfreetype.a(ftbase.o)
                0x00000000000254ac                .FT_Stream_ReadShortLE
 .text.FT_Stream_ReadOffset
                0x000000000002566c      0x1e4 f:/PSDK3/ps3dev/portlibs/ppu/lib\libfreetype.a(ftbase.o)
                0x000000000002566c                .FT_Stream_ReadOffset
 .text.FT_Stream_ReadLong
                0x0000000000025850      0x20c f:/PSDK3/ps3dev/portlibs/ppu/lib\libfreetype.a(ftbase.o)
                0x0000000000025850                .FT_Stream_ReadLong
 .text.FT_Stream_ReadLongLE
                0x0000000000025a5c      0x20c f:/PSDK3/ps3dev/portlibs/ppu/lib\libfreetype.a(ftbase.o)
                0x0000000000025a5c                .FT_Stream_ReadLongLE
 .text.FT_Stream_ReadFields
                0x0000000000025c68      0x688 f:/PSDK3/ps3dev/portlibs/ppu/lib\libfreetype.a(ftbase.o)
                0x0000000000025c68                .FT_Stream_ReadFields
 .text.ft_trig_downscale
                0x00000000000262f0      0x154 f:/PSDK3/ps3dev/portlibs/ppu/lib\libfreetype.a(ftbase.o)
 .text.ft_trig_prenorm
                0x0000000000026444      0x1d4 f:/PSDK3/ps3dev/portlibs/ppu/lib\libfreetype.a(ftbase.o)
 .text.ft_trig_pseudo_rotate
                0x0000000000026618      0x290 f:/PSDK3/ps3dev/portlibs/ppu/lib\libfreetype.a(ftbase.o)
 .text.ft_trig_pseudo_polarize
                0x00000000000268a8      0x2a0 f:/PSDK3/ps3dev/portlibs/ppu/lib\libfreetype.a(ftbase.o)
 .text.FT_Cos   0x0000000000026b48       0x6c f:/PSDK3/ps3dev/portlibs/ppu/lib\libfreetype.a(ftbase.o)
                0x0000000000026b48                .FT_Cos
 .text.FT_Sin   0x0000000000026bb4       0x54 f:/PSDK3/ps3dev/portlibs/ppu/lib\libfreetype.a(ftbase.o)
                0x0000000000026bb4                .FT_Sin
 .text.FT_Tan   0x0000000000026c08       0x78 f:/PSDK3/ps3dev/portlibs/ppu/lib\libfreetype.a(ftbase.o)
                0x0000000000026c08                .FT_Tan
 .text.FT_Atan2
                0x0000000000026c80       0x8c f:/PSDK3/ps3dev/portlibs/ppu/lib\libfreetype.a(ftbase.o)
                0x0000000000026c80                .FT_Atan2
 .text.FT_Vector_Unit
                0x0000000000026d0c       0xa0 f:/PSDK3/ps3dev/portlibs/ppu/lib\libfreetype.a(ftbase.o)
                0x0000000000026d0c                .FT_Vector_Unit
 .text.FT_Vector_Rotate
                0x0000000000026dac      0x190 f:/PSDK3/ps3dev/portlibs/ppu/lib\libfreetype.a(ftbase.o)
                0x0000000000026dac                .FT_Vector_Rotate
 .text.FT_Vector_Length
                0x0000000000026f3c      0x11c f:/PSDK3/ps3dev/portlibs/ppu/lib\libfreetype.a(ftbase.o)
                0x0000000000026f3c                .FT_Vector_Length
 .text.FT_Vector_Polarize
                0x0000000000027058       0xfc f:/PSDK3/ps3dev/portlibs/ppu/lib\libfreetype.a(ftbase.o)
                0x0000000000027058                .FT_Vector_Polarize
 .text.FT_Vector_From_Polar
                0x0000000000027154       0x6c f:/PSDK3/ps3dev/portlibs/ppu/lib\libfreetype.a(ftbase.o)
                0x0000000000027154                .FT_Vector_From_Polar
 .text.FT_Angle_Diff
                0x00000000000271c0       0xbc f:/PSDK3/ps3dev/portlibs/ppu/lib\libfreetype.a(ftbase.o)
                0x00000000000271c0                .FT_Angle_Diff
 .text.ft_mem_alloc
                0x000000000002727c       0xa8 f:/PSDK3/ps3dev/portlibs/ppu/lib\libfreetype.a(ftbase.o)
                0x000000000002727c                .ft_mem_alloc
 .text.ft_mem_qalloc
                0x0000000000027324       0xe0 f:/PSDK3/ps3dev/portlibs/ppu/lib\libfreetype.a(ftbase.o)
                0x0000000000027324                .ft_mem_qalloc
 .text.ft_mem_realloc
                0x0000000000027404       0xf0 f:/PSDK3/ps3dev/portlibs/ppu/lib\libfreetype.a(ftbase.o)
                0x0000000000027404                .ft_mem_realloc
 .text.ft_mem_qrealloc
                0x00000000000274f4      0x1b4 f:/PSDK3/ps3dev/portlibs/ppu/lib\libfreetype.a(ftbase.o)
                0x00000000000274f4                .ft_mem_qrealloc
 .text.ft_mem_free
                0x00000000000276a8       0x84 f:/PSDK3/ps3dev/portlibs/ppu/lib\libfreetype.a(ftbase.o)
                0x00000000000276a8                .ft_mem_free
 .text.ft_mem_dup
                0x000000000002772c       0xac f:/PSDK3/ps3dev/portlibs/ppu/lib\libfreetype.a(ftbase.o)
                0x000000000002772c                .ft_mem_dup
 .text.ft_mem_strdup
                0x00000000000277d8       0x88 f:/PSDK3/ps3dev/portlibs/ppu/lib\libfreetype.a(ftbase.o)
                0x00000000000277d8                .ft_mem_strdup
 .text.ft_mem_strcpyn
                0x0000000000027860       0xc8 f:/PSDK3/ps3dev/portlibs/ppu/lib\libfreetype.a(ftbase.o)
                0x0000000000027860                .ft_mem_strcpyn
 .text.FT_List_Find
                0x0000000000027928       0x84 f:/PSDK3/ps3dev/portlibs/ppu/lib\libfreetype.a(ftbase.o)
                0x0000000000027928                .FT_List_Find
 .text.FT_List_Add
                0x00000000000279ac       0x9c f:/PSDK3/ps3dev/portlibs/ppu/lib\libfreetype.a(ftbase.o)
                0x00000000000279ac                .FT_List_Add
 .text.FT_List_Insert
                0x0000000000027a48       0x9c f:/PSDK3/ps3dev/portlibs/ppu/lib\libfreetype.a(ftbase.o)
                0x0000000000027a48                .FT_List_Insert
 .text.FT_List_Remove
                0x0000000000027ae4       0xac f:/PSDK3/ps3dev/portlibs/ppu/lib\libfreetype.a(ftbase.o)
                0x0000000000027ae4                .FT_List_Remove
 .text.FT_List_Up
                0x0000000000027b90       0xf0 f:/PSDK3/ps3dev/portlibs/ppu/lib\libfreetype.a(ftbase.o)
                0x0000000000027b90                .FT_List_Up
 .text.FT_List_Iterate
                0x0000000000027c80       0xdc f:/PSDK3/ps3dev/portlibs/ppu/lib\libfreetype.a(ftbase.o)
                0x0000000000027c80                .FT_List_Iterate
 .text.FT_List_Finalize
                0x0000000000027d5c      0x104 f:/PSDK3/ps3dev/portlibs/ppu/lib\libfreetype.a(ftbase.o)
                0x0000000000027d5c                .FT_List_Finalize
 .text.ft_highpow2
                0x0000000000027e60       0x68 f:/PSDK3/ps3dev/portlibs/ppu/lib\libfreetype.a(ftbase.o)
                0x0000000000027e60                .ft_highpow2
 .text.FT_Alloc
                0x0000000000027ec8       0x70 f:/PSDK3/ps3dev/portlibs/ppu/lib\libfreetype.a(ftbase.o)
                0x0000000000027ec8                .FT_Alloc
 .text.FT_QAlloc
                0x0000000000027f38       0x70 f:/PSDK3/ps3dev/portlibs/ppu/lib\libfreetype.a(ftbase.o)
                0x0000000000027f38                .FT_QAlloc
 .text.FT_Realloc
                0x0000000000027fa8       0x8c f:/PSDK3/ps3dev/portlibs/ppu/lib\libfreetype.a(ftbase.o)
                0x0000000000027fa8                .FT_Realloc
 .text.FT_QRealloc
                0x0000000000028034       0x8c f:/PSDK3/ps3dev/portlibs/ppu/lib\libfreetype.a(ftbase.o)
                0x0000000000028034                .FT_QRealloc
 .text.FT_Free  0x00000000000280c0       0x78 f:/PSDK3/ps3dev/portlibs/ppu/lib\libfreetype.a(ftbase.o)
                0x00000000000280c0                .FT_Free
 .text          0x0000000000028138        0x0 f:/PSDK3/ps3dev/portlibs/ppu/lib\libfreetype.a(truetype.o)
 .text.tt_get_kerning
                0x0000000000028138       0xfc f:/PSDK3/ps3dev/portlibs/ppu/lib\libfreetype.a(truetype.o)
 .text.tt_get_advances
                0x0000000000028234      0x1a0 f:/PSDK3/ps3dev/portlibs/ppu/lib\libfreetype.a(truetype.o)
 .text.tt_size_select
                0x00000000000283d4      0x14c f:/PSDK3/ps3dev/portlibs/ppu/lib\libfreetype.a(truetype.o)
 .text.tt_size_request
                0x0000000000028520      0x174 f:/PSDK3/ps3dev/portlibs/ppu/lib\libfreetype.a(truetype.o)
 .text.Load_Glyph
                0x0000000000028694      0x1c8 f:/PSDK3/ps3dev/portlibs/ppu/lib\libfreetype.a(truetype.o)
 .text.tt_get_interface
                0x000000000002885c      0x114 f:/PSDK3/ps3dev/portlibs/ppu/lib\libfreetype.a(truetype.o)
 .text.tt_face_load_loca
                0x0000000000028970      0x338 f:/PSDK3/ps3dev/portlibs/ppu/lib\libfreetype.a(truetype.o)
 .text.tt_face_get_location
                0x0000000000028ca8      0x3e8 f:/PSDK3/ps3dev/portlibs/ppu/lib\libfreetype.a(truetype.o)
 .text.tt_face_done_loca
                0x0000000000029090       0x70 f:/PSDK3/ps3dev/portlibs/ppu/lib\libfreetype.a(truetype.o)
 .text.tt_face_load_cvt
                0x0000000000029100      0x240 f:/PSDK3/ps3dev/portlibs/ppu/lib\libfreetype.a(truetype.o)
 .text.tt_face_load_fpgm
                0x0000000000029340      0x10c f:/PSDK3/ps3dev/portlibs/ppu/lib\libfreetype.a(truetype.o)
 .text.tt_face_load_prep
                0x000000000002944c      0x10c f:/PSDK3/ps3dev/portlibs/ppu/lib\libfreetype.a(truetype.o)
 .text.tt_face_load_hdmx
                0x0000000000029558      0x3fc f:/PSDK3/ps3dev/portlibs/ppu/lib\libfreetype.a(truetype.o)
 .text.tt_face_free_hdmx
                0x0000000000029954       0x9c f:/PSDK3/ps3dev/portlibs/ppu/lib\libfreetype.a(truetype.o)
 .text.tt_face_get_device_metrics
                0x00000000000299f0      0x124 f:/PSDK3/ps3dev/portlibs/ppu/lib\libfreetype.a(truetype.o)
 .text.TT_Get_HMetrics
                0x0000000000029b14       0xe8 f:/PSDK3/ps3dev/portlibs/ppu/lib\libfreetype.a(truetype.o)
 .text.TT_Get_VMetrics
                0x0000000000029bfc       0xf0 f:/PSDK3/ps3dev/portlibs/ppu/lib\libfreetype.a(truetype.o)
 .text.tt_get_metrics
                0x0000000000029cec      0x1a0 f:/PSDK3/ps3dev/portlibs/ppu/lib\libfreetype.a(truetype.o)
 .text.tt_get_metrics_incr_overrides
                0x0000000000029e8c      0x234 f:/PSDK3/ps3dev/portlibs/ppu/lib\libfreetype.a(truetype.o)
 .text.translate_array
                0x000000000002a0c0      0x118 f:/PSDK3/ps3dev/portlibs/ppu/lib\libfreetype.a(truetype.o)
 .text.TT_Access_Glyph_Frame
                0x000000000002a1d8       0xf0 f:/PSDK3/ps3dev/portlibs/ppu/lib\libfreetype.a(truetype.o)
 .text.TT_Forget_Glyph_Frame
                0x000000000002a2c8       0x54 f:/PSDK3/ps3dev/portlibs/ppu/lib\libfreetype.a(truetype.o)
 .text.TT_Load_Glyph_Header
                0x000000000002a31c      0x244 f:/PSDK3/ps3dev/portlibs/ppu/lib\libfreetype.a(truetype.o)
 .text.TT_Load_Simple_Glyph
                0x000000000002a560      0xaf8 f:/PSDK3/ps3dev/portlibs/ppu/lib\libfreetype.a(truetype.o)
 .text.TT_Load_Composite_Glyph
                0x000000000002b058      0x7e8 f:/PSDK3/ps3dev/portlibs/ppu/lib\libfreetype.a(truetype.o)
 .text.TT_Init_Glyph_Loading
                0x000000000002b840       0x78 f:/PSDK3/ps3dev/portlibs/ppu/lib\libfreetype.a(truetype.o)
 .text.tt_prepare_zone
                0x000000000002b8b8      0x17c f:/PSDK3/ps3dev/portlibs/ppu/lib\libfreetype.a(truetype.o)
 .text.TT_Hint_Glyph
                0x000000000002ba34      0x654 f:/PSDK3/ps3dev/portlibs/ppu/lib\libfreetype.a(truetype.o)
 .text.TT_Process_Simple_Glyph
                0x000000000002c088      0x65c f:/PSDK3/ps3dev/portlibs/ppu/lib\libfreetype.a(truetype.o)
 .text.TT_Process_Composite_Component
                0x000000000002c6e4      0x4cc f:/PSDK3/ps3dev/portlibs/ppu/lib\libfreetype.a(truetype.o)
 .text.TT_Process_Composite_Glyph
                0x000000000002cbb0      0x638 f:/PSDK3/ps3dev/portlibs/ppu/lib\libfreetype.a(truetype.o)
 .text.load_truetype_glyph
                0x000000000002d1e8     0x1404 f:/PSDK3/ps3dev/portlibs/ppu/lib\libfreetype.a(truetype.o)
 .text.compute_glyph_metrics
                0x000000000002e5ec      0x5a0 f:/PSDK3/ps3dev/portlibs/ppu/lib\libfreetype.a(truetype.o)
 .text.load_sbit_image
                0x000000000002eb8c      0x280 f:/PSDK3/ps3dev/portlibs/ppu/lib\libfreetype.a(truetype.o)
 .text.tt_loader_init
                0x000000000002ee0c      0x498 f:/PSDK3/ps3dev/portlibs/ppu/lib\libfreetype.a(truetype.o)
 .text.TT_Load_Glyph
                0x000000000002f2a4      0x570 f:/PSDK3/ps3dev/portlibs/ppu/lib\libfreetype.a(truetype.o)
 .text.tt_glyphzone_done
                0x000000000002f814      0x18c f:/PSDK3/ps3dev/portlibs/ppu/lib\libfreetype.a(truetype.o)
 .text.tt_glyphzone_new
                0x000000000002f9a0      0x23c f:/PSDK3/ps3dev/portlibs/ppu/lib\libfreetype.a(truetype.o)
 .text.tt_check_trickyness
                0x000000000002fbdc       0xb8 f:/PSDK3/ps3dev/portlibs/ppu/lib\libfreetype.a(truetype.o)
 .text.tt_face_init
                0x000000000002fc94      0x36c f:/PSDK3/ps3dev/portlibs/ppu/lib\libfreetype.a(truetype.o)
 .text.tt_face_done
                0x0000000000030000      0x1e0 f:/PSDK3/ps3dev/portlibs/ppu/lib\libfreetype.a(truetype.o)
 .text.tt_size_run_fpgm
                0x00000000000301e0      0x294 f:/PSDK3/ps3dev/portlibs/ppu/lib\libfreetype.a(truetype.o)
 .text.tt_size_run_prep
                0x0000000000030474      0x1f4 f:/PSDK3/ps3dev/portlibs/ppu/lib\libfreetype.a(truetype.o)
 .text.tt_size_done_bytecode
                0x0000000000030668      0x1f8 f:/PSDK3/ps3dev/portlibs/ppu/lib\libfreetype.a(truetype.o)
 .text.tt_size_init_bytecode
                0x0000000000030860      0x448 f:/PSDK3/ps3dev/portlibs/ppu/lib\libfreetype.a(truetype.o)
 .text.tt_size_ready_bytecode
                0x0000000000030ca8      0x2e0 f:/PSDK3/ps3dev/portlibs/ppu/lib\libfreetype.a(truetype.o)
 .text.tt_size_init
                0x0000000000030f88       0x84 f:/PSDK3/ps3dev/portlibs/ppu/lib\libfreetype.a(truetype.o)
 .text.tt_size_done
                0x000000000003100c       0x70 f:/PSDK3/ps3dev/portlibs/ppu/lib\libfreetype.a(truetype.o)
 .text.tt_size_reset
                0x000000000003107c      0x460 f:/PSDK3/ps3dev/portlibs/ppu/lib\libfreetype.a(truetype.o)
 .text.tt_driver_init
                0x00000000000314dc       0x64 f:/PSDK3/ps3dev/portlibs/ppu/lib\libfreetype.a(truetype.o)
 .text.tt_driver_done
                0x0000000000031540       0x78 f:/PSDK3/ps3dev/portlibs/ppu/lib\libfreetype.a(truetype.o)
 .text.tt_slot_init
                0x00000000000315b8       0x60 f:/PSDK3/ps3dev/portlibs/ppu/lib\libfreetype.a(truetype.o)
 .text.TT_Goto_CodeRange
                0x0000000000031618       0xb0 f:/PSDK3/ps3dev/portlibs/ppu/lib\libfreetype.a(truetype.o)
 .text.TT_Set_CodeRange
                0x00000000000316c8       0x94 f:/PSDK3/ps3dev/portlibs/ppu/lib\libfreetype.a(truetype.o)
 .text.TT_Clear_CodeRange
                0x000000000003175c       0x8c f:/PSDK3/ps3dev/portlibs/ppu/lib\libfreetype.a(truetype.o)
 .text.TT_Done_Context
                0x00000000000317e8      0x16c f:/PSDK3/ps3dev/portlibs/ppu/lib\libfreetype.a(truetype.o)
 .text.Init_Context
                0x0000000000031954      0x154 f:/PSDK3/ps3dev/portlibs/ppu/lib\libfreetype.a(truetype.o)
 .text.Update_Max
                0x0000000000031aa8      0x104 f:/PSDK3/ps3dev/portlibs/ppu/lib\libfreetype.a(truetype.o)
 .text.TT_Load_Context
                0x0000000000031bac      0x5c0 f:/PSDK3/ps3dev/portlibs/ppu/lib\libfreetype.a(truetype.o)
 .text.TT_Save_Context
                0x000000000003216c      0x10c f:/PSDK3/ps3dev/portlibs/ppu/lib\libfreetype.a(truetype.o)
 .text.TT_Run_Context
                0x0000000000032278      0x2a8 f:/PSDK3/ps3dev/portlibs/ppu/lib\libfreetype.a(truetype.o)
 .text.TT_New_Context
                0x0000000000032520       0xf4 f:/PSDK3/ps3dev/portlibs/ppu/lib\libfreetype.a(truetype.o)
                0x0000000000032520                .TT_New_Context
 .text.TT_MulFix14
                0x0000000000032614      0x154 f:/PSDK3/ps3dev/portlibs/ppu/lib\libfreetype.a(truetype.o)
 .text.TT_DotFix14
                0x0000000000032768      0x268 f:/PSDK3/ps3dev/portlibs/ppu/lib\libfreetype.a(truetype.o)
 .text.TT_VecLen
                0x00000000000329d0       0x64 f:/PSDK3/ps3dev/portlibs/ppu/lib\libfreetype.a(truetype.o)
 .text.Current_Ratio
                0x0000000000032a34      0x150 f:/PSDK3/ps3dev/portlibs/ppu/lib\libfreetype.a(truetype.o)
 .text.Current_Ppem
                0x0000000000032b84       0x78 f:/PSDK3/ps3dev/portlibs/ppu/lib\libfreetype.a(truetype.o)
 .text.Read_CVT
                0x0000000000032bfc       0x50 f:/PSDK3/ps3dev/portlibs/ppu/lib\libfreetype.a(truetype.o)
 .text.Read_CVT_Stretched
                0x0000000000032c4c       0x88 f:/PSDK3/ps3dev/portlibs/ppu/lib\libfreetype.a(truetype.o)
 .text.Write_CVT
                0x0000000000032cd4       0x54 f:/PSDK3/ps3dev/portlibs/ppu/lib\libfreetype.a(truetype.o)
 .text.Write_CVT_Stretched
                0x0000000000032d28       0x84 f:/PSDK3/ps3dev/portlibs/ppu/lib\libfreetype.a(truetype.o)
 .text.Move_CVT
                0x0000000000032dac       0x70 f:/PSDK3/ps3dev/portlibs/ppu/lib\libfreetype.a(truetype.o)
 .text.Move_CVT_Stretched
                0x0000000000032e1c       0xb0 f:/PSDK3/ps3dev/portlibs/ppu/lib\libfreetype.a(truetype.o)
 .text.GetShortIns
                0x0000000000032ecc       0xb4 f:/PSDK3/ps3dev/portlibs/ppu/lib\libfreetype.a(truetype.o)
 .text.Ins_Goto_CodeRange
                0x0000000000032f80      0x13c f:/PSDK3/ps3dev/portlibs/ppu/lib\libfreetype.a(truetype.o)
 .text.Direct_Move
                0x00000000000330bc      0x208 f:/PSDK3/ps3dev/portlibs/ppu/lib\libfreetype.a(truetype.o)
 .text.Direct_Move_Orig
                0x00000000000332c4      0x180 f:/PSDK3/ps3dev/portlibs/ppu/lib\libfreetype.a(truetype.o)
 .text.Direct_Move_X
                0x0000000000033444       0xc4 f:/PSDK3/ps3dev/portlibs/ppu/lib\libfreetype.a(truetype.o)
 .text.Direct_Move_Y
                0x0000000000033508       0xc4 f:/PSDK3/ps3dev/portlibs/ppu/lib\libfreetype.a(truetype.o)
 .text.Direct_Move_Orig_X
                0x00000000000335cc       0x80 f:/PSDK3/ps3dev/portlibs/ppu/lib\libfreetype.a(truetype.o)
 .text.Direct_Move_Orig_Y
                0x000000000003364c       0x80 f:/PSDK3/ps3dev/portlibs/ppu/lib\libfreetype.a(truetype.o)
 .text.Round_None
                0x00000000000336cc       0x9c f:/PSDK3/ps3dev/portlibs/ppu/lib\libfreetype.a(truetype.o)
 .text.Round_To_Grid
                0x0000000000033768       0xbc f:/PSDK3/ps3dev/portlibs/ppu/lib\libfreetype.a(truetype.o)
 .text.Round_To_Half_Grid
                0x0000000000033824       0xac f:/PSDK3/ps3dev/portlibs/ppu/lib\libfreetype.a(truetype.o)
 .text.Round_Down_To_Grid
                0x00000000000338d0       0xb4 f:/PSDK3/ps3dev/portlibs/ppu/lib\libfreetype.a(truetype.o)
 .text.Round_Up_To_Grid
                0x0000000000033984       0xbc f:/PSDK3/ps3dev/portlibs/ppu/lib\libfreetype.a(truetype.o)
 .text.Round_To_Double_Grid
                0x0000000000033a40       0xbc f:/PSDK3/ps3dev/portlibs/ppu/lib\libfreetype.a(truetype.o)
 .text.Round_Super
                0x0000000000033afc      0x138 f:/PSDK3/ps3dev/portlibs/ppu/lib\libfreetype.a(truetype.o)
 .text.Round_Super_45
                0x0000000000033c34      0x150 f:/PSDK3/ps3dev/portlibs/ppu/lib\libfreetype.a(truetype.o)
 .text.Compute_Round
                0x0000000000033d84      0x130 f:/PSDK3/ps3dev/portlibs/ppu/lib\libfreetype.a(truetype.o)
 .text.SetSuperRound
                0x0000000000033eb4      0x268 f:/PSDK3/ps3dev/portlibs/ppu/lib\libfreetype.a(truetype.o)
 .text.Project  0x000000000003411c       0x90 f:/PSDK3/ps3dev/portlibs/ppu/lib\libfreetype.a(truetype.o)
 .text.Dual_Project
                0x00000000000341ac       0x90 f:/PSDK3/ps3dev/portlibs/ppu/lib\libfreetype.a(truetype.o)
 .text.Project_x
                0x000000000003423c       0x38 f:/PSDK3/ps3dev/portlibs/ppu/lib\libfreetype.a(truetype.o)
 .text.Project_y
                0x0000000000034274       0x38 f:/PSDK3/ps3dev/portlibs/ppu/lib\libfreetype.a(truetype.o)
 .text.Compute_Funcs
                0x00000000000342ac      0x2d8 f:/PSDK3/ps3dev/portlibs/ppu/lib\libfreetype.a(truetype.o)
 .text.Normalize
                0x0000000000034584      0x310 f:/PSDK3/ps3dev/portlibs/ppu/lib\libfreetype.a(truetype.o)
 .text.Ins_SxVTL
                0x0000000000034894      0x194 f:/PSDK3/ps3dev/portlibs/ppu/lib\libfreetype.a(truetype.o)
 .text.Ins_MINDEX
                0x0000000000034a28      0x15c f:/PSDK3/ps3dev/portlibs/ppu/lib\libfreetype.a(truetype.o)
 .text.Ins_ROLL
                0x0000000000034b84       0x9c f:/PSDK3/ps3dev/portlibs/ppu/lib\libfreetype.a(truetype.o)
 .text.SkipCode
                0x0000000000034c20      0x1c8 f:/PSDK3/ps3dev/portlibs/ppu/lib\libfreetype.a(truetype.o)
 .text.Ins_IF   0x0000000000034de8      0x110 f:/PSDK3/ps3dev/portlibs/ppu/lib\libfreetype.a(truetype.o)
 .text.Ins_ELSE
                0x0000000000034ef8       0xb4 f:/PSDK3/ps3dev/portlibs/ppu/lib\libfreetype.a(truetype.o)
 .text.Ins_FDEF
                0x0000000000034fac      0x260 f:/PSDK3/ps3dev/portlibs/ppu/lib\libfreetype.a(truetype.o)
 .text.Ins_ENDF
                0x000000000003520c      0x160 f:/PSDK3/ps3dev/portlibs/ppu/lib\libfreetype.a(truetype.o)
 .text.Ins_CALL
                0x000000000003536c      0x2d4 f:/PSDK3/ps3dev/portlibs/ppu/lib\libfreetype.a(truetype.o)
 .text.Ins_LOOPCALL
                0x0000000000035640      0x304 f:/PSDK3/ps3dev/portlibs/ppu/lib\libfreetype.a(truetype.o)
 .text.Ins_IDEF
                0x0000000000035944      0x284 f:/PSDK3/ps3dev/portlibs/ppu/lib\libfreetype.a(truetype.o)
 .text.Ins_NPUSHB
                0x0000000000035bc8      0x160 f:/PSDK3/ps3dev/portlibs/ppu/lib\libfreetype.a(truetype.o)
 .text.Ins_NPUSHW
                0x0000000000035d28      0x17c f:/PSDK3/ps3dev/portlibs/ppu/lib\libfreetype.a(truetype.o)
 .text.Ins_PUSHB
                0x0000000000035ea4      0x114 f:/PSDK3/ps3dev/portlibs/ppu/lib\libfreetype.a(truetype.o)
 .text.Ins_PUSHW
                0x0000000000035fb8      0x134 f:/PSDK3/ps3dev/portlibs/ppu/lib\libfreetype.a(truetype.o)
 .text.Ins_GC   0x00000000000360ec      0x1c8 f:/PSDK3/ps3dev/portlibs/ppu/lib\libfreetype.a(truetype.o)
 .text.Ins_SCFS
                0x00000000000362b4      0x1e4 f:/PSDK3/ps3dev/portlibs/ppu/lib\libfreetype.a(truetype.o)
 .text.Ins_MD   0x0000000000036498      0x38c f:/PSDK3/ps3dev/portlibs/ppu/lib\libfreetype.a(truetype.o)
 .text.Ins_SDPVTL
                0x0000000000036824      0x29c f:/PSDK3/ps3dev/portlibs/ppu/lib\libfreetype.a(truetype.o)
 .text.Ins_SZP0
                0x0000000000036ac0      0x178 f:/PSDK3/ps3dev/portlibs/ppu/lib\libfreetype.a(truetype.o)
 .text.Ins_SZP1
                0x0000000000036c38      0x178 f:/PSDK3/ps3dev/portlibs/ppu/lib\libfreetype.a(truetype.o)
 .text.Ins_SZP2
                0x0000000000036db0      0x178 f:/PSDK3/ps3dev/portlibs/ppu/lib\libfreetype.a(truetype.o)
 .text.Ins_SZPS
                0x0000000000036f28      0x280 f:/PSDK3/ps3dev/portlibs/ppu/lib\libfreetype.a(truetype.o)
 .text.Ins_INSTCTRL
                0x00000000000371a8       0xfc f:/PSDK3/ps3dev/portlibs/ppu/lib\libfreetype.a(truetype.o)
 .text.Ins_SCANCTRL
                0x00000000000372a4      0x214 f:/PSDK3/ps3dev/portlibs/ppu/lib\libfreetype.a(truetype.o)
 .text.Ins_SCANTYPE
                0x00000000000374b8       0x5c f:/PSDK3/ps3dev/portlibs/ppu/lib\libfreetype.a(truetype.o)
 .text.Ins_FLIPPT
                0x0000000000037514      0x19c f:/PSDK3/ps3dev/portlibs/ppu/lib\libfreetype.a(truetype.o)
 .text.Ins_FLIPRGON
                0x00000000000376b0      0x138 f:/PSDK3/ps3dev/portlibs/ppu/lib\libfreetype.a(truetype.o)
 .text.Ins_FLIPRGOFF
                0x00000000000377e8      0x138 f:/PSDK3/ps3dev/portlibs/ppu/lib\libfreetype.a(truetype.o)
 .text.Compute_Point_Displacement
                0x0000000000037920      0x364 f:/PSDK3/ps3dev/portlibs/ppu/lib\libfreetype.a(truetype.o)
 .text.Move_Zp2_Point
                0x0000000000037c84      0x1a8 f:/PSDK3/ps3dev/portlibs/ppu/lib\libfreetype.a(truetype.o)
 .text.Ins_SHP  0x0000000000037e2c      0x1c8 f:/PSDK3/ps3dev/portlibs/ppu/lib\libfreetype.a(truetype.o)
 .text.Ins_SHC  0x0000000000037ff4      0x26c f:/PSDK3/ps3dev/portlibs/ppu/lib\libfreetype.a(truetype.o)
 .text.Ins_SHZ  0x0000000000038260      0x208 f:/PSDK3/ps3dev/portlibs/ppu/lib\libfreetype.a(truetype.o)
 .text.Ins_SHPIX
                0x0000000000038468      0x1f0 f:/PSDK3/ps3dev/portlibs/ppu/lib\libfreetype.a(truetype.o)
 .text.Ins_MSIRP
                0x0000000000038658      0x364 f:/PSDK3/ps3dev/portlibs/ppu/lib\libfreetype.a(truetype.o)
 .text.Ins_MDAP
                0x00000000000389bc      0x21c f:/PSDK3/ps3dev/portlibs/ppu/lib\libfreetype.a(truetype.o)
 .text.Ins_MIAP
                0x0000000000038bd8      0x3a8 f:/PSDK3/ps3dev/portlibs/ppu/lib\libfreetype.a(truetype.o)
 .text.Ins_MDRP
                0x0000000000038f80      0x6d4 f:/PSDK3/ps3dev/portlibs/ppu/lib\libfreetype.a(truetype.o)
 .text.Ins_MIRP
                0x0000000000039654      0x774 f:/PSDK3/ps3dev/portlibs/ppu/lib\libfreetype.a(truetype.o)
 .text.Ins_ALIGNRP
                0x0000000000039dc8      0x2d0 f:/PSDK3/ps3dev/portlibs/ppu/lib\libfreetype.a(truetype.o)
 .text.Ins_ISECT
                0x000000000003a098      0x650 f:/PSDK3/ps3dev/portlibs/ppu/lib\libfreetype.a(truetype.o)
 .text.Ins_ALIGNPTS
                0x000000000003a6e8      0x24c f:/PSDK3/ps3dev/portlibs/ppu/lib\libfreetype.a(truetype.o)
 .text.Ins_IP   0x000000000003a934      0x760 f:/PSDK3/ps3dev/portlibs/ppu/lib\libfreetype.a(truetype.o)
 .text.Ins_UTP  0x000000000003b094      0x130 f:/PSDK3/ps3dev/portlibs/ppu/lib\libfreetype.a(truetype.o)
 .text._iup_worker_shift
                0x000000000003b1c4      0x180 f:/PSDK3/ps3dev/portlibs/ppu/lib\libfreetype.a(truetype.o)
 .text._iup_worker_interpolate
                0x000000000003b344      0x43c f:/PSDK3/ps3dev/portlibs/ppu/lib\libfreetype.a(truetype.o)
 .text.Ins_IUP  0x000000000003b780      0x3e4 f:/PSDK3/ps3dev/portlibs/ppu/lib\libfreetype.a(truetype.o)
 .text.Ins_DELTAP
                0x000000000003bb64      0x2ac f:/PSDK3/ps3dev/portlibs/ppu/lib\libfreetype.a(truetype.o)
 .text.Ins_DELTAC
                0x000000000003be10      0x290 f:/PSDK3/ps3dev/portlibs/ppu/lib\libfreetype.a(truetype.o)
 .text.Ins_GETINFO
                0x000000000003c0a0      0x124 f:/PSDK3/ps3dev/portlibs/ppu/lib\libfreetype.a(truetype.o)
 .text.Ins_UNKNOWN
                0x000000000003c1c4      0x204 f:/PSDK3/ps3dev/portlibs/ppu/lib\libfreetype.a(truetype.o)
 .text.TT_RunIns
                0x000000000003c3c8     0x1ee8 f:/PSDK3/ps3dev/portlibs/ppu/lib\libfreetype.a(truetype.o)
                0x000000000003c3c8                .TT_RunIns
 .text.ft_var_readpackedpoints
                0x000000000003e2b0      0x33c f:/PSDK3/ps3dev/portlibs/ppu/lib\libfreetype.a(truetype.o)
 .text.ft_var_readpackeddeltas
                0x000000000003e5ec      0x2a4 f:/PSDK3/ps3dev/portlibs/ppu/lib\libfreetype.a(truetype.o)
 .text.ft_var_load_avar
                0x000000000003e890      0x41c f:/PSDK3/ps3dev/portlibs/ppu/lib\libfreetype.a(truetype.o)
 .text.ft_var_load_gvar
                0x000000000003ecac      0x5b8 f:/PSDK3/ps3dev/portlibs/ppu/lib\libfreetype.a(truetype.o)
 .text.ft_var_apply_tuple
                0x000000000003f264      0x444 f:/PSDK3/ps3dev/portlibs/ppu/lib\libfreetype.a(truetype.o)
 .text.TT_Get_MM_Var
                0x000000000003f6a8      0xb40 f:/PSDK3/ps3dev/portlibs/ppu/lib\libfreetype.a(truetype.o)
 .text.TT_Set_MM_Blend
                0x00000000000401e8      0x3b0 f:/PSDK3/ps3dev/portlibs/ppu/lib\libfreetype.a(truetype.o)
 .text.TT_Set_Var_Design
                0x0000000000040598      0x618 f:/PSDK3/ps3dev/portlibs/ppu/lib\libfreetype.a(truetype.o)
 .text.tt_face_vary_cvt
                0x0000000000040bb0      0x898 f:/PSDK3/ps3dev/portlibs/ppu/lib\libfreetype.a(truetype.o)
 .text.TT_Vary_Get_Glyph_Deltas
                0x0000000000041448      0xbc4 f:/PSDK3/ps3dev/portlibs/ppu/lib\libfreetype.a(truetype.o)
 .text.tt_done_blend
                0x000000000004200c      0x1e0 f:/PSDK3/ps3dev/portlibs/ppu/lib\libfreetype.a(truetype.o)
 .text          0x00000000000421ec        0x0 f:/PSDK3/ps3dev/portlibs/ppu/lib\libfreetype.a(type1.o)
 .text.read_pfb_tag
                0x00000000000421ec      0x114 f:/PSDK3/ps3dev/portlibs/ppu/lib\libfreetype.a(type1.o)
 .text.check_type1_format
                0x0000000000042300      0x15c f:/PSDK3/ps3dev/portlibs/ppu/lib\libfreetype.a(type1.o)
 .text.T1_New_Parser
                0x000000000004245c      0x428 f:/PSDK3/ps3dev/portlibs/ppu/lib\libfreetype.a(type1.o)
 .text.T1_Finalize_Parser
                0x0000000000042884       0xf4 f:/PSDK3/ps3dev/portlibs/ppu/lib\libfreetype.a(type1.o)
 .text.T1_Get_Private_Dict
                0x0000000000042978      0xad4 f:/PSDK3/ps3dev/portlibs/ppu/lib\libfreetype.a(type1.o)
 .text.t1_allocate_blend
                0x000000000004344c      0x570 f:/PSDK3/ps3dev/portlibs/ppu/lib\libfreetype.a(type1.o)
 .text.T1_Get_Multi_Master
                0x00000000000439bc      0x1a0 f:/PSDK3/ps3dev/portlibs/ppu/lib\libfreetype.a(type1.o)
 .text.mm_axis_unmap
                0x0000000000043b5c      0x254 f:/PSDK3/ps3dev/portlibs/ppu/lib\libfreetype.a(type1.o)
 .text.mm_weights_unmap
                0x0000000000043db0      0x418 f:/PSDK3/ps3dev/portlibs/ppu/lib\libfreetype.a(type1.o)
 .text.T1_Get_MM_Var
                0x00000000000441c8      0x5ec f:/PSDK3/ps3dev/portlibs/ppu/lib\libfreetype.a(type1.o)
 .text.T1_Set_MM_Blend
                0x00000000000447b4      0x1d4 f:/PSDK3/ps3dev/portlibs/ppu/lib\libfreetype.a(type1.o)
 .text.T1_Set_MM_Design
                0x0000000000044988      0x33c f:/PSDK3/ps3dev/portlibs/ppu/lib\libfreetype.a(type1.o)
 .text.T1_Set_Var_Design
                0x0000000000044cc4      0x10c f:/PSDK3/ps3dev/portlibs/ppu/lib\libfreetype.a(type1.o)
 .text.T1_Done_Blend
                0x0000000000044dd0      0x388 f:/PSDK3/ps3dev/portlibs/ppu/lib\libfreetype.a(type1.o)
 .text.parse_blend_axis_types
                0x0000000000045158      0x2d0 f:/PSDK3/ps3dev/portlibs/ppu/lib\libfreetype.a(type1.o)
 .text.parse_blend_design_positions
                0x0000000000045428      0x3cc f:/PSDK3/ps3dev/portlibs/ppu/lib\libfreetype.a(type1.o)
 .text.parse_blend_design_map
                0x00000000000457f4      0x4a4 f:/PSDK3/ps3dev/portlibs/ppu/lib\libfreetype.a(type1.o)
 .text.parse_weight_vector
                0x0000000000045c98      0x2f8 f:/PSDK3/ps3dev/portlibs/ppu/lib\libfreetype.a(type1.o)
 .text.parse_buildchar
                0x0000000000045f90       0x98 f:/PSDK3/ps3dev/portlibs/ppu/lib\libfreetype.a(type1.o)
 .text.t1_load_keyword
                0x0000000000046028      0x3a0 f:/PSDK3/ps3dev/portlibs/ppu/lib\libfreetype.a(type1.o)
 .text.parse_private
                0x00000000000463c8       0x50 f:/PSDK3/ps3dev/portlibs/ppu/lib\libfreetype.a(type1.o)
 .text.read_binary_data
                0x0000000000046418      0x1d8 f:/PSDK3/ps3dev/portlibs/ppu/lib\libfreetype.a(type1.o)
 .text.parse_font_matrix
                0x00000000000465f0      0x240 f:/PSDK3/ps3dev/portlibs/ppu/lib\libfreetype.a(type1.o)
 .text.parse_encoding
                0x0000000000046830      0xb08 f:/PSDK3/ps3dev/portlibs/ppu/lib\libfreetype.a(type1.o)
 .text.parse_subrs
                0x0000000000047338      0x790 f:/PSDK3/ps3dev/portlibs/ppu/lib\libfreetype.a(type1.o)
 .text.parse_charstrings
                0x0000000000047ac8     0x11ac f:/PSDK3/ps3dev/portlibs/ppu/lib\libfreetype.a(type1.o)
 .text.parse_dict
                0x0000000000048c74      0xd3c f:/PSDK3/ps3dev/portlibs/ppu/lib\libfreetype.a(type1.o)
 .text.t1_init_loader
                0x00000000000499b0       0xe0 f:/PSDK3/ps3dev/portlibs/ppu/lib\libfreetype.a(type1.o)
 .text.t1_done_loader
                0x0000000000049a90      0x1ec f:/PSDK3/ps3dev/portlibs/ppu/lib\libfreetype.a(type1.o)
 .text.T1_Open_Face
                0x0000000000049c7c      0x7a8 f:/PSDK3/ps3dev/portlibs/ppu/lib\libfreetype.a(type1.o)
 .text.T1_Size_Get_Globals_Funcs
                0x000000000004a424       0xfc f:/PSDK3/ps3dev/portlibs/ppu/lib\libfreetype.a(type1.o)
 .text.T1_Size_Done
                0x000000000004a520       0xb4 f:/PSDK3/ps3dev/portlibs/ppu/lib\libfreetype.a(type1.o)
 .text.T1_Size_Init
                0x000000000004a5d4       0xf4 f:/PSDK3/ps3dev/portlibs/ppu/lib\libfreetype.a(type1.o)
 .text.T1_Size_Request
                0x000000000004a6c8       0xdc f:/PSDK3/ps3dev/portlibs/ppu/lib\libfreetype.a(type1.o)
 .text.T1_GlyphSlot_Done
                0x000000000004a7a4       0x40 f:/PSDK3/ps3dev/portlibs/ppu/lib\libfreetype.a(type1.o)
 .text.T1_GlyphSlot_Init
                0x000000000004a7e4       0xfc f:/PSDK3/ps3dev/portlibs/ppu/lib\libfreetype.a(type1.o)
 .text.T1_Face_Done
                0x000000000004a8e0      0x3f4 f:/PSDK3/ps3dev/portlibs/ppu/lib\libfreetype.a(type1.o)
 .text.T1_Face_Init
                0x000000000004acd4      0x998 f:/PSDK3/ps3dev/portlibs/ppu/lib\libfreetype.a(type1.o)
 .text.T1_Driver_Init
                0x000000000004b66c       0x30 f:/PSDK3/ps3dev/portlibs/ppu/lib\libfreetype.a(type1.o)
 .text.T1_Driver_Done
                0x000000000004b69c       0x28 f:/PSDK3/ps3dev/portlibs/ppu/lib\libfreetype.a(type1.o)
 .text.t1_get_glyph_name
                0x000000000004b6c4       0x98 f:/PSDK3/ps3dev/portlibs/ppu/lib\libfreetype.a(type1.o)
 .text.t1_get_name_index
                0x000000000004b75c       0xc8 f:/PSDK3/ps3dev/portlibs/ppu/lib\libfreetype.a(type1.o)
 .text.t1_get_ps_name
                0x000000000004b824       0x38 f:/PSDK3/ps3dev/portlibs/ppu/lib\libfreetype.a(type1.o)
 .text.t1_ps_get_font_info
                0x000000000004b85c       0x90 f:/PSDK3/ps3dev/portlibs/ppu/lib\libfreetype.a(type1.o)
 .text.t1_ps_get_font_extra
                0x000000000004b8ec       0x48 f:/PSDK3/ps3dev/portlibs/ppu/lib\libfreetype.a(type1.o)
 .text.t1_ps_has_glyph_names
                0x000000000004b934       0x30 f:/PSDK3/ps3dev/portlibs/ppu/lib\libfreetype.a(type1.o)
 .text.t1_ps_get_font_private
                0x000000000004b964       0x6c f:/PSDK3/ps3dev/portlibs/ppu/lib\libfreetype.a(type1.o)
 .text.Get_Interface
                0x000000000004b9d0       0x54 f:/PSDK3/ps3dev/portlibs/ppu/lib\libfreetype.a(type1.o)
 .text.Get_Kerning
                0x000000000004ba24       0xbc f:/PSDK3/ps3dev/portlibs/ppu/lib\libfreetype.a(type1.o)
 .text.T1_Parse_Glyph_And_Get_Char_String
                0x000000000004bae0      0x374 f:/PSDK3/ps3dev/portlibs/ppu/lib\libfreetype.a(type1.o)
 .text.T1_Parse_Glyph
                0x000000000004be54      0x110 f:/PSDK3/ps3dev/portlibs/ppu/lib\libfreetype.a(type1.o)
 .text.T1_Compute_Max_Advance
                0x000000000004bf64      0x264 f:/PSDK3/ps3dev/portlibs/ppu/lib\libfreetype.a(type1.o)
 .text.T1_Get_Advances
                0x000000000004c1c8      0x29c f:/PSDK3/ps3dev/portlibs/ppu/lib\libfreetype.a(type1.o)
 .text.T1_Load_Glyph
                0x000000000004c464      0xab4 f:/PSDK3/ps3dev/portlibs/ppu/lib\libfreetype.a(type1.o)
 .text.T1_Done_Metrics
                0x000000000004cf18       0xcc f:/PSDK3/ps3dev/portlibs/ppu/lib\libfreetype.a(type1.o)
 .text.t1_get_index
                0x000000000004cfe4      0x144 f:/PSDK3/ps3dev/portlibs/ppu/lib\libfreetype.a(type1.o)
 .text.compare_kern_pairs
                0x000000000004d128       0xcc f:/PSDK3/ps3dev/portlibs/ppu/lib\libfreetype.a(type1.o)
 .text.T1_Read_PFM
                0x000000000004d1f4      0x60c f:/PSDK3/ps3dev/portlibs/ppu/lib\libfreetype.a(type1.o)
 .text.T1_Read_Metrics
                0x000000000004d800      0x530 f:/PSDK3/ps3dev/portlibs/ppu/lib\libfreetype.a(type1.o)
 .text.T1_Get_Kerning
                0x000000000004dd30      0x194 f:/PSDK3/ps3dev/portlibs/ppu/lib\libfreetype.a(type1.o)
 .text.T1_Get_Track_Kerning
                0x000000000004dec4      0x1dc f:/PSDK3/ps3dev/portlibs/ppu/lib\libfreetype.a(type1.o)
 .text          0x000000000004e0a0        0x0 f:/PSDK3/ps3dev/portlibs/ppu/lib\libfreetype.a(cff.o)
 .text.cff_get_kerning
                0x000000000004e0a0       0xfc f:/PSDK3/ps3dev/portlibs/ppu/lib\libfreetype.a(cff.o)
 .text.Load_Glyph
                0x000000000004e19c      0x114 f:/PSDK3/ps3dev/portlibs/ppu/lib\libfreetype.a(cff.o)
 .text.cff_get_advances
                0x000000000004e2b0      0x150 f:/PSDK3/ps3dev/portlibs/ppu/lib\libfreetype.a(cff.o)
 .text.cff_get_glyph_name
                0x000000000004e400      0x100 f:/PSDK3/ps3dev/portlibs/ppu/lib\libfreetype.a(cff.o)
 .text.cff_get_name_index
                0x000000000004e500      0x1b8 f:/PSDK3/ps3dev/portlibs/ppu/lib\libfreetype.a(cff.o)
 .text.cff_ps_has_glyph_names
                0x000000000004e6b8       0x4c f:/PSDK3/ps3dev/portlibs/ppu/lib\libfreetype.a(cff.o)
 .text.cff_ps_get_font_info
                0x000000000004e704      0x29c f:/PSDK3/ps3dev/portlibs/ppu/lib\libfreetype.a(cff.o)
 .text.cff_get_ps_name
                0x000000000004e9a0       0x48 f:/PSDK3/ps3dev/portlibs/ppu/lib\libfreetype.a(cff.o)
 .text.cff_get_cmap_info
                0x000000000004e9e8      0x160 f:/PSDK3/ps3dev/portlibs/ppu/lib\libfreetype.a(cff.o)
 .text.cff_get_ros
                0x000000000004eb48      0x19c f:/PSDK3/ps3dev/portlibs/ppu/lib\libfreetype.a(cff.o)
 .text.cff_get_is_cid
                0x000000000004ece4       0xa8 f:/PSDK3/ps3dev/portlibs/ppu/lib\libfreetype.a(cff.o)
 .text.cff_get_cid_from_glyph_index
                0x000000000004ed8c      0x10c f:/PSDK3/ps3dev/portlibs/ppu/lib\libfreetype.a(cff.o)
 .text.cff_get_interface
                0x000000000004ee98       0xf8 f:/PSDK3/ps3dev/portlibs/ppu/lib\libfreetype.a(cff.o)
 .text.cff_parser_init
                0x000000000004ef90       0xa0 f:/PSDK3/ps3dev/portlibs/ppu/lib\libfreetype.a(cff.o)
 .text.cff_parse_integer
                0x000000000004f030      0x280 f:/PSDK3/ps3dev/portlibs/ppu/lib\libfreetype.a(cff.o)
 .text.cff_parse_real
                0x000000000004f2b0      0x75c f:/PSDK3/ps3dev/portlibs/ppu/lib\libfreetype.a(cff.o)
 .text.cff_parse_num
                0x000000000004fa0c       0xc4 f:/PSDK3/ps3dev/portlibs/ppu/lib\libfreetype.a(cff.o)
 .text.cff_parse_fixed
                0x000000000004fad0       0xc4 f:/PSDK3/ps3dev/portlibs/ppu/lib\libfreetype.a(cff.o)
 .text.cff_parse_fixed_scaled
                0x000000000004fb94       0xe4 f:/PSDK3/ps3dev/portlibs/ppu/lib\libfreetype.a(cff.o)
 .text.cff_parse_fixed_dynamic
                0x000000000004fc78      0x214 f:/PSDK3/ps3dev/portlibs/ppu/lib\libfreetype.a(cff.o)
 .text.cff_parse_font_matrix
                0x000000000004fe8c      0x280 f:/PSDK3/ps3dev/portlibs/ppu/lib\libfreetype.a(cff.o)
 .text.cff_parse_font_bbox
                0x000000000005010c      0x168 f:/PSDK3/ps3dev/portlibs/ppu/lib\libfreetype.a(cff.o)
 .text.cff_parse_private_dict
                0x0000000000050274       0xd4 f:/PSDK3/ps3dev/portlibs/ppu/lib\libfreetype.a(cff.o)
 .text.cff_parse_cid_ros
                0x0000000000050348       0xfc f:/PSDK3/ps3dev/portlibs/ppu/lib\libfreetype.a(cff.o)
 .text.cff_parser_run
                0x0000000000050444      0x6b4 f:/PSDK3/ps3dev/portlibs/ppu/lib\libfreetype.a(cff.o)
 .text.cff_get_standard_encoding
                0x0000000000050af8       0x64 f:/PSDK3/ps3dev/portlibs/ppu/lib\libfreetype.a(cff.o)
 .text.cff_index_read_offset
                0x0000000000050b5c      0x10c f:/PSDK3/ps3dev/portlibs/ppu/lib\libfreetype.a(cff.o)
 .text.cff_index_init
                0x0000000000050c68      0x2e4 f:/PSDK3/ps3dev/portlibs/ppu/lib\libfreetype.a(cff.o)
 .text.cff_index_done
                0x0000000000050f4c       0xd8 f:/PSDK3/ps3dev/portlibs/ppu/lib\libfreetype.a(cff.o)
 .text.cff_index_load_offsets
                0x0000000000051024      0x454 f:/PSDK3/ps3dev/portlibs/ppu/lib\libfreetype.a(cff.o)
 .text.cff_index_get_pointers
                0x0000000000051478      0x45c f:/PSDK3/ps3dev/portlibs/ppu/lib\libfreetype.a(cff.o)
 .text.cff_index_access_element
                0x00000000000518d4      0x3b4 f:/PSDK3/ps3dev/portlibs/ppu/lib\libfreetype.a(cff.o)
 .text.cff_index_forget_element
                0x0000000000051c88       0x70 f:/PSDK3/ps3dev/portlibs/ppu/lib\libfreetype.a(cff.o)
 .text.cff_index_get_name
                0x0000000000051cf8      0x138 f:/PSDK3/ps3dev/portlibs/ppu/lib\libfreetype.a(cff.o)
 .text.cff_index_get_string
                0x0000000000051e30       0x7c f:/PSDK3/ps3dev/portlibs/ppu/lib\libfreetype.a(cff.o)
 .text.cff_index_get_sid_string
                0x0000000000051eac       0xf4 f:/PSDK3/ps3dev/portlibs/ppu/lib\libfreetype.a(cff.o)
 .text.CFF_Done_FD_Select
                0x0000000000051fa0       0x98 f:/PSDK3/ps3dev/portlibs/ppu/lib\libfreetype.a(cff.o)
 .text.CFF_Load_FD_Select
                0x0000000000052038      0x1a0 f:/PSDK3/ps3dev/portlibs/ppu/lib\libfreetype.a(cff.o)
 .text.cff_fd_select_get
                0x00000000000521d8      0x260 f:/PSDK3/ps3dev/portlibs/ppu/lib\libfreetype.a(cff.o)
 .text.cff_charset_compute_cids
                0x0000000000052438      0x204 f:/PSDK3/ps3dev/portlibs/ppu/lib\libfreetype.a(cff.o)
 .text.cff_charset_cid_to_gindex
                0x000000000005263c       0x8c f:/PSDK3/ps3dev/portlibs/ppu/lib\libfreetype.a(cff.o)
 .text.cff_charset_free_cids
                0x00000000000526c8       0x78 f:/PSDK3/ps3dev/portlibs/ppu/lib\libfreetype.a(cff.o)
 .text.cff_charset_done
                0x0000000000052740       0xa4 f:/PSDK3/ps3dev/portlibs/ppu/lib\libfreetype.a(cff.o)
 .text.cff_charset_load
                0x00000000000527e4      0x6f4 f:/PSDK3/ps3dev/portlibs/ppu/lib\libfreetype.a(cff.o)
 .text.cff_encoding_done
                0x0000000000052ed8       0x58 f:/PSDK3/ps3dev/portlibs/ppu/lib\libfreetype.a(cff.o)
 .text.cff_encoding_load
                0x0000000000052f30      0x884 f:/PSDK3/ps3dev/portlibs/ppu/lib\libfreetype.a(cff.o)
 .text.cff_subfont_load
                0x00000000000537b4      0x4c4 f:/PSDK3/ps3dev/portlibs/ppu/lib\libfreetype.a(cff.o)
 .text.cff_subfont_done
                0x0000000000053c78       0x84 f:/PSDK3/ps3dev/portlibs/ppu/lib\libfreetype.a(cff.o)
 .text.cff_font_load
                0x0000000000053cfc      0x858 f:/PSDK3/ps3dev/portlibs/ppu/lib\libfreetype.a(cff.o)
 .text.cff_font_done
                0x0000000000054554      0x26c f:/PSDK3/ps3dev/portlibs/ppu/lib\libfreetype.a(cff.o)
 .text.cff_size_get_globals_funcs
                0x00000000000547c0      0x10c f:/PSDK3/ps3dev/portlibs/ppu/lib\libfreetype.a(cff.o)
 .text.cff_size_done
                0x00000000000548cc      0x158 f:/PSDK3/ps3dev/portlibs/ppu/lib\libfreetype.a(cff.o)
 .text.cff_make_private_dict
                0x0000000000054a24      0x4f0 f:/PSDK3/ps3dev/portlibs/ppu/lib\libfreetype.a(cff.o)
 .text.cff_size_init
                0x0000000000054f14      0x278 f:/PSDK3/ps3dev/portlibs/ppu/lib\libfreetype.a(cff.o)
 .text.cff_size_select
                0x000000000005518c      0x288 f:/PSDK3/ps3dev/portlibs/ppu/lib\libfreetype.a(cff.o)
 .text.cff_size_request
                0x0000000000055414      0x334 f:/PSDK3/ps3dev/portlibs/ppu/lib\libfreetype.a(cff.o)
 .text.cff_slot_done
                0x0000000000055748       0x40 f:/PSDK3/ps3dev/portlibs/ppu/lib\libfreetype.a(cff.o)
 .text.cff_slot_init
                0x0000000000055788      0x10c f:/PSDK3/ps3dev/portlibs/ppu/lib\libfreetype.a(cff.o)
 .text.cff_strcpy
                0x0000000000055894       0x70 f:/PSDK3/ps3dev/portlibs/ppu/lib\libfreetype.a(cff.o)
 .text.remove_subset_prefix
                0x0000000000055904      0x190 f:/PSDK3/ps3dev/portlibs/ppu/lib\libfreetype.a(cff.o)
 .text.cff_face_init
                0x0000000000055a94     0x1548 f:/PSDK3/ps3dev/portlibs/ppu/lib\libfreetype.a(cff.o)
 .text.cff_face_done
                0x0000000000056fdc      0x108 f:/PSDK3/ps3dev/portlibs/ppu/lib\libfreetype.a(cff.o)
 .text.cff_driver_init
                0x00000000000570e4       0x30 f:/PSDK3/ps3dev/portlibs/ppu/lib\libfreetype.a(cff.o)
 .text.cff_driver_done
                0x0000000000057114       0x28 f:/PSDK3/ps3dev/portlibs/ppu/lib\libfreetype.a(cff.o)
 .text.cff_builder_init
                0x000000000005713c      0x1f0 f:/PSDK3/ps3dev/portlibs/ppu/lib\libfreetype.a(cff.o)
 .text.cff_builder_done
                0x000000000005732c       0x90 f:/PSDK3/ps3dev/portlibs/ppu/lib\libfreetype.a(cff.o)
 .text.cff_compute_bias
                0x00000000000573bc       0x9c f:/PSDK3/ps3dev/portlibs/ppu/lib\libfreetype.a(cff.o)
 .text.cff_decoder_init
                0x0000000000057458      0x130 f:/PSDK3/ps3dev/portlibs/ppu/lib\libfreetype.a(cff.o)
 .text.cff_decoder_prepare
                0x0000000000057588      0x224 f:/PSDK3/ps3dev/portlibs/ppu/lib\libfreetype.a(cff.o)
 .text.check_points
                0x00000000000577ac       0xf0 f:/PSDK3/ps3dev/portlibs/ppu/lib\libfreetype.a(cff.o)
 .text.cff_builder_add_point
                0x000000000005789c      0x11c f:/PSDK3/ps3dev/portlibs/ppu/lib\libfreetype.a(cff.o)
 .text.cff_builder_add_point1
                0x00000000000579b8       0x80 f:/PSDK3/ps3dev/portlibs/ppu/lib\libfreetype.a(cff.o)
 .text.cff_builder_add_contour
                0x0000000000057a38      0x1bc f:/PSDK3/ps3dev/portlibs/ppu/lib\libfreetype.a(cff.o)
 .text.cff_builder_start_point
                0x0000000000057bf4       0xb0 f:/PSDK3/ps3dev/portlibs/ppu/lib\libfreetype.a(cff.o)
 .text.cff_builder_close_contour
                0x0000000000057ca4      0x288 f:/PSDK3/ps3dev/portlibs/ppu/lib\libfreetype.a(cff.o)
 .text.cff_lookup_glyph_by_stdcharcode
                0x0000000000057f2c      0x114 f:/PSDK3/ps3dev/portlibs/ppu/lib\libfreetype.a(cff.o)
 .text.cff_get_glyph_data
                0x0000000000058040      0x150 f:/PSDK3/ps3dev/portlibs/ppu/lib\libfreetype.a(cff.o)
 .text.cff_free_glyph_data
                0x0000000000058190      0x108 f:/PSDK3/ps3dev/portlibs/ppu/lib\libfreetype.a(cff.o)
 .text.cff_operator_seac
                0x0000000000058298      0x534 f:/PSDK3/ps3dev/portlibs/ppu/lib\libfreetype.a(cff.o)
 .text.cff_decoder_parse_charstrings
                0x00000000000587cc     0x3644 f:/PSDK3/ps3dev/portlibs/ppu/lib\libfreetype.a(cff.o)
 .text.cff_slot_load
                0x000000000005be10     0x1098 f:/PSDK3/ps3dev/portlibs/ppu/lib\libfreetype.a(cff.o)
 .text.cff_cmap_encoding_init
                0x000000000005cea8       0x70 f:/PSDK3/ps3dev/portlibs/ppu/lib\libfreetype.a(cff.o)
 .text.cff_cmap_encoding_done
                0x000000000005cf18       0x38 f:/PSDK3/ps3dev/portlibs/ppu/lib\libfreetype.a(cff.o)
 .text.cff_cmap_encoding_char_index
                0x000000000005cf50       0x7c f:/PSDK3/ps3dev/portlibs/ppu/lib\libfreetype.a(cff.o)
 .text.cff_cmap_encoding_char_next
                0x000000000005cfcc       0xe4 f:/PSDK3/ps3dev/portlibs/ppu/lib\libfreetype.a(cff.o)
 .text.cff_sid_to_glyph_name
                0x000000000005d0b0       0xa4 f:/PSDK3/ps3dev/portlibs/ppu/lib\libfreetype.a(cff.o)
 .text.cff_cmap_unicode_init
                0x000000000005d154      0x104 f:/PSDK3/ps3dev/portlibs/ppu/lib\libfreetype.a(cff.o)
 .text.cff_cmap_unicode_done
                0x000000000005d258       0x94 f:/PSDK3/ps3dev/portlibs/ppu/lib\libfreetype.a(cff.o)
 .text.cff_cmap_unicode_char_index
                0x000000000005d2ec       0xbc f:/PSDK3/ps3dev/portlibs/ppu/lib\libfreetype.a(cff.o)
 .text.cff_cmap_unicode_char_next
                0x000000000005d3a8       0xb0 f:/PSDK3/ps3dev/portlibs/ppu/lib\libfreetype.a(cff.o)
 .text          0x000000000005d458        0x0 f:/PSDK3/ps3dev/portlibs/ppu/lib\libfreetype.a(type1cid.o)
 .text.cid_parser_new
                0x000000000005d458      0x774 f:/PSDK3/ps3dev/portlibs/ppu/lib\libfreetype.a(type1cid.o)
 .text.cid_parser_done
                0x000000000005dbcc       0xb0 f:/PSDK3/ps3dev/portlibs/ppu/lib\libfreetype.a(type1cid.o)
 .text.cid_get_offset
                0x000000000005dc7c       0xb4 f:/PSDK3/ps3dev/portlibs/ppu/lib\libfreetype.a(type1cid.o)
 .text.cid_load_keyword
                0x000000000005dd30      0x2ac f:/PSDK3/ps3dev/portlibs/ppu/lib\libfreetype.a(type1cid.o)
 .text.parse_font_matrix
                0x000000000005dfdc      0x248 f:/PSDK3/ps3dev/portlibs/ppu/lib\libfreetype.a(type1cid.o)
 .text.parse_fd_array
                0x000000000005e224      0x188 f:/PSDK3/ps3dev/portlibs/ppu/lib\libfreetype.a(type1cid.o)
 .text.parse_expansion_factor
                0x000000000005e3ac       0xec f:/PSDK3/ps3dev/portlibs/ppu/lib\libfreetype.a(type1cid.o)
 .text.cid_parse_dict
                0x000000000005e498      0x42c f:/PSDK3/ps3dev/portlibs/ppu/lib\libfreetype.a(type1cid.o)
 .text.cid_read_subrs
                0x000000000005e8c4      0x79c f:/PSDK3/ps3dev/portlibs/ppu/lib\libfreetype.a(type1cid.o)
 .text.t1_init_loader
                0x000000000005f060       0x50 f:/PSDK3/ps3dev/portlibs/ppu/lib\libfreetype.a(type1cid.o)
 .text.t1_done_loader
                0x000000000005f0b0       0x48 f:/PSDK3/ps3dev/portlibs/ppu/lib\libfreetype.a(type1cid.o)
 .text.cid_hex_to_binary