Archive member included because of file (symbol)

f:/PSDK3/ps3dev/portlibs/ppu/lib\libfont.a(libfont.o)
                              main.o (ResetFont)
f:/PSDK3/ps3dev/portlibs/ppu/lib\libtiny3d.a(tiny3d.o)
                              main.o (tiny3d_Init)
f:/PSDK3/ps3dev/portlibs/ppu/lib\libtiny3d.a(vshader_text_normal.vcg.o)
                              f:/PSDK3/ps3dev/portlibs/ppu/lib\libtiny3d.a(tiny3d.o) (vshader_text_normal_bin)
f:/PSDK3/ps3dev/portlibs/ppu/lib\libtiny3d.a(commands.o)
                              f:/PSDK3/ps3dev/portlibs/ppu/lib\libtiny3d.a(tiny3d.o) (rsxtiny_MakeCmdSpace)
f:/PSDK3/ps3dev/portlibs/ppu/lib\libtiny3d.a(glue.o)
                              f:/PSDK3/ps3dev/portlibs/ppu/lib\libtiny3d.a(tiny3d.o) (rsxtiny_FlushBuffer)
f:/PSDK3/ps3dev/portlibs/ppu/lib\libtiny3d.a(matrix.o)
                              f:/PSDK3/ps3dev/portlibs/ppu/lib\libtiny3d.a(tiny3d.o) (MatrixVectorMultiply)
f:/PSDK3/ps3dev/portlibs/ppu/lib\libtiny3d.a(mm.o)
                              f:/PSDK3/ps3dev/portlibs/ppu/lib\libtiny3d.a(tiny3d.o) (rsxtiny_MemAlign)
f:/PSDK3/ps3dev/portlibs/ppu/lib\libtiny3d.a(realityVP.o)
                              f:/PSDK3/ps3dev/portlibs/ppu/lib\libtiny3d.a(commands.o) (rsxtiny_VertexProgramGetUCode)
f:/PSDK3/ps3dev/portlibs/ppu/lib\libtiny3d.a(rsxutil.o)
                              f:/PSDK3/ps3dev/portlibs/ppu/lib\libtiny3d.a(tiny3d.o) (waitFlip)
f:/PSDK3/ps3dev/portlibs/ppu/lib\libtiny3d.a(buffer.o)
                              f:/PSDK3/ps3dev/portlibs/ppu/lib\libtiny3d.a(commands.o) (tiny_rsxContextCallback)
f:/PSDK3/psl1ght/ppu/lib\libgcm_sys.a(sprx.o)
                              f:/PSDK3/ps3dev/portlibs/ppu/lib\libtiny3d.a(rsxutil.o) (gcmSetFlip)
f:/PSDK3/psl1ght/ppu/lib\libio.a(sprx.o)
                              main.o (ioPadInit)
f:/PSDK3/psl1ght/ppu/lib\libsysutil.a(sprx.o)
                              f:/PSDK3/ps3dev/portlibs/ppu/lib\libtiny3d.a(rsxutil.o) (videoConfigure)
f:/PSDK3/psl1ght/ppu/lib\libsysutil.a(sysutil_wrapper.o)
                              f:/PSDK3/ps3dev/portlibs/ppu/lib\libtiny3d.a(tiny3d.o) (sysUtilRegisterCallback)
f:/PSDK3/psl1ght/ppu/lib\librt.a(sbrk.o)
                              f:/psdk3/ps3dev/ppu/bin/../lib/gcc/powerpc64-ps3-elf/4.5.2/../../../../powerpc64-ps3-elf/lib/lv2-crt0.o (__librt_sbrk_r)
f:/PSDK3/psl1ght/ppu/lib\librt.a(exit.o)
                              f:/psdk3/ps3dev/ppu/bin/../lib/gcc/powerpc64-ps3-elf/4.5.2/../../../../powerpc64-ps3-elf/lib/lv2-crt0.o (__librt_exit)
f:/PSDK3/psl1ght/ppu/lib\librt.a(close.o)
                              f:/psdk3/ps3dev/ppu/bin/../lib/gcc/powerpc64-ps3-elf/4.5.2/../../../../powerpc64-ps3-elf/lib/lv2-crt0.o (__librt_close_r)
f:/PSDK3/psl1ght/ppu/lib\librt.a(lseek.o)
                              f:/psdk3/ps3dev/ppu/bin/../lib/gcc/powerpc64-ps3-elf/4.5.2/../../../../powerpc64-ps3-elf/lib/lv2-crt0.o (__librt_lseek_r)
f:/PSDK3/psl1ght/ppu/lib\librt.a(read.o)
                              f:/psdk3/ps3dev/ppu/bin/../lib/gcc/powerpc64-ps3-elf/4.5.2/../../../../powerpc64-ps3-elf/lib/lv2-crt0.o (__librt_read_r)
f:/PSDK3/psl1ght/ppu/lib\librt.a(open.o)
                              f:/psdk3/ps3dev/ppu/bin/../lib/gcc/powerpc64-ps3-elf/4.5.2/../../../../powerpc64-ps3-elf/lib/lv2-crt0.o (__librt_open_r)
f:/PSDK3/psl1ght/ppu/lib\librt.a(sleep.o)
                              f:/psdk3/ps3dev/ppu/bin/../lib/gcc/powerpc64-ps3-elf/4.5.2/../../../../powerpc64-ps3-elf/lib/lv2-crt0.o (__librt_usleep_r)
f:/PSDK3/psl1ght/ppu/lib\librt.a(write.o)
                              f:/psdk3/ps3dev/ppu/bin/../lib/gcc/powerpc64-ps3-elf/4.5.2/../../../../powerpc64-ps3-elf/lib/lv2-crt0.o (__librt_write_r)
f:/PSDK3/psl1ght/ppu/lib\librt.a(fstat.o)
                              f:/psdk3/ps3dev/ppu/bin/../lib/gcc/powerpc64-ps3-elf/4.5.2/../../../../powerpc64-ps3-elf/lib/lv2-crt0.o (__librt_fstat_r)
f:/PSDK3/psl1ght/ppu/lib\librt.a(socket.o)
                              f:/PSDK3/psl1ght/ppu/lib\librt.a(write.o) (send)
f:/PSDK3/psl1ght/ppu/lib\librt.a(lock.o)
                              f:/psdk3/ps3dev/ppu/bin/../lib/gcc/powerpc64-ps3-elf/4.5.2/../../../../powerpc64-ps3-elf/lib/lv2-crt0.o (__librt_sys_lwmutex_create_r)
f:/PSDK3/psl1ght/ppu/lib\librt.a(dirent.o)
                              f:/psdk3/ps3dev/ppu/bin/../lib/gcc/powerpc64-ps3-elf/4.5.2/../../../../powerpc64-ps3-elf/lib/lv2-crt0.o (__librt_opendir_r)
f:/PSDK3/psl1ght/ppu/lib\librt.a(mkdir.o)
                              f:/psdk3/ps3dev/ppu/bin/../lib/gcc/powerpc64-ps3-elf/4.5.2/../../../../powerpc64-ps3-elf/lib/lv2-crt0.o (__librt_mkdir_r)
f:/PSDK3/psl1ght/ppu/lib\librt.a(times.o)
                              f:/psdk3/ps3dev/ppu/bin/../lib/gcc/powerpc64-ps3-elf/4.5.2/../../../../powerpc64-ps3-elf/lib/lv2-crt0.o (__librt_times_r)
f:/PSDK3/psl1ght/ppu/lib\librt.a(umask.o)
[...]
Memory Configuration

Name             Origin             Length             Attributes
*default*        0x0000000000000000 0xffffffffffffffff

Linker script and memory map

                0x0000000000010000                PROVIDE (__executable_start, 0x10000)
                0x0000000000010200                . = (0x10000 + SIZEOF_HEADERS)

.interp
 *(.interp)

.hash
 *(.hash)

.dynsym
 *(.dynsym)

.dynstr
 *(.dynstr)

.gnu.version
 *(.gnu.version)

.gnu.version_d
 *(.gnu.version_d)

.gnu.version_r
 *(.gnu.version_r)

.rel.dyn
 *(.rel.init)
 *(.rel.text .rel.text.* .rel.gnu.linkonce.t.*)
 *(.rel.fini)
 *(.rel.rodata .rel.rodata.* .rel.gnu.linkonce.r.*)
 *(.rel.data.rel.ro*)
 *(.rel.data .rel.data.* .rel.gnu.linkonce.d.*)
 *(.rel.tdata .rel.tdata.* .rel.gnu.linkonce.td.*)
 *(.rel.tbss .rel.tbss.* .rel.gnu.linkonce.tb.*)
 *(.rel.ctors)
 *(.rel.dtors)
 *(.rel.got)
 *(.rel.sdata .rel.sdata.* .rel.gnu.linkonce.s.*)
 *(.rel.sbss .rel.sbss.* .rel.gnu.linkonce.sb.*)
 *(.rel.sdata2 .rel.sdata2.* .rel.gnu.linkonce.s2.*)
 *(.rel.sbss2 .rel.sbss2.* .rel.gnu.linkonce.sb2.*)
 *(.rel.bss .rel.bss.* .rel.gnu.linkonce.b.*)

.rela.dyn       0x0000000000010200        0x0
 *(.rela.init)
 *(.rela.text .rela.text.* .rela.gnu.linkonce.t.*)
 *(.rela.fini)
 *(.rela.rodata .rela.rodata.* .rela.gnu.linkonce.r.*)
 *(.rela.data .rela.data.* .rela.gnu.linkonce.d.*)
 *(.rela.tdata .rela.tdata.* .rela.gnu.linkonce.td.*)
 *(.rela.tbss .rela.tbss.* .rela.gnu.linkonce.tb.*)
 *(.rela.ctors)
 *(.rela.dtors)
 *(.rela.got)
 *(.rela.toc)
 .rela.toc      0x0000000000000000        0x0 linker stubs
 *(.rela.sdata .rela.sdata.* .rela.gnu.linkonce.s.*)
 *(.rela.sbss .rela.sbss.* .rela.gnu.linkonce.sb.*)
 *(.rela.sdata2 .rela.sdata2.* .rela.gnu.linkonce.s2.*)
 *(.rela.sbss2 .rela.sbss2.* .rela.gnu.linkonce.sb2.*)
 *(.rela.bss .rela.bss.* .rela.gnu.linkonce.b.*)
 .rela.iplt     0x0000000000000000        0x0 linker stubs
 .rela.sys_proc_prx_param
                0x0000000000000000        0x0 linker stubs
 .rela.opd      0x0000000000000000        0x0 linker stubs

.rel.plt
 *(.rel.plt)

.rela.plt
 *(.rela.plt)

.rela.tocbss
 *(.rela.tocbss)

.init           0x0000000000010200       0x2c
 *(.init)
 .init          0x0000000000010200        0xc f:/psdk3/ps3dev/ppu/bin/../lib/gcc/powerpc64-ps3-elf/4.5.2/../../../../powerpc64-ps3-elf/lib/lv2-crti.o
                0x0000000000010200                ._init
 .init          0x000000000001020c        0x8 f:/psdk3/ps3dev/ppu/bin/../lib/gcc/powerpc64-ps3-elf/4.5.2/crtbegin.o
 .init          0x0000000000010214        0x8 f:/psdk3/ps3dev/ppu/bin/../lib/gcc/powerpc64-ps3-elf/4.5.2/crtend.o
 .init          0x000000000001021c       0x10 f:/psdk3/ps3dev/ppu/bin/../lib/gcc/powerpc64-ps3-elf/4.5.2/../../../../powerpc64-ps3-elf/lib/lv2-crtn.o

.text           0x0000000000010230    0x221f4
 *(.text .stub .text.* .gnu.linkonce.t.*)
 .text          0x0000000000010230        0x0 f:/psdk3/ps3dev/ppu/bin/../lib/gcc/powerpc64-ps3-elf/4.5.2/../../../../powerpc64-ps3-elf/lib/lv2-crti.o
 .text          0x0000000000010230        0x0 f:/psdk3/ps3dev/ppu/bin/../lib/gcc/powerpc64-ps3-elf/4.5.2/crtbegin.o
 .text.__do_global_dtors_aux
                0x0000000000010230       0xc8 f:/psdk3/ps3dev/ppu/bin/../lib/gcc/powerpc64-ps3-elf/4.5.2/crtbegin.o
 .text.frame_dummy
                0x00000000000102f8       0x70 f:/psdk3/ps3dev/ppu/bin/../lib/gcc/powerpc64-ps3-elf/4.5.2/crtbegin.o
 .text          0x0000000000010368       0x58 f:/psdk3/ps3dev/ppu/bin/../lib/gcc/powerpc64-ps3-elf/4.5.2/../../../../powerpc64-ps3-elf/lib/lv2-crt0.o
                0x0000000000010368                ._start
 .text.__syscalls_init
                0x00000000000103c0      0x15c f:/psdk3/ps3dev/ppu/bin/../lib/gcc/powerpc64-ps3-elf/4.5.2/../../../../powerpc64-ps3-elf/lib/lv2-crt0.o
 *fill*         0x000000000001051c        0x4 60000000
 .text._initialize
                0x0000000000010520       0x40 f:/psdk3/ps3dev/ppu/bin/../lib/gcc/powerpc64-ps3-elf/4.5.2/../../../../powerpc64-ps3-elf/lib/lv2-crt0.o
                0x0000000000010520                ._initialize
 .text          0x0000000000010560        0x0 f:/psdk3/ps3dev/ppu/bin/../lib/gcc/powerpc64-ps3-elf/4.5.2/../../../../powerpc64-ps3-elf/lib/lv2-sprx.o
 .text          0x0000000000010560        0x0 picture_png.bin.o
 .text          0x0000000000010560        0x0 main.o
 .text.exiting  0x0000000000010560       0x34 main.o
                0x0000000000010560                .exiting
 *fill*         0x0000000000010594        0x4 60000000
 .text.DrawSquare
                0x0000000000010598      0x130 main.o
                0x0000000000010598                .DrawSquare
 .text.DrawColorSquare
                0x00000000000106c8      0x168 main.o
                0x00000000000106c8                .DrawColorSquare
 .text.drawScene
                0x0000000000010830      0x2bc main.o
                0x0000000000010830                .drawScene
 *fill*         0x0000000000010aec        0x4 60000000
 .text.Load_PNG
                0x0000000000010af0       0x40 main.o
                0x0000000000010af0                .Load_PNG
 .text.build_AYUV_32bits
                0x0000000000010b30      0x200 main.o
                0x0000000000010b30                .build_AYUV_32bits
 .text.build_Y_8bits
                0x0000000000010d30      0x134 main.o
                0x0000000000010d30                .build_Y_8bits
 *fill*         0x0000000000010e64        0x4 60000000
 .text.build_U_8bits
                0x0000000000010e68      0x130 main.o
                0x0000000000010e68                .build_U_8bits
 .text.build_V_8bits
                0x0000000000010f98      0x130 main.o
                0x0000000000010f98                .build_V_8bits
 .text.LoadTexture
                0x00000000000110c8      0x1b8 main.o
                0x00000000000110c8                .LoadTexture
 .text.main     0x0000000000011280      0x160 main.o
                0x0000000000011280                .main
 .text          0x00000000000113e0        0x0 msxfont.o
 .text          0x00000000000113e0        0x0 f:/PSDK3/ps3dev/portlibs/ppu/lib\libfont.a(libfont.o)
 .text.i_must_break_line
                0x00000000000113e0      0x130 f:/PSDK3/ps3dev/portlibs/ppu/lib\libfont.a(libfont.o)
 .text.ResetFont
                0x0000000000011510       0x7c f:/PSDK3/ps3dev/portlibs/ppu/lib\libfont.a(libfont.o)
                0x0000000000011510                .ResetFont
 *fill*         0x000000000001158c        0x4 60000000
 .text.AddFontFromBitmapArray
                0x0000000000011590      0x428 f:/PSDK3/ps3dev/portlibs/ppu/lib\libfont.a(libfont.o)
                0x0000000000011590                .AddFontFromBitmapArray
 .text.AddFontFromTTF
                0x00000000000119b8      0x3a8 f:/PSDK3/ps3dev/portlibs/ppu/lib\libfont.a(libfont.o)
                0x00000000000119b8                .AddFontFromTTF
 .text.SetCurrentFont
                0x0000000000011d60       0x4c f:/PSDK3/ps3dev/portlibs/ppu/lib\libfont.a(libfont.o)
                0x0000000000011d60                .SetCurrentFont
 *fill*         0x0000000000011dac        0x4 60000000
 .text.SetFontSize
                0x0000000000011db0       0x34 f:/PSDK3/ps3dev/portlibs/ppu/lib\libfont.a(libfont.o)
                0x0000000000011db0                .SetFontSize
 *fill*         0x0000000000011de4        0x4 60000000
 .text.SetFontColor
                0x0000000000011de8       0x1c f:/PSDK3/ps3dev/portlibs/ppu/lib\libfont.a(libfont.o)
                0x0000000000011de8                .SetFontColor
 *fill*         0x0000000000011e04        0x4 60000000
 .text.SetFontTextureMethod
                0x0000000000011e08       0x18 f:/PSDK3/ps3dev/portlibs/ppu/lib\libfont.a(libfont.o)
                0x0000000000011e08                .SetFontTextureMethod
 .text.SetDoubleTextureModule
                0x0000000000011e20       0x1c f:/PSDK3/ps3dev/portlibs/ppu/lib\libfont.a(libfont.o)
                0x0000000000011e20                .SetDoubleTextureModule
 *fill*         0x0000000000011e3c        0x4 60000000
 .text.SetFontAutoCenter
                0x0000000000011e40       0x20 f:/PSDK3/ps3dev/portlibs/ppu/lib\libfont.a(libfont.o)
                0x0000000000011e40                .SetFontAutoCenter
 .text.SetFontAutoNewLine
                0x0000000000011e60       0x20 f:/PSDK3/ps3dev/portlibs/ppu/lib\libfont.a(libfont.o)
                0x0000000000011e60                .SetFontAutoNewLine
 .text.SetFontZ
                0x0000000000011e80       0x18 f:/PSDK3/ps3dev/portlibs/ppu/lib\libfont.a(libfont.o)
                0x0000000000011e80                .SetFontZ
 .text.GetFontX
                0x0000000000011e98       0x18 f:/PSDK3/ps3dev/portlibs/ppu/lib\libfont.a(libfont.o)
                0x0000000000011e98                .GetFontX
 .text.GetFontY
                0x0000000000011eb0       0x18 f:/PSDK3/ps3dev/portlibs/ppu/lib\libfont.a(libfont.o)
                0x0000000000011eb0                .GetFontY
 .text.SetFontScreenLimits
                0x0000000000011ec8       0x1c f:/PSDK3/ps3dev/portlibs/ppu/lib\libfont.a(libfont.o)
                0x0000000000011ec8                .SetFontScreenLimits
 *fill*         0x0000000000011ee4        0x4 60000000
 .text.DrawChar
                0x0000000000011ee8      0xa34 f:/PSDK3/ps3dev/portlibs/ppu/lib\libfont.a(libfont.o)
                0x0000000000011ee8                .DrawChar
 *fill*         0x000000000001291c        0x4 60000000
 .text.DrawString
                0x0000000000012920      0x2f0 f:/PSDK3/ps3dev/portlibs/ppu/lib\libfont.a(libfont.o)
                0x0000000000012920                .DrawString
 .text.DrawFormatString
                0x0000000000012c10      0x320 f:/PSDK3/ps3dev/portlibs/ppu/lib\libfont.a(libfont.o)
                0x0000000000012c10                .DrawFormatString
 .text          0x0000000000012f30        0x0 f:/PSDK3/ps3dev/portlibs/ppu/lib\libtiny3d.a(tiny3d.o)
 .text.push_list_cmd
                0x0000000000012f30      0x154 f:/PSDK3/ps3dev/portlibs/ppu/lib\libtiny3d.a(tiny3d.o)
 *fill*         0x0000000000013084        0x4 60000000
 .text.rsxtiny_SetVertexProgramConstant3f
                0x0000000000013088       0x58 f:/PSDK3/ps3dev/portlibs/ppu/lib\libtiny3d.a(tiny3d.o)
 .text.Update_With_Normal
                0x00000000000130e0      0x2a0 f:/PSDK3/ps3dev/portlibs/ppu/lib\libtiny3d.a(tiny3d.o)
 .text.set_shader_context
                0x0000000000013380      0x398 f:/PSDK3/ps3dev/portlibs/ppu/lib\libtiny3d.a(tiny3d.o)
 .text.put_vertex
                0x0000000000013718      0x258 f:/PSDK3/ps3dev/portlibs/ppu/lib\libtiny3d.a(tiny3d.o)
 .text.push_normal_list
                0x0000000000013970      0x1c4 f:/PSDK3/ps3dev/portlibs/ppu/lib\libtiny3d.a(tiny3d.o)
 *fill*         0x0000000000013b34        0x4 60000000
 .text.push_position_list
                0x0000000000013b38      0x1f0 f:/PSDK3/ps3dev/portlibs/ppu/lib\libtiny3d.a(tiny3d.o)
 .text.tiny3d_callback
                0x0000000000013d28      0x1a0 f:/PSDK3/ps3dev/portlibs/ppu/lib\libtiny3d.a(tiny3d.o)
 .text.tiny3d_Exit
                0x0000000000013ec8      0x1ec f:/PSDK3/ps3dev/portlibs/ppu/lib\libtiny3d.a(tiny3d.o)
                0x0000000000013ec8                .tiny3d_Exit
 *fill*         0x00000000000140b4        0x4 60000000
 .text.tiny3d_alarm
                0x00000000000140b8       0x10 f:/PSDK3/ps3dev/portlibs/ppu/lib\libtiny3d.a(tiny3d.o)
                0x00000000000140b8                .tiny3d_alarm
 .text.tiny3d_RecordList
                0x00000000000140c8       0xa4 f:/PSDK3/ps3dev/portlibs/ppu/lib\libtiny3d.a(tiny3d.o)
                0x00000000000140c8                .tiny3d_RecordList
 *fill*         0x000000000001416c        0x4 60000000
 .text.tiny3d_StopList
                0x0000000000014170      0x138 f:/PSDK3/ps3dev/portlibs/ppu/lib\libtiny3d.a(tiny3d.o)
                0x0000000000014170                .tiny3d_StopList
 .text.tiny3d_FreeList
                0x00000000000142a8       0xcc f:/PSDK3/ps3dev/portlibs/ppu/lib\libtiny3d.a(tiny3d.o)
                0x00000000000142a8                .tiny3d_FreeList
 *fill*         0x0000000000014374        0x4 60000000
 .text.tiny3d_DynamicMatrixList
                0x0000000000014378       0xec f:/PSDK3/ps3dev/portlibs/ppu/lib\libtiny3d.a(tiny3d.o)
                0x0000000000014378                .tiny3d_DynamicMatrixList
 *fill*         0x0000000000014464        0x4 60000000
 .text.tiny3d_ApplyMatrixList
                0x0000000000014468       0xc8 f:/PSDK3/ps3dev/portlibs/ppu/lib\libtiny3d.a(tiny3d.o)
                0x0000000000014468                .tiny3d_ApplyMatrixList
 .text.tiny3d_Init
                0x0000000000014530      0x4ec f:/PSDK3/ps3dev/portlibs/ppu/lib\libtiny3d.a(tiny3d.o)
                0x0000000000014530                .tiny3d_Init
 *fill*         0x0000000000014a1c        0x4 60000000
 .text.tiny3d_SetPolygon
                0x0000000000014a20      0x228 f:/PSDK3/ps3dev/portlibs/ppu/lib\libtiny3d.a(tiny3d.o)
                0x0000000000014a20                .tiny3d_SetPolygon
 .text.tiny3d_VertexPos
                0x0000000000014c48       0xcc f:/PSDK3/ps3dev/portlibs/ppu/lib\libtiny3d.a(tiny3d.o)
                0x0000000000014c48                .tiny3d_VertexPos
 *fill*         0x0000000000014d14        0x4 60000000
 .text.tiny3d_VertexPos4
                0x0000000000014d18       0xd0 f:/PSDK3/ps3dev/portlibs/ppu/lib\libtiny3d.a(tiny3d.o)
                0x0000000000014d18                .tiny3d_VertexPos4
 .text.tiny3d_VertexPosVector
                0x0000000000014de8       0xe0 f:/PSDK3/ps3dev/portlibs/ppu/lib\libtiny3d.a(tiny3d.o)
                0x0000000000014de8                .tiny3d_VertexPosVector
 .text.tiny3d_VertexColor
                0x0000000000014ec8       0xb4 f:/PSDK3/ps3dev/portlibs/ppu/lib\libtiny3d.a(tiny3d.o)
                0x0000000000014ec8                .tiny3d_VertexColor
 *fill*         0x0000000000014f7c        0x4 60000000
 .text.tiny3d_VertexFcolor
                0x0000000000014f80      0x104 f:/PSDK3/ps3dev/portlibs/ppu/lib\libtiny3d.a(tiny3d.o)
                0x0000000000014f80                .tiny3d_VertexFcolor
 *fill*         0x0000000000015084        0x4 60000000
 .text.tiny3d_VertexTexture
                0x0000000000015088       0xbc f:/PSDK3/ps3dev/portlibs/ppu/lib\libtiny3d.a(tiny3d.o)
                0x0000000000015088                .tiny3d_VertexTexture
 *fill*         0x0000000000015144        0x4 60000000
 .text.tiny3d_VertexTexture2
                0x0000000000015148       0xcc f:/PSDK3/ps3dev/portlibs/ppu/lib\libtiny3d.a(tiny3d.o)
                0x0000000000015148                .tiny3d_VertexTexture2
 *fill*         0x0000000000015214        0x4 60000000
 .text.tiny3d_Normal
                0x0000000000015218       0x48 f:/PSDK3/ps3dev/portlibs/ppu/lib\libtiny3d.a(tiny3d.o)
                0x0000000000015218                .tiny3d_Normal
 .text.tiny3d_NormalVector
                0x0000000000015260       0x58 f:/PSDK3/ps3dev/portlibs/ppu/lib\libtiny3d.a(tiny3d.o)
                0x0000000000015260                .tiny3d_NormalVector
 .text.tiny3d_End
                0x00000000000152b8      0x690 f:/PSDK3/ps3dev/portlibs/ppu/lib\libtiny3d.a(tiny3d.o)
                0x00000000000152b8                .tiny3d_End
 .text.tiny3d_SetMatrixModelView
                0x0000000000015948      0x278 f:/PSDK3/ps3dev/portlibs/ppu/lib\libtiny3d.a(tiny3d.o)
                0x0000000000015948                .tiny3d_SetMatrixModelView
 .text.tiny3d_SetProjectionMatrix
                0x0000000000015bc0       0xd8 f:/PSDK3/ps3dev/portlibs/ppu/lib\libtiny3d.a(tiny3d.o)
                0x0000000000015bc0                .tiny3d_SetProjectionMatrix
 .text.tiny3d_Flip
                0x0000000000015c98       0xf8 f:/PSDK3/ps3dev/portlibs/ppu/lib\libtiny3d.a(tiny3d.o)
                0x0000000000015c98                .tiny3d_Flip
 .text.tiny3d_UserViewport
                0x0000000000015d90       0x5c f:/PSDK3/ps3dev/portlibs/ppu/lib\libtiny3d.a(tiny3d.o)
                0x0000000000015d90                .tiny3d_UserViewport
 *fill*         0x0000000000015dec        0x4 60000000
 .text.tiny3d_UserViewport2
                0x0000000000015df0       0x58 f:/PSDK3/ps3dev/portlibs/ppu/lib\libtiny3d.a(tiny3d.o)
                0x0000000000015df0                .tiny3d_UserViewport2
 .text.tiny3d_UserViewportSurface
                0x0000000000015e48       0x28 f:/PSDK3/ps3dev/portlibs/ppu/lib\libtiny3d.a(tiny3d.o)
                0x0000000000015e48                .tiny3d_UserViewportSurface
 .text.tiny3d_Project2D
                0x0000000000015e70      0x310 f:/PSDK3/ps3dev/portlibs/ppu/lib\libtiny3d.a(tiny3d.o)
                0x0000000000015e70                .tiny3d_Project2D
 .text.tiny3d_Project3D
                0x0000000000016180      0x254 f:/PSDK3/ps3dev/portlibs/ppu/lib\libtiny3d.a(tiny3d.o)
                0x0000000000016180                .tiny3d_Project3D
 *fill*         0x00000000000163d4        0x4 60000000
 .text.tiny3d_Clear
                0x00000000000163d8      0x330 f:/PSDK3/ps3dev/portlibs/ppu/lib\libtiny3d.a(tiny3d.o)
                0x00000000000163d8                .tiny3d_Clear
 .text.tiny3d_ClearSurface
                0x0000000000016708      0x204 f:/PSDK3/ps3dev/portlibs/ppu/lib\libtiny3d.a(tiny3d.o)
                0x0000000000016708                .tiny3d_ClearSurface
 *fill*         0x000000000001690c        0x4 60000000
 .text.tiny3d_AlphaTest
                0x0000000000016910       0x88 f:/PSDK3/ps3dev/portlibs/ppu/lib\libtiny3d.a(tiny3d.o)
                0x0000000000016910                .tiny3d_AlphaTest
 .text.tiny3d_BlendFunc
                0x0000000000016998       0x84 f:/PSDK3/ps3dev/portlibs/ppu/lib\libtiny3d.a(tiny3d.o)
                0x0000000000016998                .tiny3d_BlendFunc
 *fill*         0x0000000000016a1c        0x4 60000000
 .text.tiny3d_SetTextureWrap
                0x0000000000016a20      0x288 f:/PSDK3/ps3dev/portlibs/ppu/lib\libtiny3d.a(tiny3d.o)
                0x0000000000016a20                .tiny3d_SetTextureWrap
 .text.tiny3d_SetTexture
                0x0000000000016ca8      0x1e4 f:/PSDK3/ps3dev/portlibs/ppu/lib\libtiny3d.a(tiny3d.o)
                0x0000000000016ca8                .tiny3d_SetTexture
 *fill*         0x0000000000016e8c        0x4 60000000
 .text.tiny3d_AllocTexture
                0x0000000000016e90       0x38 f:/PSDK3/ps3dev/portlibs/ppu/lib\libtiny3d.a(tiny3d.o)
                0x0000000000016e90                .tiny3d_AllocTexture
 .text.tiny3d_TextureOffset
                0x0000000000016ec8       0x40 f:/PSDK3/ps3dev/portlibs/ppu/lib\libtiny3d.a(tiny3d.o)
                0x0000000000016ec8                .tiny3d_TextureOffset
 .text.tiny3d_EmissiveMaterial
                0x0000000000016f08       0xf4 f:/PSDK3/ps3dev/portlibs/ppu/lib\libtiny3d.a(tiny3d.o)
                0x0000000000016f08                .tiny3d_EmissiveMaterial
 *fill*         0x0000000000016ffc        0x4 60000000
 .text.tiny3d_AmbientMaterial
                0x0000000000017000       0xf4 f:/PSDK3/ps3dev/portlibs/ppu/lib\libtiny3d.a(tiny3d.o)
                0x0000000000017000                .tiny3d_AmbientMaterial
 *fill*         0x00000000000170f4        0x4 60000000
 .text.tiny3d_DiffuseMaterial
                0x00000000000170f8       0xf4 f:/PSDK3/ps3dev/portlibs/ppu/lib\libtiny3d.a(tiny3d.o)
                0x00000000000170f8                .tiny3d_DiffuseMaterial
 *fill*         0x00000000000171ec        0x4 60000000
 .text.tiny3d_SpecularMaterial
                0x00000000000171f0       0xf4 f:/PSDK3/ps3dev/portlibs/ppu/lib\libtiny3d.a(tiny3d.o)
                0x00000000000171f0                .tiny3d_SpecularMaterial
 *fill*         0x00000000000172e4        0x4 60000000
 .text.tiny3d_SetLightCameraPosition
                0x00000000000172e8       0x38 f:/PSDK3/ps3dev/portlibs/ppu/lib\libtiny3d.a(tiny3d.o)
                0x00000000000172e8                .tiny3d_SetLightCameraPosition
 .text.tiny3d_SetLight
                0x0000000000017320       0x90 f:/PSDK3/ps3dev/portlibs/ppu/lib\libtiny3d.a(tiny3d.o)
                0x0000000000017320                .tiny3d_SetLight
 .text.tiny3d_SetLightsOff
                0x00000000000173b0       0x38 f:/PSDK3/ps3dev/portlibs/ppu/lib\libtiny3d.a(tiny3d.o)
                0x00000000000173b0                .tiny3d_SetLightsOff
 .text.tiny3d_SetAmbientLight
                0x00000000000173e8       0x38 f:/PSDK3/ps3dev/portlibs/ppu/lib\libtiny3d.a(tiny3d.o)
                0x00000000000173e8                .tiny3d_SetAmbientLight
 .text.tiny3d_SelMultiTexturesMethod
                0x0000000000017420       0xac f:/PSDK3/ps3dev/portlibs/ppu/lib\libtiny3d.a(tiny3d.o)
                0x0000000000017420                .tiny3d_SelMultiTexturesMethod
 *fill*         0x00000000000174cc        0x4 60000000
 .text.tiny3d_DrawList
                0x00000000000174d0      0x65c f:/PSDK3/ps3dev/portlibs/ppu/lib\libtiny3d.a(tiny3d.o)
                0x00000000000174d0                .tiny3d_DrawList
 *fill*         0x0000000000017b2c        0x4 60000000
 .text.tiny3d_MenuActive
                0x0000000000017b30       0x1c f:/PSDK3/ps3dev/portlibs/ppu/lib\libtiny3d.a(tiny3d.o)
                0x0000000000017b30                .tiny3d_MenuActive
 *fill*         0x0000000000017b4c        0x4 60000000
 .text.tiny3d_Enable_YUV
                0x0000000000017b50       0x2c f:/PSDK3/ps3dev/portlibs/ppu/lib\libtiny3d.a(tiny3d.o)
                0x0000000000017b50                .tiny3d_Enable_YUV
 *fill*         0x0000000000017b7c        0x4 60000000
 .text.tiny3d_Disable_YUV
                0x0000000000017b80       0x28 f:/PSDK3/ps3dev/portlibs/ppu/lib\libtiny3d.a(tiny3d.o)
                0x0000000000017b80                .tiny3d_Disable_YUV
 .text.tiny3d_Dirty_Status
                0x0000000000017ba8       0x78 f:/PSDK3/ps3dev/portlibs/ppu/lib\libtiny3d.a(tiny3d.o)
                0x0000000000017ba8                .tiny3d_Dirty_Status
 .text.tiny3d_Get_GCM_Context
                0x0000000000017c20       0x18 f:/PSDK3/ps3dev/portlibs/ppu/lib\libtiny3d.a(tiny3d.o)
                0x0000000000017c20                .tiny3d_Get_GCM_Context
 .text.tiny3d_DoCmd_Space
                0x0000000000017c38       0x4c f:/PSDK3/ps3dev/portlibs/ppu/lib\libtiny3d.a(tiny3d.o)
                0x0000000000017c38                .tiny3d_DoCmd_Space
 .text          0x0000000000017c84        0x0 f:/PSDK3/ps3dev/portlibs/ppu/lib\libtiny3d.a(vshader_text_normal.vcg.o)
 .text          0x0000000000017c84        0x0 f:/PSDK3/ps3dev/portlibs/ppu/lib\libtiny3d.a(commands.o)
 *fill*         0x0000000000017c84        0x4 60000000
 .text.rsxtiny_MakeCmdSpace
                0x0000000000017c88       0xec f:/PSDK3/ps3dev/portlibs/ppu/lib\libtiny3d.a(commands.o)
                0x0000000000017c88                .rsxtiny_MakeCmdSpace
 *fill*         0x0000000000017d74        0x4 60000000
 .text.rsxtiny_SetReferenceCommand
                0x0000000000017d78      0x10c f:/PSDK3/ps3dev/portlibs/ppu/lib\libtiny3d.a(commands.o)
                0x0000000000017d78                .rsxtiny_SetReferenceCommand
 *fill*         0x0000000000017e84        0x4 60000000
 .text.rsxtiny_SetWriteBackendLabel
                0x0000000000017e88      0x154 f:/PSDK3/ps3dev/portlibs/ppu/lib\libtiny3d.a(commands.o)
                0x0000000000017e88                .rsxtiny_SetWriteBackendLabel
 *fill*         0x0000000000017fdc        0x4 60000000
 .text.rsxtiny_SetWaitLabel
                0x0000000000017fe0      0x134 f:/PSDK3/ps3dev/portlibs/ppu/lib\libtiny3d.a(commands.o)
                0x0000000000017fe0                .rsxtiny_SetWaitLabel
 *fill*         0x0000000000018114        0x4 60000000
 .text.rsxtiny_SetScissor
                0x0000000000018118      0x154 f:/PSDK3/ps3dev/portlibs/ppu/lib\libtiny3d.a(commands.o)
                0x0000000000018118                .rsxtiny_SetScissor
 *fill*         0x000000000001826c        0x4 60000000
 .text.rsxtiny_SetClearColor
                0x0000000000018270      0x10c f:/PSDK3/ps3dev/portlibs/ppu/lib\libtiny3d.a(commands.o)
                0x0000000000018270                .rsxtiny_SetClearColor
 *fill*         0x000000000001837c        0x4 60000000
 .text.rsxtiny_SetClearDepthValue
                0x0000000000018380      0x10c f:/PSDK3/ps3dev/portlibs/ppu/lib\libtiny3d.a(commands.o)
                0x0000000000018380                .rsxtiny_SetClearDepthValue
 *fill*         0x000000000001848c        0x4 60000000
 .text.rsxtiny_Nop
                0x0000000000018490       0xfc f:/PSDK3/ps3dev/portlibs/ppu/lib\libtiny3d.a(commands.o)
                0x0000000000018490                .rsxtiny_Nop
 *fill*         0x000000000001858c        0x4 60000000
 .text.rsxtiny_ClearBuffers
                0x0000000000018590      0x12c f:/PSDK3/ps3dev/portlibs/ppu/lib\libtiny3d.a(commands.o)
                0x0000000000018590                .rsxtiny_ClearBuffers
 *fill*         0x00000000000186bc        0x4 60000000
 .text.rsxtiny_SetRenderSurface
                0x00000000000186c0      0x17c f:/PSDK3/ps3dev/portlibs/ppu/lib\libtiny3d.a(commands.o)
                0x00000000000186c0                .rsxtiny_SetRenderSurface
 *fill*         0x000000000001883c        0x4 60000000
 .text.rsxtiny_SelectRenderTarget
                0x0000000000018840      0x204 f:/PSDK3/ps3dev/portlibs/ppu/lib\libtiny3d.a(commands.o)
                0x0000000000018840                .rsxtiny_SelectRenderTarget
 *fill*         0x0000000000018a44        0x4 60000000
 .text.rsxtiny_Viewport
                0x0000000000018a48      0x12c f:/PSDK3/ps3dev/portlibs/ppu/lib\libtiny3d.a(commands.o)
                0x0000000000018a48                .rsxtiny_Viewport
 *fill*         0x0000000000018b74        0x4 60000000
 .text.rsxtiny_ViewportClip
                0x0000000000018b78      0x14c f:/PSDK3/ps3dev/portlibs/ppu/lib\libtiny3d.a(commands.o)
                0x0000000000018b78                .rsxtiny_ViewportClip
 *fill*         0x0000000000018cc4        0x4 60000000
 .text.rsxtiny_VertexBegin
                0x0000000000018cc8      0x10c f:/PSDK3/ps3dev/portlibs/ppu/lib\libtiny3d.a(commands.o)
                0x0000000000018cc8                .rsxtiny_VertexBegin
 *fill*         0x0000000000018dd4        0x4 60000000
 .text.rsxtiny_VertexEnd
                0x0000000000018dd8       0xfc f:/PSDK3/ps3dev/portlibs/ppu/lib\libtiny3d.a(commands.o)
                0x0000000000018dd8                .rsxtiny_VertexEnd
 *fill*         0x0000000000018ed4        0x4 60000000
 .text.rsxtiny_Vertex4f
                0x0000000000018ed8      0x134 f:/PSDK3/ps3dev/portlibs/ppu/lib\libtiny3d.a(commands.o)
                0x0000000000018ed8                .rsxtiny_Vertex4f
 *fill*         0x000000000001900c        0x4 60000000
 .text.rsxtiny_TexCoord2f
                0x0000000000019010      0x114 f:/PSDK3/ps3dev/portlibs/ppu/lib\libtiny3d.a(commands.o)
                0x0000000000019010                .rsxtiny_TexCoord2f
 *fill*         0x0000000000019124        0x4 60000000
 .text.rsxtiny_SetVertexProgramConstant4f
                0x0000000000019128      0x14c f:/PSDK3/ps3dev/portlibs/ppu/lib\libtiny3d.a(commands.o)
                0x0000000000019128                .rsxtiny_SetVertexProgramConstant4f
 *fill*         0x0000000000019274        0x4 60000000
 .text.rsxtiny_LoadVertexProgram
                0x0000000000019278      0x2f4 f:/PSDK3/ps3dev/portlibs/ppu/lib\libtiny3d.a(commands.o)
                0x0000000000019278                .rsxtiny_LoadVertexProgram
 *fill*         0x000000000001956c        0x4 60000000
 .text.rsxtiny_SetVertexProgramConstant4fBlock
                0x0000000000019570      0x160 f:/PSDK3/ps3dev/portlibs/ppu/lib\libtiny3d.a(commands.o)
                0x0000000000019570                .rsxtiny_SetVertexProgramConstant4fBlock
 .text.rsxtiny_InstallFragmentProgram
                0x00000000000196d0       0x70 f:/PSDK3/ps3dev/portlibs/ppu/lib\libtiny3d.a(commands.o)
                0x00000000000196d0                .rsxtiny_InstallFragmentProgram
 .text.rsxtiny_LoadFragmentProgram
                0x0000000000019740      0x13c f:/PSDK3/ps3dev/portlibs/ppu/lib\libtiny3d.a(commands.o)
                0x0000000000019740                .rsxtiny_LoadFragmentProgram
 *fill*         0x000000000001987c        0x4 60000000
 .text.rsxtiny_InvalidateTextureCache
                0x0000000000019880      0x10c f:/PSDK3/ps3dev/portlibs/ppu/lib\libtiny3d.a(commands.o)
                0x0000000000019880                .rsxtiny_InvalidateTextureCache
 *fill*         0x000000000001998c        0x4 60000000
 .text.rsxtiny_SetTexture
                0x0000000000019990      0x204 f:/PSDK3/ps3dev/portlibs/ppu/lib\libtiny3d.a(commands.o)
                0x0000000000019990                .rsxtiny_SetTexture
 *fill*         0x0000000000019b94        0x4 60000000
 .text.rsxtiny_ViewportTranslate
                0x0000000000019b98      0x134 f:/PSDK3/ps3dev/portlibs/ppu/lib\libtiny3d.a(commands.o)
                0x0000000000019b98                .rsxtiny_ViewportTranslate
 *fill*         0x0000000000019ccc        0x4 60000000
 .text.rsxtiny_ViewportScale
                0x0000000000019cd0      0x134 f:/PSDK3/ps3dev/portlibs/ppu/lib\libtiny3d.a(commands.o)
                0x0000000000019cd0                .rsxtiny_ViewportScale
 *fill*         0x0000000000019e04        0x4 60000000
 .text.rsxtiny_CullFace
                0x0000000000019e08      0x10c f:/PSDK3/ps3dev/portlibs/ppu/lib\libtiny3d.a(commands.o)
                0x0000000000019e08                .rsxtiny_CullFace
 *fill*         0x0000000000019f14        0x4 60000000
 .text.rsxtiny_FrontFace
                0x0000000000019f18      0x10c f:/PSDK3/ps3dev/portlibs/ppu/lib\libtiny3d.a(commands.o)
                0x0000000000019f18                .rsxtiny_FrontFace
 *fill*         0x000000000001a024        0x4 60000000
 .text.rsxtiny_CullEnable
                0x000000000001a028      0x10c f:/PSDK3/ps3dev/portlibs/ppu/lib\libtiny3d.a(commands.o)
                0x000000000001a028                .rsxtiny_CullEnable
 *fill*         0x000000000001a134        0x4 60000000
 .text.rsxtiny_AlphaEnable
                0x000000000001a138      0x10c f:/PSDK3/ps3dev/portlibs/ppu/lib\libtiny3d.a(commands.o)
                0x000000000001a138                .rsxtiny_AlphaEnable
 *fill*         0x000000000001a244        0x4 60000000
 .text.rsxtiny_AlphaRef
                0x000000000001a248      0x10c f:/PSDK3/ps3dev/portlibs/ppu/lib\libtiny3d.a(commands.o)
                0x000000000001a248                .rsxtiny_AlphaRef
 *fill*         0x000000000001a354        0x4 60000000
 .text.rsxtiny_AlphaFunc
                0x000000000001a358      0x10c f:/PSDK3/ps3dev/portlibs/ppu/lib\libtiny3d.a(commands.o)
                0x000000000001a358                .rsxtiny_AlphaFunc
 *fill*         0x000000000001a464        0x4 60000000
 .text.rsxtiny_BlendEnable
                0x000000000001a468      0x10c f:/PSDK3/ps3dev/portlibs/ppu/lib\libtiny3d.a(commands.o)
                0x000000000001a468                .rsxtiny_BlendEnable
 *fill*         0x000000000001a574        0x4 60000000
 .text.rsxtiny_BlendEquation
                0x000000000001a578      0x10c f:/PSDK3/ps3dev/portlibs/ppu/lib\libtiny3d.a(commands.o)
                0x000000000001a578                .rsxtiny_BlendEquation
 *fill*         0x000000000001a684        0x4 60000000
 .text.rsxtiny_BlendFunc
                0x000000000001a688      0x124 f:/PSDK3/ps3dev/portlibs/ppu/lib\libtiny3d.a(commands.o)
                0x000000000001a688                .rsxtiny_BlendFunc
 *fill*         0x000000000001a7ac        0x4 60000000
 .text.rsxtiny_ZControl
                0x000000000001a7b0      0x13c f:/PSDK3/ps3dev/portlibs/ppu/lib\libtiny3d.a(commands.o)
                0x000000000001a7b0                .rsxtiny_ZControl
 *fill*         0x000000000001a8ec        0x4 60000000
 .text.rsxtiny_BindVertexBufferAttribute
                0x000000000001a8f0      0x194 f:/PSDK3/ps3dev/portlibs/ppu/lib\libtiny3d.a(commands.o)
                0x000000000001a8f0                .rsxtiny_BindVertexBufferAttribute
 *fill*         0x000000000001aa84        0x4 60000000
 .text.rsxtiny_VertexInvalidate
                0x000000000001aa88      0x10c f:/PSDK3/ps3dev/portlibs/ppu/lib\libtiny3d.a(commands.o)
                0x000000000001aa88                .rsxtiny_VertexInvalidate
 *fill*         0x000000000001ab94        0x4 60000000
 .text.rsxtiny_DrawVertexBuffer
                0x000000000001ab98      0x2f0 f:/PSDK3/ps3dev/portlibs/ppu/lib\libtiny3d.a(commands.o)
                0x000000000001ab98                .rsxtiny_DrawVertexBuffer
 .text.rsxtiny_DrawVertexBufferIndex
                0x000000000001ae88      0x33c f:/PSDK3/ps3dev/portlibs/ppu/lib\libtiny3d.a(commands.o)
                0x000000000001ae88                .rsxtiny_DrawVertexBufferIndex
 *fill*         0x000000000001b1c4        0x4 60000000
 .text.rsxtiny_DepthTestEnable
                0x000000000001b1c8      0x10c f:/PSDK3/ps3dev/portlibs/ppu/lib\libtiny3d.a(commands.o)
                0x000000000001b1c8                .rsxtiny_DepthTestEnable
 *fill*         0x000000000001b2d4        0x4 60000000
 .text.rsxtiny_DepthTestFunc
                0x000000000001b2d8      0x10c f:/PSDK3/ps3dev/portlibs/ppu/lib\libtiny3d.a(commands.o)
                0x000000000001b2d8                .rsxtiny_DepthTestFunc
 *fill*         0x000000000001b3e4        0x4 60000000
 .text.rsxtiny_DepthWriteEnable
                0x000000000001b3e8      0x10c f:/PSDK3/ps3dev/portlibs/ppu/lib\libtiny3d.a(commands.o)
                0x000000000001b3e8                .rsxtiny_DepthWriteEnable
 .text          0x000000000001b4f4        0x0 f:/PSDK3/ps3dev/portlibs/ppu/lib\libtiny3d.a(glue.o)
 *fill*         0x000000000001b4f4        0x4 60000000
 .text.rsxtiny_FlushBuffer
                0x000000000001b4f8       0x78 f:/PSDK3/ps3dev/portlibs/ppu/lib\libtiny3d.a(glue.o)
                0x000000000001b4f8                .rsxtiny_FlushBuffer
 .text.rsxtiny_Init
                0x000000000001b570       0x58 f:/PSDK3/ps3dev/portlibs/ppu/lib\libtiny3d.a(glue.o)
                0x000000000001b570                .rsxtiny_Init
 .text.rsxtiny_AddressToOffset
                0x000000000001b5c8       0x30 f:/PSDK3/ps3dev/portlibs/ppu/lib\libtiny3d.a(glue.o)
                0x000000000001b5c8                .rsxtiny_AddressToOffset
 .text          0x000000000001b5f8        0x0 f:/PSDK3/ps3dev/portlibs/ppu/lib\libtiny3d.a(matrix.o)
 .text.MatrixProjPerspective
                0x000000000001b5f8      0x120 f:/PSDK3/ps3dev/portlibs/ppu/lib\libtiny3d.a(matrix.o)
                0x000000000001b5f8                .MatrixProjPerspective
 .text.MatrixVectorMultiply
                0x000000000001b718       0xa8 f:/PSDK3/ps3dev/portlibs/ppu/lib\libtiny3d.a(matrix.o)
                0x000000000001b718                .MatrixVectorMultiply
 .text.MatrixVectorMultiply3x3
                0x000000000001b7c0       0x90 f:/PSDK3/ps3dev/portlibs/ppu/lib\libtiny3d.a(matrix.o)
                0x000000000001b7c0                .MatrixVectorMultiply3x3
 .text.MatrixMultiply
                0x000000000001b850      0x3d8 f:/PSDK3/ps3dev/portlibs/ppu/lib\libtiny3d.a(matrix.o)
                0x000000000001b850                .MatrixMultiply
 .text.MatrixIdentity
                0x000000000001bc28       0x54 f:/PSDK3/ps3dev/portlibs/ppu/lib\libtiny3d.a(matrix.o)
                0x000000000001bc28                .MatrixIdentity
 *fill*         0x000000000001bc7c        0x4 60000000
 .text.MatrixTranslation
                0x000000000001bc80       0x58 f:/PSDK3/ps3dev/portlibs/ppu/lib\libtiny3d.a(matrix.o)
                0x000000000001bc80                .MatrixTranslation
 .text.MatrixTranspose
                0x000000000001bcd8       0xb0 f:/PSDK3/ps3dev/portlibs/ppu/lib\libtiny3d.a(matrix.o)
                0x000000000001bcd8                .MatrixTranspose
 .text.MatrixScale
                0x000000000001bd88       0x60 f:/PSDK3/ps3dev/portlibs/ppu/lib\libtiny3d.a(matrix.o)
                0x000000000001bd88                .MatrixScale
 .text.MatrixRotationX
                0x000000000001bde8       0xfc f:/PSDK3/ps3dev/portlibs/ppu/lib\libtiny3d.a(matrix.o)
                0x000000000001bde8                .MatrixRotationX
 *fill*         0x000000000001bee4        0x4 60000000
 .text.MatrixRotationY
                0x000000000001bee8       0xfc f:/PSDK3/ps3dev/portlibs/ppu/lib\libtiny3d.a(matrix.o)
                0x000000000001bee8                .MatrixRotationY
 *fill*         0x000000000001bfe4        0x4 60000000
 .text.MatrixRotationZ
                0x000000000001bfe8       0xdc f:/PSDK3/ps3dev/portlibs/ppu/lib\libtiny3d.a(matrix.o)
                0x000000000001bfe8                .MatrixRotationZ
 *fill*         0x000000000001c0c4        0x4 60000000
 .text.MatrixRotationAxis
                0x000000000001c0c8      0x2dc f:/PSDK3/ps3dev/portlibs/ppu/lib\libtiny3d.a(matrix.o)
                0x000000000001c0c8                .MatrixRotationAxis
 *fill*         0x000000000001c3a4        0x4 60000000
 .text.VectorToUnit
                0x000000000001c3a8       0xbc f:/PSDK3/ps3dev/portlibs/ppu/lib\libtiny3d.a(matrix.o)
                0x000000000001c3a8                .VectorToUnit
 *fill*         0x000000000001c464        0x4 60000000
 .text.VectorNormalPlane
                0x000000000001c468       0xd8 f:/PSDK3/ps3dev/portlibs/ppu/lib\libtiny3d.a(matrix.o)
                0x000000000001c468                .VectorNormalPlane
 .text.MakeLookAtMatrix
                0x000000000001c540      0x2ec f:/PSDK3/ps3dev/portlibs/ppu/lib\libtiny3d.a(matrix.o)
                0x000000000001c540                .MakeLookAtMatrix
 .text          0x000000000001c82c        0x0 f:/PSDK3/ps3dev/portlibs/ppu/lib\libtiny3d.a(mm.o)
 *fill*         0x000000000001c82c        0x4 60000000
 .text.rsxtiny_MemAlign
                0x000000000001c830      0x134 f:/PSDK3/ps3dev/portlibs/ppu/lib\libtiny3d.a(mm.o)
                0x000000000001c830                .rsxtiny_MemAlign
 *fill*         0x000000000001c964        0x4 60000000
 .text.rsxtiny_Mem
                0x000000000001c968       0x18 f:/PSDK3/ps3dev/portlibs/ppu/lib\libtiny3d.a(mm.o)
                0x000000000001c968                .rsxtiny_Mem
 .text          0x000000000001c980        0x0 f:/PSDK3/ps3dev/portlibs/ppu/lib\libtiny3d.a(realityVP.o)
 .text.rsxtiny_VertexProgramGetUCode
                0x000000000001c980       0x18 f:/PSDK3/ps3dev/portlibs/ppu/lib\libtiny3d.a(realityVP.o)
                0x000000000001c980                .rsxtiny_VertexProgramGetUCode
 .text.rsxtiny_VertexProgramGetInputMask
                0x000000000001c998       0x14 f:/PSDK3/ps3dev/portlibs/ppu/lib\libtiny3d.a(realityVP.o)
                0x000000000001c998                .rsxtiny_VertexProgramGetInputMask
 *fill*         0x000000000001c9ac        0x4 60000000
 .text.rsxtiny_VertexProgramGetOutputMask
                0x000000000001c9b0       0x14 f:/PSDK3/ps3dev/portlibs/ppu/lib\libtiny3d.a(realityVP.o)
                0x000000000001c9b0                .rsxtiny_VertexProgramGetOutputMask
 *fill*         0x000000000001c9c4        0x4 60000000
 .text.rsxtiny_VertexProgramGetAttributes
                0x000000000001c9c8       0x18 f:/PSDK3/ps3dev/portlibs/ppu/lib\libtiny3d.a(realityVP.o)
                0x000000000001c9c8                .rsxtiny_VertexProgramGetAttributes
 .text.rsxtiny_VertexProgramGetInputAttribute
                0x000000000001c9e0       0xe4 f:/PSDK3/ps3dev/portlibs/ppu/lib\libtiny3d.a(realityVP.o)
                0x000000000001c9e0                .rsxtiny_VertexProgramGetInputAttribute
 *fill*         0x000000000001cac4        0x4 60000000
 .text.rsxtiny_VertexProgramGetConstants
                0x000000000001cac8       0x18 f:/PSDK3/ps3dev/portlibs/ppu/lib\libtiny3d.a(realityVP.o)
                0x000000000001cac8                .rsxtiny_VertexProgramGetConstants
 .text.rsxtiny_VertexProgramGetConstant
                0x000000000001cae0       0xe4 f:/PSDK3/ps3dev/portlibs/ppu/lib\libtiny3d.a(realityVP.o)
                0x000000000001cae0                .rsxtiny_VertexProgramGetConstant
 .text          0x000000000001cbc4        0x0 f:/PSDK3/ps3dev/portlibs/ppu/lib\libtiny3d.a(rsxutil.o)
 *fill*         0x000000000001cbc4        0x4 60000000
 .text.waitFlip
                0x000000000001cbc8       0xcc f:/PSDK3/ps3dev/portlibs/ppu/lib\libtiny3d.a(rsxutil.o)
                0x000000000001cbc8                .waitFlip
 *fill*         0x000000000001cc94        0x4 60000000
 .text.flip     0x000000000001cc98       0x5c f:/PSDK3/ps3dev/portlibs/ppu/lib\libtiny3d.a(rsxutil.o)
                0x000000000001cc98                .flip
 *fill*         0x000000000001ccf4        0x4 60000000
 .text.init_screen
                0x000000000001ccf8      0x364 f:/PSDK3/ps3dev/portlibs/ppu/lib\libtiny3d.a(rsxutil.o)
                0x000000000001ccf8                .init_screen
 *fill*         0x000000000001d05c        0x4 60000000
 .text.setupRenderTarget
                0x000000000001d060      0x108 f:/PSDK3/ps3dev/portlibs/ppu/lib\libtiny3d.a(rsxutil.o)
                0x000000000001d060                .setupRenderTarget
 .text.setupRenderTarget2
                0x000000000001d168      0x13c f:/PSDK3/ps3dev/portlibs/ppu/lib\libtiny3d.a(rsxutil.o)
                0x000000000001d168                .setupRenderTarget2
 .text          0x000000000001d2a4        0x0 f:/PSDK3/ps3dev/portlibs/ppu/lib\libtiny3d.a(buffer.o)
 *fill*         0x000000000001d2a4        0x4 60000000
 .text.tiny_rsxContextCallback
                0x000000000001d2a8       0x50 f:/PSDK3/ps3dev/portlibs/ppu/lib\libtiny3d.a(buffer.o)
                0x000000000001d2a8                .tiny_rsxContextCallback
 .text.commandBufferPut
                0x000000000001d2f8       0x20 f:/PSDK3/ps3dev/portlibs/ppu/lib\libtiny3d.a(buffer.o)
                0x000000000001d2f8                .commandBufferPut
 .text          0x000000000001d318        0x0 f:/PSDK3/psl1ght/ppu/lib\libgcm_sys.a(sprx.o)
 .text          0x000000000001d318        0x0 f:/PSDK3/psl1ght/ppu/lib\libio.a(sprx.o)
 .text          0x000000000001d318        0x0 f:/PSDK3/psl1ght/ppu/lib\libsysutil.a(sprx.o)
 .text          0x000000000001d318        0x0 f:/PSDK3/psl1ght/ppu/lib\libsysutil.a(sysutil_wrapper.o)
 .text.sysUtilRegisterCallback
                0x000000000001d318       0x34 f:/PSDK3/psl1ght/ppu/lib\libsysutil.a(sysutil_wrapper.o)
                0x000000000001d318                .sysUtilRegisterCallback
 *fill*         0x000000000001d34c        0x4 60000000
 .text.msgDialogOpen
                0x000000000001d350       0x34 f:/PSDK3/psl1ght/ppu/lib\libsysutil.a(sysutil_wrapper.o)
                0x000000000001d350                .msgDialogOpen
 *fill*         0x000000000001d384        0x4 60000000
 .text.msgDialogOpen2
                0x000000000001d388       0x34 f:/PSDK3/psl1ght/ppu/lib\libsysutil.a(sysutil_wrapper.o)
                0x000000000001d388                .msgDialogOpen2
 *fill*         0x000000000001d3bc        0x4 60000000
 .text.msgDialogOpenErrorCode
                0x000000000001d3c0       0x34 f:/PSDK3/psl1ght/ppu/lib\libsysutil.a(sysutil_wrapper.o)
                0x000000000001d3c0                .msgDialogOpenErrorCode
 *fill*         0x000000000001d3f4        0x4 60000000
 .text.sysSaveListLoad2
                0x000000000001d3f8       0x3c f:/PSDK3/psl1ght/ppu/lib\libsysutil.a(sysutil_wrapper.o)
                0x000000000001d3f8                .sysSaveListLoad2
 *fill*         0x000000000001d434        0x4 60000000
 .text.sysSaveListSave2
                0x000000000001d438       0x3c f:/PSDK3/psl1ght/ppu/lib\libsysutil.a(sysutil_wrapper.o)
                0x000000000001d438                .sysSaveListSave2
 *fill*         0x000000000001d474        0x4 60000000
 .text.sysSaveListAutoLoad
                0x000000000001d478       0x44 f:/PSDK3/psl1ght/ppu/lib\libsysutil.a(sysutil_wrapper.o)
                0x000000000001d478                .sysSaveListAutoLoad
 *fill*         0x000000000001d4bc        0x4 60000000
 .text.sysSaveListAutoSave
                0x000000000001d4c0       0x44 f:/PSDK3/psl1ght/ppu/lib\libsysutil.a(sysutil_wrapper.o)
                0x000000000001d4c0                .sysSaveListAutoSave
 *fill*         0x000000000001d504        0x4 60000000
 .text.sysSaveFixedLoad2
                0x000000000001d508       0x3c f:/PSDK3/psl1ght/ppu/lib\libsysutil.a(sysutil_wrapper.o)
                0x000000000001d508                .sysSaveFixedLoad2
 *fill*         0x000000000001d544        0x4 60000000
 .text.sysSaveFixedSave2
                0x000000000001d548       0x3c f:/PSDK3/psl1ght/ppu/lib\libsysutil.a(sysutil_wrapper.o)
                0x000000000001d548                .sysSaveFixedSave2
 *fill*         0x000000000001d584        0x4 60000000
 .text.sysSaveAutoLoad2
                0x000000000001d588       0x38 f:/PSDK3/psl1ght/ppu/lib\libsysutil.a(sysutil_wrapper.o)
                0x000000000001d588                .sysSaveAutoLoad2
 .text.sysSaveAutoSave2
                0x000000000001d5c0       0x38 f:/PSDK3/psl1ght/ppu/lib\libsysutil.a(sysutil_wrapper.o)
                0x000000000001d5c0                .sysSaveAutoSave2
 .text.sysGameThemeInstallFromBuffer
                0x000000000001d5f8       0x34 f:/PSDK3/psl1ght/ppu/lib\libsysutil.a(sysutil_wrapper.o)
                0x000000000001d5f8                .sysGameThemeInstallFromBuffer
 *fill*         0x000000000001d62c        0x4 60000000
 .text.sysGameDiscRegisterDiscChangeCallback
                0x000000000001d630       0x38 f:/PSDK3/psl1ght/ppu/lib\libsysutil.a(sysutil_wrapper.o)
                0x000000000001d630                .sysGameDiscRegisterDiscChangeCallback
 .text.sysDiscRegisterDiscChangeCallback
                0x000000000001d668       0x38 f:/PSDK3/psl1ght/ppu/lib\libsysutil.a(sysutil_wrapper.o)
                0x000000000001d668                .sysDiscRegisterDiscChangeCallback
 .text          0x000000000001d6a0        0x0 f:/PSDK3/psl1ght/ppu/lib\librt.a(sbrk.o)
 .text.sbrk_init
                0x000000000001d6a0       0xc4 f:/PSDK3/psl1ght/ppu/lib\librt.a(sbrk.o)
 *fill*         0x000000000001d764        0x4 60000000
 .text.sbrk_deinit
                0x000000000001d768       0xbc f:/PSDK3/psl1ght/ppu/lib\librt.a(sbrk.o)
 *fill*         0x000000000001d824        0x4 60000000
 .text.__librt_sbrk_r
                0x000000000001d828      0x324 f:/PSDK3/psl1ght/ppu/lib\librt.a(sbrk.o)
                0x000000000001d828                .__librt_sbrk_r
 .text          0x000000000001db4c        0x0 f:/PSDK3/psl1ght/ppu/lib\librt.a(exit.o)
 *fill*         0x000000000001db4c        0x4 60000000
 .text.__librt_exit
                0x000000000001db50       0x30 f:/PSDK3/psl1ght/ppu/lib\librt.a(exit.o)
                0x000000000001db50                .__librt_exit
 .text          0x000000000001db80        0x0 f:/PSDK3/psl1ght/ppu/lib\librt.a(close.o)
 .text.__librt_close_r
                0x000000000001db80       0x8c f:/PSDK3/psl1ght/ppu/lib\librt.a(close.o)
                0x000000000001db80                .__librt_close_r
 .text          0x000000000001dc0c        0x0 f:/PSDK3/psl1ght/ppu/lib\librt.a(lseek.o)
 *fill*         0x000000000001dc0c        0x4 60000000
 .text.__librt_lseek_r
                0x000000000001dc10       0x8c f:/PSDK3/psl1ght/ppu/lib\librt.a(lseek.o)
                0x000000000001dc10                .__librt_lseek_r
 *fill*         0x000000000001dc9c        0x4 60000000
 .text.__librt_lseek64_r
                0x000000000001dca0       0x8c f:/PSDK3/psl1ght/ppu/lib\librt.a(lseek.o)
                0x000000000001dca0                .__librt_lseek64_r
 .text          0x000000000001dd2c        0x0 f:/PSDK3/psl1ght/ppu/lib\librt.a(read.o)
 *fill*         0x000000000001dd2c        0x4 60000000
 .text.__librt_read_r
                0x000000000001dd30      0x11c f:/PSDK3/psl1ght/ppu/lib\librt.a(read.o)
                0x000000000001dd30                .__librt_read_r
 .text          0x000000000001de4c        0x0 f:/PSDK3/psl1ght/ppu/lib\librt.a(open.o)
 *fill*         0x000000000001de4c        0x4 60000000
 .text.__librt_open_r
                0x000000000001de50      0x180 f:/PSDK3/psl1ght/ppu/lib\librt.a(open.o)
                0x000000000001de50                .__librt_open_r
 .text          0x000000000001dfd0        0x0 f:/PSDK3/psl1ght/ppu/lib\librt.a(sleep.o)
 .text.__librt_usleep_r
                0x000000000001dfd0       0x50 f:/PSDK3/psl1ght/ppu/lib\librt.a(sleep.o)
                0x000000000001dfd0                .__librt_usleep_r
 .text.__librt_sleep_r
                0x000000000001e020       0x8c f:/PSDK3/psl1ght/ppu/lib\librt.a(sleep.o)
                0x000000000001e020                .__librt_sleep_r
 .text          0x000000000001e0ac        0x0 f:/PSDK3/psl1ght/ppu/lib\librt.a(write.o)
 *fill*         0x000000000001e0ac        0x4 60000000
 .text.__librt_write_r
                0x000000000001e0b0      0x11c f:/PSDK3/psl1ght/ppu/lib\librt.a(write.o)
                0x000000000001e0b0                .__librt_write_r
 .text          0x000000000001e1cc        0x0 f:/PSDK3/psl1ght/ppu/lib\librt.a(fstat.o)
 *fill*         0x000000000001e1cc        0x4 60000000
 .text.__librt_fstat_r
                0x000000000001e1d0       0xd0 f:/PSDK3/psl1ght/ppu/lib\librt.a(fstat.o)
                0x000000000001e1d0                .__librt_fstat_r
 .text.__librt_fstat64_r
                0x000000000001e2a0       0xd0 f:/PSDK3/psl1ght/ppu/lib\librt.a(fstat.o)
                0x000000000001e2a0                .__librt_fstat64_r
 .text.__librt_stat_r
                0x000000000001e370       0xd0 f:/PSDK3/psl1ght/ppu/lib\librt.a(fstat.o)
                0x000000000001e370                .__librt_stat_r
 .text.__librt_stat64_r
                0x000000000001e440       0xd0 f:/PSDK3/psl1ght/ppu/lib\librt.a(fstat.o)
                0x000000000001e440                .__librt_stat64_r
 .text          0x000000000001e510        0x0 f:/PSDK3/psl1ght/ppu/lib\librt.a(socket.o)
 .text.accept   0x000000000001e510       0xa0 f:/PSDK3/psl1ght/ppu/lib\librt.a(socket.o)
                0x000000000001e510                .accept
 .text.bind     0x000000000001e5b0       0x48 f:/PSDK3/psl1ght/ppu/lib\librt.a(socket.o)
                0x000000000001e5b0                .bind
 .text.connect  0x000000000001e5f8       0x48 f:/PSDK3/psl1ght/ppu/lib\librt.a(socket.o)
                0x000000000001e5f8                .connect
 .text.listen   0x000000000001e640       0x48 f:/PSDK3/psl1ght/ppu/lib\librt.a(socket.o)
                0x000000000001e640                .listen
 .text.socket   0x000000000001e688       0x54 f:/PSDK3/psl1ght/ppu/lib\librt.a(socket.o)
                0x000000000001e688                .socket
 *fill*         0x000000000001e6dc        0x4 60000000
 .text.send     0x000000000001e6e0       0x50 f:/PSDK3/psl1ght/ppu/lib\librt.a(socket.o)
                0x000000000001e6e0                .send
 .text.sendto   0x000000000001e730       0x48 f:/PSDK3/psl1ght/ppu/lib\librt.a(socket.o)
                0x000000000001e730                .sendto
 .text.recv     0x000000000001e778       0x50 f:/PSDK3/psl1ght/ppu/lib\librt.a(socket.o)
                0x000000000001e778                .recv
 .text.recvfrom
                0x000000000001e7c8       0x98 f:/PSDK3/psl1ght/ppu/lib\librt.a(socket.o)
                0x000000000001e7c8                .recvfrom
 .text.shutdown
                0x000000000001e860       0x48 f:/PSDK3/psl1ght/ppu/lib\librt.a(socket.o)
                0x000000000001e860                .shutdown
 .text.inet_aton
                0x000000000001e8a8       0xb8 f:/PSDK3/psl1ght/ppu/lib\librt.a(socket.o)
                0x000000000001e8a8                .inet_aton
 .text.inet_pton
                0x000000000001e960       0x54 f:/PSDK3/psl1ght/ppu/lib\librt.a(socket.o)
                0x000000000001e960                .inet_pton
 *fill*         0x000000000001e9b4        0x4 60000000
 .text.select   0x000000000001e9b8       0x3c f:/PSDK3/psl1ght/ppu/lib\librt.a(socket.o)
                0x000000000001e9b8                .select
 *fill*         0x000000000001e9f4        0x4 60000000
 .text.closesocket
                0x000000000001e9f8       0x48 f:/PSDK3/psl1ght/ppu/lib\librt.a(socket.o)
                0x000000000001e9f8                .closesocket
 .text          0x000000000001ea40        0x0 f:/PSDK3/psl1ght/ppu/lib\librt.a(lock.o)
 .text.__librt_sys_lwmutex_create_r
                0x000000000001ea40       0x38 f:/PSDK3/psl1ght/ppu/lib\librt.a(lock.o)
                0x000000000001ea40                .__librt_sys_lwmutex_create_r
 .text.__librt_sys_lwmutex_destroy_r
                0x000000000001ea78       0x34 f:/PSDK3/psl1ght/ppu/lib\librt.a(lock.o)
                0x000000000001ea78                .__librt_sys_lwmutex_destroy_r
 *fill*         0x000000000001eaac        0x4 60000000
 .text.__librt_sys_lwmutex_lock_r
                0x000000000001eab0       0x38 f:/PSDK3/psl1ght/ppu/lib\librt.a(lock.o)
                0x000000000001eab0                .__librt_sys_lwmutex_lock_r
 .text.__librt_sys_lwmutex_trylock_r
                0x000000000001eae8       0x34 f:/PSDK3/psl1ght/ppu/lib\librt.a(lock.o)
                0x000000000001eae8                .__librt_sys_lwmutex_trylock_r
 *fill*         0x000000000001eb1c        0x4 60000000
 .text.__librt_sys_lwmutex_unlock_r
                0x000000000001eb20       0x34 f:/PSDK3/psl1ght/ppu/lib\librt.a(lock.o)
                0x000000000001eb20                .__librt_sys_lwmutex_unlock_r
 .text          0x000000000001eb54        0x0 f:/PSDK3/psl1ght/ppu/lib\librt.a(dirent.o)
 *fill*         0x000000000001eb54        0x4 60000000
 .text.readdir_i
                0x000000000001eb58      0x10c f:/PSDK3/psl1ght/ppu/lib\librt.a(dirent.o)
 *fill*         0x000000000001ec64        0x4 60000000
 .text.__librt_opendir_r
                0x000000000001ec68      0x144 f:/PSDK3/psl1ght/ppu/lib\librt.a(dirent.o)
                0x000000000001ec68                .__librt_opendir_r
 *fill*         0x000000000001edac        0x4 60000000
 .text.__librt_readdir_r
                0x000000000001edb0       0x80 f:/PSDK3/psl1ght/ppu/lib\librt.a(dirent.o)
                0x000000000001edb0                .__librt_readdir_r
 .text.__librt_readdir_r_r
                0x000000000001ee30       0x54 f:/PSDK3/psl1ght/ppu/lib\librt.a(dirent.o)
                0x000000000001ee30                .__librt_readdir_r_r
 *fill*         0x000000000001ee84        0x4 60000000
 .text.__librt_closedir_r
                0x000000000001ee88       0x84 f:/PSDK3/psl1ght/ppu/lib\librt.a(dirent.o)
                0x000000000001ee88                .__librt_closedir_r
 *fill*         0x000000000001ef0c        0x4 60000000
 .text.__librt_telldir_r
                0x000000000001ef10       0x24 f:/PSDK3/psl1ght/ppu/lib\librt.a(dirent.o)
                0x000000000001ef10                .__librt_telldir_r
 *fill*         0x000000000001ef34        0x4 60000000
 .text.__librt_rewinddir_r
                0x000000000001ef38       0x18 f:/PSDK3/psl1ght/ppu/lib\librt.a(dirent.o)
                0x000000000001ef38                .__librt_rewinddir_r
 .text.__librt_seekdir_r
                0x000000000001ef50       0x18 f:/PSDK3/psl1ght/ppu/lib\librt.a(dirent.o)
                0x000000000001ef50                .__librt_seekdir_r
 .text          0x000000000001ef68        0x0 f:/PSDK3/psl1ght/ppu/lib\librt.a(mkdir.o)
 .text.__librt_mkdir_r
                0x000000000001ef68       0x60 f:/PSDK3/psl1ght/ppu/lib\librt.a(mkdir.o)
                0x000000000001ef68                .__librt_mkdir_r
 .text          0x000000000001efc8        0x0 f:/PSDK3/psl1ght/ppu/lib\librt.a(times.o)
 .text.__librt_times_r
                0x000000000001efc8       0x1c f:/PSDK3/psl1ght/ppu/lib\librt.a(times.o)
                0x000000000001efc8                .__librt_times_r
 .text          0x000000000001efe4        0x0 f:/PSDK3/psl1ght/ppu/lib\librt.a(umask.o)
 *fill*         0x000000000001efe4        0x4 60000000
 .text.__librt_umask_r
                0x000000000001efe8       0x20 f:/PSDK3/psl1ght/ppu/lib\librt.a(umask.o)
                0x000000000001efe8                .__librt_umask_r
 .text          0x000000000001f008        0x0 f:/PSDK3/psl1ght/ppu/lib\librt.a(lv2errno.o)
 .text.lv2error
                0x000000000001f008      0x3dc f:/PSDK3/psl1ght/ppu/lib\librt.a(lv2errno.o)
                0x000000000001f008                .lv2error
 *fill*         0x000000000001f3e4        0x4 60000000
 .text.lv2errno
                0x000000000001f3e8       0x68 f:/PSDK3/psl1ght/ppu/lib\librt.a(lv2errno.o)
                0x000000000001f3e8                .lv2errno
 .text.lv2errno_r
                0x000000000001f450       0x58 f:/PSDK3/psl1ght/ppu/lib\librt.a(lv2errno.o)
                0x000000000001f450                .lv2errno_r
 .text          0x000000000001f4a8        0x0 f:/PSDK3/psl1ght/ppu/lib\librt.a(heap.o)
 .text.heapInit
                0x000000000001f4a8       0xe8 f:/PSDK3/psl1ght/ppu/lib\librt.a(heap.o)
                0x000000000001f4a8                .heapInit
 .text.heapAllocate
                0x000000000001f590      0x174 f:/PSDK3/psl1ght/ppu/lib\librt.a(heap.o)
                0x000000000001f590                .heapAllocate
 *fill*         0x000000000001f704        0x4 60000000
 .text.heapAllocateAligned
                0x000000000001f708      0x224 f:/PSDK3/psl1ght/ppu/lib\librt.a(heap.o)
                0x000000000001f708                .heapAllocateAligned
 *fill*         0x000000000001f92c        0x4 60000000
 .text.heapFree
                0x000000000001f930      0x224 f:/PSDK3/psl1ght/ppu/lib\librt.a(heap.o)
                0x000000000001f930                .heapFree
 .text          0x000000000001fb54        0x0 f:/PSDK3/psl1ght/ppu/lib\librt.a(chmod.o)
 *fill*         0x000000000001fb54        0x4 60000000
 .text.__librt_chmod_r
                0x000000000001fb58       0x54 f:/PSDK3/psl1ght/ppu/lib\librt.a(chmod.o)
                0x000000000001fb58                .__librt_chmod_r
 .text          0x000000000001fbac        0x0 f:/PSDK3/psl1ght/ppu/lib\librt.a(rmdir.o)
 *fill*         0x000000000001fbac        0x4 60000000
 .text.__librt_rmdir_r
                0x000000000001fbb0       0x50 f:/PSDK3/psl1ght/ppu/lib\librt.a(rmdir.o)
                0x000000000001fbb0                .__librt_rmdir_r
 .text          0x000000000001fc00        0x0 f:/PSDK3/psl1ght/ppu/lib\librt.a(isatty.o)
 .text.__librt_isatty_r
                0x000000000001fc00       0x2c f:/PSDK3/psl1ght/ppu/lib\librt.a(isatty.o)
                0x000000000001fc00                .__librt_isatty_r
 .text          0x000000000001fc2c        0x0 f:/PSDK3/psl1ght/ppu/lib\librt.a(gettod.o)
 *fill*         0x000000000001fc2c        0x4 60000000
 .text.__librt_gettod_r
                0x000000000001fc30       0xb8 f:/PSDK3/psl1ght/ppu/lib\librt.a(gettod.o)
                0x000000000001fc30                .__librt_gettod_r
 .text          0x000000000001fce8        0x0 f:/PSDK3/psl1ght/ppu/lib\librt.a(settod.o)
 .text.__librt_settod_r
                0x000000000001fce8       0x58 f:/PSDK3/psl1ght/ppu/lib\librt.a(settod.o)
                0x000000000001fce8                .__librt_settod_r
 .text          0x000000000001fd40        0x0 f:/PSDK3/psl1ght/ppu/lib\liblv2.a(sprx.o)
 .text          0x000000000001fd40        0x0 f:/PSDK3/psl1ght/ppu/lib\libpngdec.a(pngdec.o)
 .text.png_malloc
                0x000000000001fd40       0x30 f:/PSDK3/psl1ght/ppu/lib\libpngdec.a(pngdec.o)
 .text.png_free
                0x000000000001fd70       0x30 f:/PSDK3/psl1ght/ppu/lib\libpngdec.a(pngdec.o)
 .text.decodePNG
                0x000000000001fda0      0x298 f:/PSDK3/psl1ght/ppu/lib\libpngdec.a(pngdec.o)
 .text.pngLoadFromFile
                0x0000000000020038       0x60 f:/PSDK3/psl1ght/ppu/lib\libpngdec.a(pngdec.o)
                0x0000000000020038                .pngLoadFromFile
 .text.pngLoadFromBuffer
                0x0000000000020098       0x70 f:/PSDK3/psl1ght/ppu/lib\libpngdec.a(pngdec.o)
                0x0000000000020098                .pngLoadFromBuffer
 .text          0x0000000000020108        0x0 f:/PSDK3/psl1ght/ppu/lib\libpngdec.a(sprx.o)
 .text          0x0000000000020108        0x0 f:/PSDK3/psl1ght/ppu/lib\libsysmodule.a(sprx.o)
 .text          0x0000000000020108        0x0 f:/psdk3/ps3dev/ppu/bin/../lib/gcc/powerpc64-ps3-elf/4.5.2/../../../../powerpc64-ps3-elf/lib\libm.a(lib_a-s_sqrt.o)
 .text.sqrt     0x0000000000020108      0x1b0 f:/psdk3/ps3dev/ppu/bin/../lib/gcc/powerpc64-ps3-elf/4.5.2/../../../../powerpc64-ps3-elf/lib\libm.a(lib_a-s_sqrt.o)
                0x0000000000020108                .sqrt
 .text          0x00000000000202b8        0x0 f:/psdk3/ps3dev/ppu/bin/../lib/gcc/powerpc64-ps3-elf/4.5.2/../../../../powerpc64-ps3-elf/lib\libm.a(lib_a-sf_cos.o)
 .text.cosf     0x00000000000202b8       0x34 f:/psdk3/ps3dev/ppu/bin/../lib/gcc/powerpc64-ps3-elf/4.5.2/../../../../powerpc64-ps3-elf/lib\libm.a(lib_a-sf_cos.o)
                0x00000000000202b8                .cosf
 .text          0x00000000000202ec        0x0 f:/psdk3/ps3dev/ppu/bin/../lib/gcc/powerpc64-ps3-elf/4.5.2/../../../../powerpc64-ps3-elf/lib\libm.a(lib_a-sf_sin.o)
 *fill*         0x00000000000202ec        0x4 60000000
 .text.sinf     0x00000000000202f0       0x34 f:/psdk3/ps3dev/ppu/bin/../lib/gcc/powerpc64-ps3-elf/4.5.2/../../../../powerpc64-ps3-elf/lib\libm.a(lib_a-sf_sin.o)
                0x00000000000202f0                .sinf
 .text          0x0000000000020324        0x0 f:/psdk3/ps3dev/ppu/bin/../lib/gcc/powerpc64-ps3-elf/4.5.2/../../../../powerpc64-ps3-elf/lib\libm.a(lib_a-sf_sine.o)
 *fill*         0x0000000000020324        0x4 60000000
 .text.sinef    0x0000000000020328      0x2d0 f:/psdk3/ps3dev/ppu/bin/../lib/gcc/powerpc64-ps3-elf/4.5.2/../../../../powerpc64-ps3-elf/lib\libm.a(lib_a-sf_sine.o)
                0x0000000000020328                .sinef
 .text          0x00000000000205f8        0x0 f:/psdk3/ps3dev/ppu/bin/../lib/gcc/powerpc64-ps3-elf/4.5.2/../../../../powerpc64-ps3-elf/lib\libm.a(lib_a-sf_sqrt.o)
 .text.sqrtf    0x00000000000205f8      0x1c8 f:/psdk3/ps3dev/ppu/bin/../lib/gcc/powerpc64-ps3-elf/4.5.2/../../../../powerpc64-ps3-elf/lib\libm.a(lib_a-sf_sqrt.o)
                0x00000000000205f8                .sqrtf
 .text          0x00000000000207c0        0x0 f:/psdk3/ps3dev/ppu/bin/../lib/gcc/powerpc64-ps3-elf/4.5.2/../../../../powerpc64-ps3-elf/lib\libm.a(lib_a-sf_tan.o)
 .text.tanf     0x00000000000207c0      0x23c f:/psdk3/ps3dev/ppu/bin/../lib/gcc/powerpc64-ps3-elf/4.5.2/../../../../powerpc64-ps3-elf/lib\libm.a(lib_a-sf_tan.o)
                0x00000000000207c0                .tanf
 .text          0x00000000000209fc        0x0 f:/psdk3/ps3dev/ppu/bin/../lib/gcc/powerpc64-ps3-elf/4.5.2/../../../../powerpc64-ps3-elf/lib\libm.a(lib_a-s_frexp.o)
 *fill*         0x00000000000209fc        0x4 60000000
 .text.frexp    0x0000000000020a00       0xd0 f:/psdk3/ps3dev/ppu/bin/../lib/gcc/powerpc64-ps3-elf/4.5.2/../../../../powerpc64-ps3-elf/lib\libm.a(lib_a-s_frexp.o)
                0x0000000000020a00                .frexp
 .text          0x0000000000020ad0        0x0 f:/psdk3/ps3dev/ppu/bin/../lib/gcc/powerpc64-ps3-elf/4.5.2/../../../../powerpc64-ps3-elf/lib\libm.a(lib_a-s_ispos.o)
 .text.ispos    0x0000000000020ad0       0x28 f:/psdk3/ps3dev/ppu/bin/../lib/gcc/powerpc64-ps3-elf/4.5.2/../../../../powerpc64-ps3-elf/lib\libm.a(lib_a-s_ispos.o)
                0x0000000000020ad0                .ispos
 .text          0x0000000000020af8        0x0 f:/psdk3/ps3dev/ppu/bin/../lib/gcc/powerpc64-ps3-elf/4.5.2/../../../../powerpc64-ps3-elf/lib\libm.a(lib_a-s_ldexp.o)
 .text.ldexp    0x0000000000020af8      0x17c f:/psdk3/ps3dev/ppu/bin/../lib/gcc/powerpc64-ps3-elf/4.5.2/../../../../powerpc64-ps3-elf/lib\libm.a(lib_a-s_ldexp.o)
                0x0000000000020af8                .ldexp
 .text          0x0000000000020c74        0x0 f:/psdk3/ps3dev/ppu/bin/../lib/gcc/powerpc64-ps3-elf/4.5.2/../../../../powerpc64-ps3-elf/lib\libm.a(lib_a-s_mathcnst.o)
 .text          0x0000000000020c74        0x0 f:/psdk3/ps3dev/ppu/bin/../lib/gcc/powerpc64-ps3-elf/4.5.2/../../../../powerpc64-ps3-elf/lib\libm.a(lib_a-s_numtest.o)
 *fill*         0x0000000000020c74        0x4 60000000
 .text.numtest  0x0000000000020c78       0x5c f:/psdk3/ps3dev/ppu/bin/../lib/gcc/powerpc64-ps3-elf/4.5.2/../../../../powerpc64-ps3-elf/lib\libm.a(lib_a-s_numtest.o)
                0x0000000000020c78                .numtest
 .text          0x0000000000020cd4        0x0 f:/psdk3/ps3dev/ppu/bin/../lib/gcc/powerpc64-ps3-elf/4.5.2/../../../../powerpc64-ps3-elf/lib\libm.a(lib_a-sf_fabs.o)
 *fill*         0x0000000000020cd4        0x4 60000000
 .text.fabsf    0x0000000000020cd8       0xe4 f:/psdk3/ps3dev/ppu/bin/../lib/gcc/powerpc64-ps3-elf/4.5.2/../../../../powerpc64-ps3-elf/lib\libm.a(lib_a-sf_fabs.o)
                0x0000000000020cd8                .fabsf
 .text          0x0000000000020dbc        0x0 f:/psdk3/ps3dev/ppu/bin/../lib/gcc/powerpc64-ps3-elf/4.5.2/../../../../powerpc64-ps3-elf/lib\libm.a(lib_a-sf_frexp.o)
 *fill*         0x0000000000020dbc        0x4 60000000
 .text.frexpf   0x0000000000020dc0       0xac f:/psdk3/ps3dev/ppu/bin/../lib/gcc/powerpc64-ps3-elf/4.5.2/../../../../powerpc64-ps3-elf/lib\libm.a(lib_a-sf_frexp.o)
                0x0000000000020dc0                .frexpf
 .text          0x0000000000020e6c        0x0 f:/psdk3/ps3dev/ppu/bin/../lib/gcc/powerpc64-ps3-elf/4.5.2/../../../../powerpc64-ps3-elf/lib\libm.a(lib_a-sf_ispos.o)
 *fill*         0x0000000000020e6c        0x4 60000000
 .text.isposf   0x0000000000020e70       0x24 f:/psdk3/ps3dev/ppu/bin/../lib/gcc/powerpc64-ps3-elf/4.5.2/../../../../powerpc64-ps3-elf/lib\libm.a(lib_a-sf_ispos.o)
                0x0000000000020e70                .isposf
 .text          0x0000000000020e94        0x0 f:/psdk3/ps3dev/ppu/bin/../lib/gcc/powerpc64-ps3-elf/4.5.2/../../../../powerpc64-ps3-elf/lib\libm.a(lib_a-sf_ldexp.o)
 *fill*         0x0000000000020e94        0x4 60000000
 .text.ldexpf   0x0000000000020e98      0x190 f:/psdk3/ps3dev/ppu/bin/../lib/gcc/powerpc64-ps3-elf/4.5.2/../../../../powerpc64-ps3-elf/lib\libm.a(lib_a-sf_ldexp.o)
                0x0000000000020e98                .ldexpf
 .text          0x0000000000021028        0x0 f:/psdk3/ps3dev/ppu/bin/../lib/gcc/powerpc64-ps3-elf/4.5.2/../../../../powerpc64-ps3-elf/lib\libm.a(lib_a-sf_numtest.o)
 .text.numtestf
                0x0000000000021028       0x30 f:/psdk3/ps3dev/ppu/bin/../lib/gcc/powerpc64-ps3-elf/4.5.2/../../../../powerpc64-ps3-elf/lib\libm.a(lib_a-sf_numtest.o)
                0x0000000000021028                .numtestf
 .text          0x0000000000021058        0x0 f:/psdk3/ps3dev/ppu/bin/../lib/gcc/powerpc64-ps3-elf/4.5.2/../../../../powerpc64-ps3-elf/lib\libsysbase.a(syscalls.o)
 .text          0x0000000000021058        0x0 f:/psdk3/ps3dev/ppu/bin/../lib/gcc/powerpc64-ps3-elf/4.5.2/../../../../powerpc64-ps3-elf/lib\libsysbase.a(sleep.o)
 .text.usleep   0x0000000000021058       0x84 f:/psdk3/ps3dev/ppu/bin/../lib/gcc/powerpc64-ps3-elf/4.5.2/../../../../powerpc64-ps3-elf/lib\libsysbase.a(sleep.o)
                0x0000000000021058                .usleep
 *fill*         0x00000000000210dc        0x4 60000000
 .text.sleep    0x00000000000210e0       0x98 f:/psdk3/ps3dev/ppu/bin/../lib/gcc/powerpc64-ps3-elf/4.5.2/../../../../powerpc64-ps3-elf/lib\libsysbase.a(sleep.o)
                0x00000000000210e0                .sleep
 .text          0x0000000000021178        0x0 f:/psdk3/ps3dev/ppu/bin/../lib/gcc/powerpc64-ps3-elf/4.5.2/../../../../powerpc64-ps3-elf/lib\libc.a(lib_a-atexit.o)
 .text.atexit   0x0000000000021178       0x40 f:/psdk3/ps3dev/ppu/bin/../lib/gcc/powerpc64-ps3-elf/4.5.2/../../../../powerpc64-ps3-elf/lib\libc.a(lib_a-atexit.o)
                0x0000000000021178                .atexit
 .text          0x00000000000211b8        0x0 f:/psdk3/ps3dev/ppu/bin/../lib/gcc/powerpc64-ps3-elf/4.5.2/../../../../powerpc64-ps3-elf/lib\libc.a(lib_a-errno.o)
 .text.__errno  0x00000000000211b8       0x30 f:/psdk3/ps3dev/ppu/bin/../lib/gcc/powerpc64-ps3-elf/4.5.2/../../../../powerpc64-ps3-elf/lib\libc.a(lib_a-errno.o)
                0x00000000000211b8                .__errno
 .text          0x00000000000211e8        0x0 f:/psdk3/ps3dev/ppu/bin/../lib/gcc/powerpc64-ps3-elf/4.5.2/../../../../powerpc64-ps3-elf/lib\libc.a(lib_a-exit.o)
 .text.exit     0x00000000000211e8       0x68 f:/psdk3/ps3dev/ppu/bin/../lib/gcc/powerpc64-ps3-elf/4.5.2/../../../../powerpc64-ps3-elf/lib\libc.a(lib_a-exit.o)
                0x00000000000211e8                .exit
 .text          0x0000000000021250        0x0 f:/psdk3/ps3dev/ppu/bin/../lib/gcc/powerpc64-ps3-elf/4.5.2/../../../../powerpc64-ps3-elf/lib\libc.a(lib_a-getreent.o)
 .text.__getreent
                0x0000000000021250      0x1f0 f:/psdk3/ps3dev/ppu/bin/../lib/gcc/powerpc64-ps3-elf/4.5.2/../../../../powerpc64-ps3-elf/lib\libc.a(lib_a-getreent.o)
                0x0000000000021250                .__getreent
 .text          0x0000000000021440        0x0 f:/psdk3/ps3dev/ppu/bin/../lib/gcc/powerpc64-ps3-elf/4.5.2/../../../../powerpc64-ps3-elf/lib\libc.a(lib_a-impure.o)
 .text          0x0000000000021440        0x0 f:/psdk3/ps3dev/ppu/bin/../lib/gcc/powerpc64-ps3-elf/4.5.2/../../../../powerpc64-ps3-elf/lib\libc.a(lib_a-malign.o)
 .text.memalign
                0x0000000000021440       0x58 f:/psdk3/ps3dev/ppu/bin/../lib/gcc/powerpc64-ps3-elf/4.5.2/../../../../powerpc64-ps3-elf/lib\libc.a(lib_a-malign.o)
                0x0000000000021440                .memalign
 .text          0x0000000000021498        0x0 f:/psdk3/ps3dev/ppu/bin/../lib/gcc/powerpc64-ps3-elf/4.5.2/../../../../powerpc64-ps3-elf/lib\libc.a(lib_a-malignr.o)
 .text._memalign_r
                0x0000000000021498      0x214 f:/psdk3/ps3dev/ppu/bin/../lib/gcc/powerpc64-ps3-elf/4.5.2/../../../../powerpc64-ps3-elf/lib\libc.a(lib_a-malignr.o)
                0x0000000000021498                ._memalign_r
 .text          0x00000000000216ac        0x0 f:/psdk3/ps3dev/ppu/bin/../lib/gcc/powerpc64-ps3-elf/4.5.2/../../../../powerpc64-ps3-elf/lib\libc.a(lib_a-malloc.o)
 *fill*         0x00000000000216ac        0x4 60000000
 .text.malloc   0x00000000000216b0       0x48 f:/psdk3/ps3dev/ppu/bin/../lib/gcc/powerpc64-ps3-elf/4.5.2/../../../../powerpc64-ps3-elf/lib\libc.a(lib_a-malloc.o)
                0x00000000000216b0                .malloc
 .text.free     0x00000000000216f8       0x48 f:/psdk3/ps3dev/ppu/bin/../lib/gcc/powerpc64-ps3-elf/4.5.2/../../../../powerpc64-ps3-elf/lib\libc.a(lib_a-malloc.o)
                0x00000000000216f8                .free
 .text          0x0000000000021740        0x0 f:/psdk3/ps3dev/ppu/bin/../lib/gcc/powerpc64-ps3-elf/4.5.2/../../../../powerpc64-ps3-elf/lib\libc.a(lib_a-mallocr.o)
 .text._malloc_r
                0x0000000000021740      0x944 f:/psdk3/ps3dev/ppu/bin/../lib/gcc/powerpc64-ps3-elf/4.5.2/../../../../powerpc64-ps3-elf/lib\libc.a(lib_a-mallocr.o)
                0x0000000000021740                ._malloc_r
 .text          0x0000000000022084        0x0 f:/psdk3/ps3dev/ppu/bin/../lib/gcc/powerpc64-ps3-elf/4.5.2/../../../../powerpc64-ps3-elf/lib\libc.a(lib_a-memcpy.o)
 *fill*         0x0000000000022084        0x4 60000000
 .text.memcpy   0x0000000000022088       0xf8 f:/psdk3/ps3dev/ppu/bin/../lib/gcc/powerpc64-ps3-elf/4.5.2/../../../../powerpc64-ps3-elf/lib\libc.a(lib_a-memcpy.o)
                0x0000000000022088                .memcpy
 .text          0x0000000000022180        0x0 f:/psdk3/ps3dev/ppu/bin/../lib/gcc/powerpc64-ps3-elf/4.5.2/../../../../powerpc64-ps3-elf/lib\libc.a(lib_a-memset.o)
 .text.memset   0x0000000000022180      0x130 f:/psdk3/ps3dev/ppu/bin/../lib/gcc/powerpc64-ps3-elf/4.5.2/../../../../powerpc64-ps3-elf/lib\libc.a(lib_a-memset.o)
                0x0000000000022180                .memset
 .text          0x00000000000222b0        0x0 f:/psdk3/ps3dev/ppu/bin/../lib/gcc/powerpc64-ps3-elf/4.5.2/../../../../powerpc64-ps3-elf/lib\libc.a(lib_a-mlock.o)
 .text.__malloc_lock
                0x00000000000222b0       0x34 f:/psdk3/ps3dev/ppu/bin/../lib/gcc/powerpc64-ps3-elf/4.5.2/../../../../powerpc64-ps3-elf/lib\libc.a(lib_a-mlock.o)
                0x00000000000222b0                .__malloc_lock
 *fill*         0x00000000000222e4        0x4 60000000
 .text.__malloc_unlock
                0x00000000000222e8       0x34 f:/psdk3/ps3dev/ppu/bin/../lib/gcc/powerpc64-ps3-elf/4.5.2/../../../../powerpc64-ps3-elf/lib\libc.a(lib_a-mlock.o)
                0x00000000000222e8                .__malloc_unlock
 .text          0x000000000002231c        0x0 f:/psdk3/ps3dev/ppu/bin/../lib/gcc/powerpc64-ps3-elf/4.5.2/../../../../powerpc64-ps3-elf/lib\libc.a(lib_a-sscanf.o)
 *fill*         0x000000000002231c        0x4 60000000
 .text.sscanf   0x0000000000022320       0xa8 f:/psdk3/ps3dev/ppu/bin/../lib/gcc/powerpc64-ps3-elf/4.5.2/../../../../powerpc64-ps3-elf/lib\libc.a(lib_a-sscanf.o)
                0x0000000000022320                .sscanf
 .text._sscanf_r
                0x00000000000223c8       0xa8 f:/psdk3/ps3dev/ppu/bin/../lib/gcc/powerpc64-ps3-elf/4.5.2/../../../../powerpc64-ps3-elf/lib\libc.a(lib_a-sscanf.o)
                0x00000000000223c8                ._sscanf_r
 .text          0x0000000000022470        0x0 f:/psdk3/ps3dev/ppu/bin/../lib/gcc/powerpc64-ps3-elf/4.5.2/../../../../powerpc64-ps3-elf/lib\libc.a(lib_a-stdio.o)
 .text.__sread  0x0000000000022470       0x80 f:/psdk3/ps3dev/ppu/bin/../lib/gcc/powerpc64-ps3-elf/4.5.2/../../../../powerpc64-ps3-elf/lib\libc.a(lib_a-stdio.o)
                0x0000000000022470                .__sread
 .text.__seofread
                0x00000000000224f0       0x14 f:/psdk3/ps3dev/ppu/bin/../lib/gcc/powerpc64-ps3-elf/4.5.2/../../../../powerpc64-ps3-elf/lib\libc.a(lib_a-stdio.o)
                0x00000000000224f0                .__seofread
 *fill*         0x0000000000022504        0x4 60000000
 .text.__swrite
                0x0000000000022508       0xbc f:/psdk3/ps3dev/ppu/bin/../lib/gcc/powerpc64-ps3-elf/4.5.2/../../../../powerpc64-ps3-elf/lib\libc.a(lib_a-stdio.o)
                0x0000000000022508                .__swrite
 *fill*         0x00000000000225c4        0x4 60000000
 .text.__sseek  0x00000000000225c8       0x88 f:/psdk3/ps3dev/ppu/bin/../lib/gcc/powerpc64-ps3-elf/4.5.2/../../../../powerpc64-ps3-elf/lib\libc.a(lib_a-stdio.o)
                0x00000000000225c8                .__sseek
 .text.__sclose
                0x0000000000022650       0x3c f:/psdk3/ps3dev/ppu/bin/../lib/gcc/powerpc64-ps3-elf/4.5.2/../../../../powerpc64-ps3-elf/lib\libc.a(lib_a-stdio.o)
                0x0000000000022650                .__sclose
 .text          0x000000000002268c        0x0 f:/psdk3/ps3dev/ppu/bin/../lib/gcc/powerpc64-ps3-elf/4.5.2/../../../../powerpc64-ps3-elf/lib\libc.a(lib_a-strcasecmp.o)
 *fill*         0x000000000002268c        0x4 60000000
 .text.strcasecmp
                0x0000000000022690       0xb8 f:/psdk3/ps3dev/ppu/bin/../lib/gcc/powerpc64-ps3-elf/4.5.2/../../../../powerpc64-ps3-elf/lib\libc.a(lib_a-strcasecmp.o)
                0x0000000000022690                .strcasecmp
 .text          0x0000000000022748        0x0 f:/psdk3/ps3dev/ppu/bin/../lib/gcc/powerpc64-ps3-elf/4.5.2/../../../../powerpc64-ps3-elf/lib\libc.a(lib_a-strlen.o)
 .text.strlen   0x0000000000022748       0xe4 f:/psdk3/ps3dev/ppu/bin/../lib/gcc/powerpc64-ps3-elf/4.5.2/../../../../powerpc64-ps3-elf/lib\libc.a(lib_a-strlen.o)
                0x0000000000022748                .strlen
 .text          0x000000000002282c        0x0 f:/psdk3/ps3dev/ppu/bin/../lib/gcc/powerpc64-ps3-elf/4.5.2/../../../../powerpc64-ps3-elf/lib\libc.a(lib_a-strncpy.o)
 *fill*         0x000000000002282c        0x4 60000000
 .text.strncpy  0x0000000000022830      0x100 f:/psdk3/ps3dev/ppu/bin/../lib/gcc/powerpc64-ps3-elf/4.5.2/../../../../powerpc64-ps3-elf/lib\libc.a(lib_a-strncpy.o)
                0x0000000000022830                .strncpy
 .text          0x0000000000022930        0x0 f:/psdk3/ps3dev/ppu/bin/../lib/gcc/powerpc64-ps3-elf/4.5.2/../../../../powerpc64-ps3-elf/lib\libc.a(lib_a-svfscanf.o)
 .text.__ssvfscanf_r
                0x0000000000022930     0x18d8 f:/psdk3/ps3dev/ppu/bin/../lib/gcc/powerpc64-ps3-elf/4.5.2/../../../../powerpc64-ps3-elf/lib\libc.a(lib_a-svfscanf.o)
                0x0000000000022930                .__ssvfscanf_r
 .text          0x0000000000024208        0x0 f:/psdk3/ps3dev/ppu/bin/../lib/gcc/powerpc64-ps3-elf/4.5.2/../../../../powerpc64-ps3-elf/lib\libc.a(lib_a-vsprintf.o)
 .text._vsprintf_r
                0x0000000000024208       0x6c f:/psdk3/ps3dev/ppu/bin/../lib/gcc/powerpc64-ps3-elf/4.5.2/../../../../powerpc64-ps3-elf/lib\libc.a(lib_a-vsprintf.o)
                0x0000000000024208                ._vsprintf_r
 *fill*         0x0000000000024274        0x4 60000000
 .text.vsprintf
                0x0000000000024278       0x60 f:/psdk3/ps3dev/ppu/bin/../lib/gcc/powerpc64-ps3-elf/4.5.2/../../../../powerpc64-ps3-elf/lib\libc.a(lib_a-vsprintf.o)
                0x0000000000024278                .vsprintf
 .text          0x00000000000242d8        0x0 f:/psdk3/ps3dev/ppu/bin/../lib/gcc/powerpc64-ps3-elf/4.5.2/../../../../powerpc64-ps3-elf/lib\libc.a(lib_a-__atexit.o)
 .text.__register_exitproc
                0x00000000000242d8      0x188 f:/psdk3/ps3dev/ppu/bin/../lib/gcc/powerpc64-ps3-elf/4.5.2/../../../../powerpc64-ps3-elf/lib\libc.a(lib_a-__atexit.o)
                0x00000000000242d8                .__register_exitproc
 .text          0x0000000000024460        0x0 f:/psdk3/ps3dev/ppu/bin/../lib/gcc/powerpc64-ps3-elf/4.5.2/../../../../powerpc64-ps3-elf/lib\libc.a(lib_a-__call_atexit.o)
 .text.__call_exitprocs
                0x0000000000024460      0x250 f:/psdk3/ps3dev/ppu/bin/../lib/gcc/powerpc64-ps3-elf/4.5.2/../../../../powerpc64-ps3-elf/lib\libc.a(lib_a-__call_atexit.o)
                0x0000000000024460                .__call_exitprocs
 .text          0x00000000000246b0        0x0 f:/psdk3/ps3dev/ppu/bin/../lib/gcc/powerpc64-ps3-elf/4.5.2/../../../../powerpc64-ps3-elf/lib\libc.a(lib_a-ctype_.o)
 .text          0x00000000000246b0        0x0 f:/psdk3/ps3dev/ppu/bin/../lib/gcc/powerpc64-ps3-elf/4.5.2/../../../../powerpc64-ps3-elf/lib\libc.a(lib_a-findfp.o)
 .text._cleanup_r
                0x00000000000246b0       0x34 f:/psdk3/ps3dev/ppu/bin/../lib/gcc/powerpc64-ps3-elf/4.5.2/../../../../powerpc64-ps3-elf/lib\libc.a(lib_a-findfp.o)
                0x00000000000246b0                ._cleanup_r
 *fill*         0x00000000000246e4        0x4 60000000
 .text.__fp_unlock
                0x00000000000246e8       0x48 f:/psdk3/ps3dev/ppu/bin/../lib/gcc/powerpc64-ps3-elf/4.5.2/../../../../powerpc64-ps3-elf/lib\libc.a(lib_a-findfp.o)
 .text.__fp_lock
                0x0000000000024730       0x48 f:/psdk3/ps3dev/ppu/bin/../lib/gcc/powerpc64-ps3-elf/4.5.2/../../../../powerpc64-ps3-elf/lib\libc.a(lib_a-findfp.o)
 .text.__sfmoreglue
                0x0000000000024778       0x94 f:/psdk3/ps3dev/ppu/bin/../lib/gcc/powerpc64-ps3-elf/4.5.2/../../../../powerpc64-ps3-elf/lib\libc.a(lib_a-findfp.o)
                0x0000000000024778                .__sfmoreglue
 *fill*         0x000000000002480c        0x4 60000000
 .text._cleanup
                0x0000000000024810       0x18 f:/psdk3/ps3dev/ppu/bin/../lib/gcc/powerpc64-ps3-elf/4.5.2/../../../../powerpc64-ps3-elf/lib\libc.a(lib_a-findfp.o)
                0x0000000000024810                ._cleanup
 .text.__sfp_lock_acquire
                0x0000000000024828       0x34 f:/psdk3/ps3dev/ppu/bin/../lib/gcc/powerpc64-ps3-elf/4.5.2/../../../../powerpc64-ps3-elf/lib\libc.a(lib_a-findfp.o)
                0x0000000000024828                .__sfp_lock_acquire
 *fill*         0x000000000002485c        0x4 60000000
 .text.__sfp_lock_release
                0x0000000000024860       0x34 f:/psdk3/ps3dev/ppu/bin/../lib/gcc/powerpc64-ps3-elf/4.5.2/../../../../powerpc64-ps3-elf/lib\libc.a(lib_a-findfp.o)
                0x0000000000024860                .__sfp_lock_release
 *fill*         0x0000000000024894        0x4 60000000
 .text.__sinit_lock_acquire
                0x0000000000024898       0x34 f:/psdk3/ps3dev/ppu/bin/../lib/gcc/powerpc64-ps3-elf/4.5.2/../../../../powerpc64-ps3-elf/lib\libc.a(lib_a-findfp.o)
                0x0000000000024898                .__sinit_lock_acquire
 *fill*         0x00000000000248cc        0x4 60000000
 .text.__sinit_lock_release
                0x00000000000248d0       0x34 f:/psdk3/ps3dev/ppu/bin/../lib/gcc/powerpc64-ps3-elf/4.5.2/../../../../powerpc64-ps3-elf/lib\libc.a(lib_a-findfp.o)
                0x00000000000248d0                .__sinit_lock_release
 *fill*         0x0000000000024904        0x4 60000000
 .text.__sinit  0x0000000000024908      0x1d8 f:/psdk3/ps3dev/ppu/bin/../lib/gcc/powerpc64-ps3-elf/4.5.2/../../../../powerpc64-ps3-elf/lib\libc.a(lib_a-findfp.o)
                0x0000000000024908                .__sinit
 .text.__sfp    0x0000000000024ae0      0x190 f:/psdk3/ps3dev/ppu/bin/../lib/gcc/powerpc64-ps3-elf/4.5.2/../../../../powerpc64-ps3-elf/lib\libc.a(lib_a-findfp.o)
                0x0000000000024ae0                .__sfp
 .text.__fp_lock_all
                0x0000000000024c70       0x40 f:/psdk3/ps3dev/ppu/bin/../lib/gcc/powerpc64-ps3-elf/4.5.2/../../../../powerpc64-ps3-elf/lib\libc.a(lib_a-findfp.o)
                0x0000000000024c70                .__fp_lock_all
 .text.__fp_unlock_all
                0x0000000000024cb0       0x3c f:/psdk3/ps3dev/ppu/bin/../lib/gcc/powerpc64-ps3-elf/4.5.2/../../../../powerpc64-ps3-elf/lib\libc.a(lib_a-findfp.o)
                0x0000000000024cb0                .__fp_unlock_all
 .text          0x0000000000024cec        0x0 f:/psdk3/ps3dev/ppu/bin/../lib/gcc/powerpc64-ps3-elf/4.5.2/../../../../powerpc64-ps3-elf/lib\libc.a(lib_a-freer.o)
 *fill*         0x0000000000024cec        0x4 60000000
 .text._malloc_trim_r
                0x0000000000024cf0      0x15c f:/psdk3/ps3dev/ppu/bin/../lib/gcc/powerpc64-ps3-elf/4.5.2/../../../../powerpc64-ps3-elf/lib\libc.a(lib_a-freer.o)
                0x0000000000024cf0                ._malloc_trim_r
 *fill*         0x0000000000024e4c        0x4 60000000
 .text._free_r  0x0000000000024e50      0x310 f:/psdk3/ps3dev/ppu/bin/../lib/gcc/powerpc64-ps3-elf/4.5.2/../../../../powerpc64-ps3-elf/lib\libc.a(lib_a-freer.o)
                0x0000000000024e50                ._free_r
 .text          0x0000000000025160        0x0 f:/psdk3/ps3dev/ppu/bin/../lib/gcc/powerpc64-ps3-elf/4.5.2/../../../../powerpc64-ps3-elf/lib\libc.a(lib_a-fwalk.o)
 .text._fwalk   0x0000000000025160       0xfc f:/psdk3/ps3dev/ppu/bin/../lib/gcc/powerpc64-ps3-elf/4.5.2/../../../../powerpc64-ps3-elf/lib\libc.a(lib_a-fwalk.o)
                0x0000000000025160                ._fwalk
 *fill*         0x000000000002525c        0x4 60000000
 .text._fwalk_reent
                0x0000000000025260      0x108 f:/psdk3/ps3dev/ppu/bin/../lib/gcc/powerpc64-ps3-elf/4.5.2/../../../../powerpc64-ps3-elf/lib\libc.a(lib_a-fwalk.o)
                0x0000000000025260                ._fwalk_reent
 .text          0x0000000000025368        0x0 f:/psdk3/ps3dev/ppu/bin/../lib/gcc/powerpc64-ps3-elf/4.5.2/../../../../powerpc64-ps3-elf/lib\libc.a(lib_a-iswspace.o)
 .text.iswspace
                0x0000000000025368       0x3c f:/psdk3/ps3dev/ppu/bin/../lib/gcc/powerpc64-ps3-elf/4.5.2/../../../../powerpc64-ps3-elf/lib\libc.a(lib_a-iswspace.o)
                0x0000000000025368                .iswspace
 .text          0x00000000000253a4        0x0 f:/psdk3/ps3dev/ppu/bin/../lib/gcc/powerpc64-ps3-elf/4.5.2/../../../../powerpc64-ps3-elf/lib\libc.a(lib_a-locale.o)
 *fill*         0x00000000000253a4        0x4 60000000
 .text._setlocale_r
                0x00000000000253a8       0xa8 f:/psdk3/ps3dev/ppu/bin/../lib/gcc/powerpc64-ps3-elf/4.5.2/../../../../powerpc64-ps3-elf/lib\libc.a(lib_a-locale.o)
                0x00000000000253a8                ._setlocale_r
 .text.__locale_charset
                0x0000000000025450       0x14 f:/psdk3/ps3dev/ppu/bin/../lib/gcc/powerpc64-ps3-elf/4.5.2/../../../../powerpc64-ps3-elf/lib\libc.a(lib_a-locale.o)
                0x0000000000025450                .__locale_charset
 *fill*         0x0000000000025464        0x4 60000000
 .text.__locale_mb_cur_max
                0x0000000000025468       0x1c f:/psdk3/ps3dev/ppu/bin/../lib/gcc/powerpc64-ps3-elf/4.5.2/../../../../powerpc64-ps3-elf/lib\libc.a(lib_a-locale.o)
                0x0000000000025468                .__locale_mb_cur_max
 *fill*         0x0000000000025484        0x4 60000000
 .text.__locale_msgcharset
                0x0000000000025488       0x14 f:/psdk3/ps3dev/ppu/bin/../lib/gcc/powerpc64-ps3-elf/4.5.2/../../../../powerpc64-ps3-elf/lib\libc.a(lib_a-locale.o)
                0x0000000000025488                .__locale_msgcharset
 *fill*         0x000000000002549c        0x4 60000000
 .text.__locale_cjk_lang
                0x00000000000254a0       0x14 f:/psdk3/ps3dev/ppu/bin/../lib/gcc/powerpc64-ps3-elf/4.5.2/../../../../powerpc64-ps3-elf/lib\libc.a(lib_a-locale.o)
                0x00000000000254a0                .__locale_cjk_lang
 *fill*         0x00000000000254b4        0x4 60000000
 .text._localeconv_r
                0x00000000000254b8       0x14 f:/psdk3/ps3dev/ppu/bin/../lib/gcc/powerpc64-ps3-elf/4.5.2/../../../../powerpc64-ps3-elf/lib\libc.a(lib_a-locale.o)
                0x00000000000254b8                ._localeconv_r
 *fill*         0x00000000000254cc        0x4 60000000
 .text.setlocale
                0x00000000000254d0       0x50 f:/psdk3/ps3dev/ppu/bin/../lib/gcc/powerpc64-ps3-elf/4.5.2/../../../../powerpc64-ps3-elf/lib\libc.a(lib_a-locale.o)
                0x00000000000254d0                .setlocale
 .text.localeconv
                0x0000000000025520       0x34 f:/psdk3/ps3dev/ppu/bin/../lib/gcc/powerpc64-ps3-elf/4.5.2/../../../../powerpc64-ps3-elf/lib\libc.a(lib_a-locale.o)
                0x0000000000025520                .localeconv
 .text          0x0000000000025554        0x0 f:/psdk3/ps3dev/ppu/bin/../lib/gcc/powerpc64-ps3-elf/4.5.2/../../../../powerpc64-ps3-elf/lib\libc.a(lib_a-lock_recursive.o)
 *fill*         0x0000000000025554        0x4 60000000
 .text.__libc_lock_init_recursive
                0x0000000000025558       0x34 f:/psdk3/ps3dev/ppu/bin/../lib/gcc/powerpc64-ps3-elf/4.5.2/../../../../powerpc64-ps3-elf/lib\libc.a(lib_a-lock_recursive.o)
                0x0000000000025558                .__libc_lock_init_recursive
 *fill*         0x000000000002558c        0x4 60000000
 .text.__libc_lock_close_recursive
                0x0000000000025590       0x30 f:/psdk3/ps3dev/ppu/bin/../lib/gcc/powerpc64-ps3-elf/4.5.2/../../../../powerpc64-ps3-elf/lib\libc.a(lib_a-lock_recursive.o)
                0x0000000000025590                .__libc_lock_close_recursive
 .text.__libc_lock_acquire_recursive
                0x00000000000255c0       0x58 f:/psdk3/ps3dev/ppu/bin/../lib/gcc/powerpc64-ps3-elf/4.5.2/../../../../powerpc64-ps3-elf/lib\libc.a(lib_a-lock_recursive.o)
                0x00000000000255c0                .__libc_lock_acquire_recursive
 .text.__libc_lock_try_acquire_recursive
                0x0000000000025618       0x54 f:/psdk3/ps3dev/ppu/bin/../lib/gcc/powerpc64-ps3-elf/4.5.2/../../../../powerpc64-ps3-elf/lib\libc.a(lib_a-lock_recursive.o)
                0x0000000000025618                .__libc_lock_try_acquire_recursive
 *fill*         0x000000000002566c        0x4 60000000
 .text.__libc_lock_release_recursive
                0x0000000000025670       0x54 f:/psdk3/ps3dev/ppu/bin/../lib/gcc/powerpc64-ps3-elf/4.5.2/../../../../powerpc64-ps3-elf/lib\libc.a(lib_a-lock_recursive.o)
                0x0000000000025670                .__libc_lock_release_recursive
 .text          0x00000000000256c4        0x0 f:/psdk3/ps3dev/ppu/bin/../lib/gcc/powerpc64-ps3-elf/4.5.2/../../../../powerpc64-ps3-elf/lib\libc.a(lib_a-mbrtowc.o)
 *fill*         0x00000000000256c4        0x4 60000000
 .text._mbrtowc_r
                0x00000000000256c8      0x10c f:/psdk3/ps3dev/ppu/bin/../lib/gcc/powerpc64-ps3-elf/4.5.2/../../../../powerpc64-ps3-elf/lib\libc.a(lib_a-mbrtowc.o)
                0x00000000000256c8                ._mbrtowc_r
 *fill*         0x00000000000257d4        0x4 60000000
 .text.mbrtowc  0x00000000000257d8      0x170 f:/psdk3/ps3dev/ppu/bin/../lib/gcc/powerpc64-ps3-elf/4.5.2/../../../../powerpc64-ps3-elf/lib\libc.a(lib_a-mbrtowc.o)
                0x00000000000257d8                .mbrtowc
 .text          0x0000000000025948        0x0 f:/psdk3/ps3dev/ppu/bin/../lib/gcc/powerpc64-ps3-elf/4.5.2/../../../../powerpc64-ps3-elf/lib\libc.a(lib_a-mbtowc_r.o)
 .text.__ascii_mbtowc
                0x0000000000025948       0x58 f:/psdk3/ps3dev/ppu/bin/../lib/gcc/powerpc64-ps3-elf/4.5.2/../../../../powerpc64-ps3-elf/lib\libc.a(lib_a-mbtowc_r.o)
                0x0000000000025948                .__ascii_mbtowc
 .text._mbtowc_r
                0x00000000000259a0       0x98 f:/psdk3/ps3dev/ppu/bin/../lib/gcc/powerpc64-ps3-elf/4.5.2/../../../../powerpc64-ps3-elf/lib\libc.a(lib_a-mbtowc_r.o)
                0x00000000000259a0                ._mbtowc_r
 .text          0x0000000000025a38        0x0 f:/psdk3/ps3dev/ppu/bin/../lib/gcc/powerpc64-ps3-elf/4.5.2/../../../../powerpc64-ps3-elf/lib\libc.a(lib_a-s_fpclassify.o)
 .text.__fpclassifyd
                0x0000000000025a38       0xc4 f:/psdk3/ps3dev/ppu/bin/../lib/gcc/powerpc64-ps3-elf/4.5.2/../../../../powerpc64-ps3-elf/lib\libc.a(lib_a-s_fpclassify.o)
                0x0000000000025a38                .__fpclassifyd
 .text          0x0000000000025afc        0x0 f:/psdk3/ps3dev/ppu/bin/../lib/gcc/powerpc64-ps3-elf/4.5.2/../../../../powerpc64-ps3-elf/lib\libc.a(lib_a-sccl.o)
 *fill*         0x0000000000025afc        0x4 60000000
 .text.__sccl   0x0000000000025b00      0x120 f:/psdk3/ps3dev/ppu/bin/../lib/gcc/powerpc64-ps3-elf/4.5.2/../../../../powerpc64-ps3-elf/lib\libc.a(lib_a-sccl.o)
                0x0000000000025b00                .__sccl
 .text          0x0000000000025c20        0x0 f:/psdk3/ps3dev/ppu/bin/../lib/gcc/powerpc64-ps3-elf/4.5.2/../../../../powerpc64-ps3-elf/lib\libc.a(lib_a-sf_nan.o)
 .text.nanf     0x0000000000025c20       0x18 f:/psdk3/ps3dev/ppu/bin/../lib/gcc/powerpc64-ps3-elf/4.5.2/../../../../powerpc64-ps3-elf/lib\libc.a(lib_a-sf_nan.o)
                0x0000000000025c20                .nanf
 .text          0x0000000000025c38        0x0 f:/psdk3/ps3dev/ppu/bin/../lib/gcc/powerpc64-ps3-elf/4.5.2/../../../../powerpc64-ps3-elf/lib\libc.a(lib_a-sprintf.o)
 .text._sprintf_r
                0x0000000000025c38       0x84 f:/psdk3/ps3dev/ppu/bin/../lib/gcc/powerpc64-ps3-elf/4.5.2/../../../../powerpc64-ps3-elf/lib\libc.a(lib_a-sprintf.o)
                0x0000000000025c38                ._sprintf_r
 *fill*         0x0000000000025cbc        0x4 60000000
 .text.sprintf  0x0000000000025cc0       0x9c f:/psdk3/ps3dev/ppu/bin/../lib/gcc/powerpc64-ps3-elf/4.5.2/../../../../powerpc64-ps3-elf/lib\libc.a(lib_a-sprintf.o)
                0x0000000000025cc0                .sprintf
 .text          0x0000000000025d5c        0x0 f:/psdk3/ps3dev/ppu/bin/../lib/gcc/powerpc64-ps3-elf/4.5.2/../../../../powerpc64-ps3-elf/lib\libc.a(lib_a-strcmp.o)
 *fill*         0x0000000000025d5c        0x4 60000000
 .text.strcmp   0x0000000000025d60       0xfc f:/psdk3/ps3dev/ppu/bin/../lib/gcc/powerpc64-ps3-elf/4.5.2/../../../../powerpc64-ps3-elf/lib\libc.a(lib_a-strcmp.o)
                0x0000000000025d60                .strcmp
 .text          0x0000000000025e5c        0x0 f:/psdk3/ps3dev/ppu/bin/../lib/gcc/powerpc64-ps3-elf/4.5.2/../../../../powerpc64-ps3-elf/lib\libc.a(lib_a-strtod.o)
 *fill*         0x0000000000025e5c        0x4 60000000
 .text.match    0x0000000000025e60       0x6c f:/psdk3/ps3dev/ppu/bin/../lib/gcc/powerpc64-ps3-elf/4.5.2/../../../../powerpc64-ps3-elf/lib\libc.a(lib_a-strtod.o)
 *fill*         0x0000000000025ecc        0x4 60000000
 .text._strtod_r
                0x0000000000025ed0     0x1578 f:/psdk3/ps3dev/ppu/bin/../lib/gcc/powerpc64-ps3-elf/4.5.2/../../../../powerpc64-ps3-elf/lib\libc.a(lib_a-strtod.o)
                0x0000000000025ed0                ._strtod_r
 .text.strtod   0x0000000000027448       0x50 f:/psdk3/ps3dev/ppu/bin/../lib/gcc/powerpc64-ps3-elf/4.5.2/../../../../powerpc64-ps3-elf/lib\libc.a(lib_a-strtod.o)
                0x0000000000027448                .strtod
 .text.strtof   0x0000000000027498       0x98 f:/psdk3/ps3dev/ppu/bin/../lib/gcc/powerpc64-ps3-elf/4.5.2/../../../../powerpc64-ps3-elf/lib\libc.a(lib_a-strtod.o)
                0x0000000000027498                .strtof
 .text          0x0000000000027530        0x0 f:/psdk3/ps3dev/ppu/bin/../lib/gcc/powerpc64-ps3-elf/4.5.2/../../../../powerpc64-ps3-elf/lib\libc.a(lib_a-strtol.o)
 .text._strtol_r
                0x0000000000027530      0x24c f:/psdk3/ps3dev/ppu/bin/../lib/gcc/powerpc64-ps3-elf/4.5.2/../../../../powerpc64-ps3-elf/lib\libc.a(lib_a-strtol.o)
                0x0000000000027530                ._strtol_r
 *fill*         0x000000000002777c        0x4 60000000
 .text.strtol   0x0000000000027780       0x60 f:/psdk3/ps3dev/ppu/bin/../lib/gcc/powerpc64-ps3-elf/4.5.2/../../../../powerpc64-ps3-elf/lib\libc.a(lib_a-strtol.o)
                0x0000000000027780                .strtol
 .text          0x00000000000277e0        0x0 f:/psdk3/ps3dev/ppu/bin/../lib/gcc/powerpc64-ps3-elf/4.5.2/../../../../powerpc64-ps3-elf/lib\libc.a(lib_a-strtoll_r.o)