Archive member included because of file (symbol)

f:/PSDK3/ps3dev/portlibs/ppu/lib\libfont.a(libfont.o)
                              main.o (ResetFont)
f:/PSDK3/ps3dev/portlibs/ppu/lib\libtiny3d.a(tiny3d.o)
                              main.o (tiny3d_Init)
f:/PSDK3/ps3dev/portlibs/ppu/lib\libtiny3d.a(vshader_text_normal.vcg.o)
                              f:/PSDK3/ps3dev/portlibs/ppu/lib\libtiny3d.a(tiny3d.o) (vshader_text_normal_bin)
f:/PSDK3/ps3dev/portlibs/ppu/lib\libtiny3d.a(commands.o)
                              f:/PSDK3/ps3dev/portlibs/ppu/lib\libtiny3d.a(tiny3d.o) (rsxtiny_MakeCmdSpace)
f:/PSDK3/ps3dev/portlibs/ppu/lib\libtiny3d.a(glue.o)
                              f:/PSDK3/ps3dev/portlibs/ppu/lib\libtiny3d.a(tiny3d.o) (rsxtiny_FlushBuffer)
f:/PSDK3/ps3dev/portlibs/ppu/lib\libtiny3d.a(matrix.o)
                              f:/PSDK3/ps3dev/portlibs/ppu/lib\libtiny3d.a(tiny3d.o) (MatrixVectorMultiply)
f:/PSDK3/ps3dev/portlibs/ppu/lib\libtiny3d.a(mm.o)
                              f:/PSDK3/ps3dev/portlibs/ppu/lib\libtiny3d.a(tiny3d.o) (rsxtiny_MemAlign)
f:/PSDK3/ps3dev/portlibs/ppu/lib\libtiny3d.a(realityVP.o)
                              f:/PSDK3/ps3dev/portlibs/ppu/lib\libtiny3d.a(commands.o) (rsxtiny_VertexProgramGetUCode)
f:/PSDK3/ps3dev/portlibs/ppu/lib\libtiny3d.a(rsxutil.o)
                              f:/PSDK3/ps3dev/portlibs/ppu/lib\libtiny3d.a(tiny3d.o) (waitFlip)
f:/PSDK3/ps3dev/portlibs/ppu/lib\libtiny3d.a(buffer.o)
                              f:/PSDK3/ps3dev/portlibs/ppu/lib\libtiny3d.a(commands.o) (tiny_rsxContextCallback)
f:/PSDK3/psl1ght/ppu/lib\libgcm_sys.a(sprx.o)
                              f:/PSDK3/ps3dev/portlibs/ppu/lib\libtiny3d.a(rsxutil.o) (gcmSetFlip)
f:/PSDK3/psl1ght/ppu/lib\libio.a(sprx.o)
                              main.o (ioPadInit)
f:/PSDK3/psl1ght/ppu/lib\libsysutil.a(sprx.o)
                              f:/PSDK3/ps3dev/portlibs/ppu/lib\libtiny3d.a(rsxutil.o) (videoConfigure)
f:/PSDK3/psl1ght/ppu/lib\libsysutil.a(sysutil_wrapper.o)
                              f:/PSDK3/ps3dev/portlibs/ppu/lib\libtiny3d.a(tiny3d.o) (sysUtilRegisterCallback)
f:/PSDK3/psl1ght/ppu/lib\librt.a(sbrk.o)
                              f:/psdk3/ps3dev/ppu/bin/../lib/gcc/powerpc64-ps3-elf/4.5.2/../../../../powerpc64-ps3-elf/lib/lv2-crt0.o (__librt_sbrk_r)
f:/PSDK3/psl1ght/ppu/lib\librt.a(exit.o)
                              f:/psdk3/ps3dev/ppu/bin/../lib/gcc/powerpc64-ps3-elf/4.5.2/../../../../powerpc64-ps3-elf/lib/lv2-crt0.o (__librt_exit)
f:/PSDK3/psl1ght/ppu/lib\librt.a(close.o)
                              f:/psdk3/ps3dev/ppu/bin/../lib/gcc/powerpc64-ps3-elf/4.5.2/../../../../powerpc64-ps3-elf/lib/lv2-crt0.o (__librt_close_r)
f:/PSDK3/psl1ght/ppu/lib\librt.a(lseek.o)
                              f:/psdk3/ps3dev/ppu/bin/../lib/gcc/powerpc64-ps3-elf/4.5.2/../../../../powerpc64-ps3-elf/lib/lv2-crt0.o (__librt_lseek_r)
f:/PSDK3/psl1ght/ppu/lib\librt.a(read.o)
                              f:/psdk3/ps3dev/ppu/bin/../lib/gcc/powerpc64-ps3-elf/4.5.2/../../../../powerpc64-ps3-elf/lib/lv2-crt0.o (__librt_read_r)
f:/PSDK3/psl1ght/ppu/lib\librt.a(open.o)
                              f:/psdk3/ps3dev/ppu/bin/../lib/gcc/powerpc64-ps3-elf/4.5.2/../../../../powerpc64-ps3-elf/lib/lv2-crt0.o (__librt_open_r)
f:/PSDK3/psl1ght/ppu/lib\librt.a(sleep.o)
                              f:/psdk3/ps3dev/ppu/bin/../lib/gcc/powerpc64-ps3-elf/4.5.2/../../../../powerpc64-ps3-elf/lib/lv2-crt0.o (__librt_usleep_r)
f:/PSDK3/psl1ght/ppu/lib\librt.a(write.o)
                              f:/psdk3/ps3dev/ppu/bin/../lib/gcc/powerpc64-ps3-elf/4.5.2/../../../../powerpc64-ps3-elf/lib/lv2-crt0.o (__librt_write_r)
f:/PSDK3/psl1ght/ppu/lib\librt.a(fstat.o)
                              f:/psdk3/ps3dev/ppu/bin/../lib/gcc/powerpc64-ps3-elf/4.5.2/../../../../powerpc64-ps3-elf/lib/lv2-crt0.o (__librt_fstat_r)
f:/PSDK3/psl1ght/ppu/lib\librt.a(socket.o)
                              f:/PSDK3/psl1ght/ppu/lib\librt.a(write.o) (send)
f:/PSDK3/psl1ght/ppu/lib\librt.a(lock.o)
                              f:/psdk3/ps3dev/ppu/bin/../lib/gcc/powerpc64-ps3-elf/4.5.2/../../../../powerpc64-ps3-elf/lib/lv2-crt0.o (__librt_sys_lwmutex_create_r)
f:/PSDK3/psl1ght/ppu/lib\librt.a(dirent.o)
                              f:/psdk3/ps3dev/ppu/bin/../lib/gcc/powerpc64-ps3-elf/4.5.2/../../../../powerpc64-ps3-elf/lib/lv2-crt0.o (__librt_opendir_r)
f:/PSDK3/psl1ght/ppu/lib\librt.a(mkdir.o)
                              f:/psdk3/ps3dev/ppu/bin/../lib/gcc/powerpc64-ps3-elf/4.5.2/../../../../powerpc64-ps3-elf/lib/lv2-crt0.o (__librt_mkdir_r)
f:/PSDK3/psl1ght/ppu/lib\librt.a(times.o)
                              f:/psdk3/ps3dev/ppu/bin/../lib/gcc/powerpc64-ps3-elf/4.5.2/../../../../powerpc64-ps3-elf/lib/lv2-crt0.o (__librt_times_r)
f:/PSDK3/psl1ght/ppu/lib\librt.a(umask.o)
[...]
Memory Configuration

Name             Origin             Length             Attributes
*default*        0x0000000000000000 0xffffffffffffffff

Linker script and memory map

                0x0000000000010000                PROVIDE (__executable_start, 0x10000)
                0x0000000000010200                . = (0x10000 + SIZEOF_HEADERS)

.interp
 *(.interp)

.hash
 *(.hash)

.dynsym
 *(.dynsym)

.dynstr
 *(.dynstr)

.gnu.version
 *(.gnu.version)

.gnu.version_d
 *(.gnu.version_d)

.gnu.version_r
 *(.gnu.version_r)

.rel.dyn
 *(.rel.init)
 *(.rel.text .rel.text.* .rel.gnu.linkonce.t.*)
 *(.rel.fini)
 *(.rel.rodata .rel.rodata.* .rel.gnu.linkonce.r.*)
 *(.rel.data.rel.ro*)
 *(.rel.data .rel.data.* .rel.gnu.linkonce.d.*)
 *(.rel.tdata .rel.tdata.* .rel.gnu.linkonce.td.*)
 *(.rel.tbss .rel.tbss.* .rel.gnu.linkonce.tb.*)
 *(.rel.ctors)
 *(.rel.dtors)
 *(.rel.got)
 *(.rel.sdata .rel.sdata.* .rel.gnu.linkonce.s.*)
 *(.rel.sbss .rel.sbss.* .rel.gnu.linkonce.sb.*)
 *(.rel.sdata2 .rel.sdata2.* .rel.gnu.linkonce.s2.*)
 *(.rel.sbss2 .rel.sbss2.* .rel.gnu.linkonce.sb2.*)
 *(.rel.bss .rel.bss.* .rel.gnu.linkonce.b.*)

.rela.dyn       0x0000000000010200        0x0
 *(.rela.init)
 *(.rela.text .rela.text.* .rela.gnu.linkonce.t.*)
 *(.rela.fini)
 *(.rela.rodata .rela.rodata.* .rela.gnu.linkonce.r.*)
 *(.rela.data .rela.data.* .rela.gnu.linkonce.d.*)
 *(.rela.tdata .rela.tdata.* .rela.gnu.linkonce.td.*)
 *(.rela.tbss .rela.tbss.* .rela.gnu.linkonce.tb.*)
 *(.rela.ctors)
 *(.rela.dtors)
 *(.rela.got)
 *(.rela.toc)
 .rela.toc      0x0000000000000000        0x0 linker stubs
 *(.rela.sdata .rela.sdata.* .rela.gnu.linkonce.s.*)
 *(.rela.sbss .rela.sbss.* .rela.gnu.linkonce.sb.*)
 *(.rela.sdata2 .rela.sdata2.* .rela.gnu.linkonce.s2.*)
 *(.rela.sbss2 .rela.sbss2.* .rela.gnu.linkonce.sb2.*)
 *(.rela.bss .rela.bss.* .rela.gnu.linkonce.b.*)
 .rela.iplt     0x0000000000000000        0x0 linker stubs
 .rela.sys_proc_prx_param
                0x0000000000000000        0x0 linker stubs
 .rela.opd      0x0000000000000000        0x0 linker stubs

.rel.plt
 *(.rel.plt)

.rela.plt
 *(.rela.plt)

.rela.tocbss
 *(.rela.tocbss)

.init           0x0000000000010200       0x2c
 *(.init)
 .init          0x0000000000010200        0xc f:/psdk3/ps3dev/ppu/bin/../lib/gcc/powerpc64-ps3-elf/4.5.2/../../../../powerpc64-ps3-elf/lib/lv2-crti.o
                0x0000000000010200                ._init
 .init          0x000000000001020c        0x8 f:/psdk3/ps3dev/ppu/bin/../lib/gcc/powerpc64-ps3-elf/4.5.2/crtbegin.o
 .init          0x0000000000010214        0x8 f:/psdk3/ps3dev/ppu/bin/../lib/gcc/powerpc64-ps3-elf/4.5.2/crtend.o
 .init          0x000000000001021c       0x10 f:/psdk3/ps3dev/ppu/bin/../lib/gcc/powerpc64-ps3-elf/4.5.2/../../../../powerpc64-ps3-elf/lib/lv2-crtn.o

.text           0x0000000000010230    0x21544
 *(.text .stub .text.* .gnu.linkonce.t.*)
 .text          0x0000000000010230        0x0 f:/psdk3/ps3dev/ppu/bin/../lib/gcc/powerpc64-ps3-elf/4.5.2/../../../../powerpc64-ps3-elf/lib/lv2-crti.o
 .text          0x0000000000010230        0x0 f:/psdk3/ps3dev/ppu/bin/../lib/gcc/powerpc64-ps3-elf/4.5.2/crtbegin.o
 .text.__do_global_dtors_aux
                0x0000000000010230       0xc8 f:/psdk3/ps3dev/ppu/bin/../lib/gcc/powerpc64-ps3-elf/4.5.2/crtbegin.o
 .text.frame_dummy
                0x00000000000102f8       0x70 f:/psdk3/ps3dev/ppu/bin/../lib/gcc/powerpc64-ps3-elf/4.5.2/crtbegin.o
 .text          0x0000000000010368       0x58 f:/psdk3/ps3dev/ppu/bin/../lib/gcc/powerpc64-ps3-elf/4.5.2/../../../../powerpc64-ps3-elf/lib/lv2-crt0.o
                0x0000000000010368                ._start
 .text.__syscalls_init
                0x00000000000103c0      0x15c f:/psdk3/ps3dev/ppu/bin/../lib/gcc/powerpc64-ps3-elf/4.5.2/../../../../powerpc64-ps3-elf/lib/lv2-crt0.o
 *fill*         0x000000000001051c        0x4 60000000
 .text._initialize
                0x0000000000010520       0x40 f:/psdk3/ps3dev/ppu/bin/../lib/gcc/powerpc64-ps3-elf/4.5.2/../../../../powerpc64-ps3-elf/lib/lv2-crt0.o
                0x0000000000010520                ._initialize
 .text          0x0000000000010560        0x0 f:/psdk3/ps3dev/ppu/bin/../lib/gcc/powerpc64-ps3-elf/4.5.2/../../../../powerpc64-ps3-elf/lib/lv2-sprx.o
 .text          0x0000000000010560        0x0 font.o
 .text          0x0000000000010560        0x0 font_b.o
 .text          0x0000000000010560        0x0 main.o
 .text.DrawBackground2D
                0x0000000000010560       0xdc main.o
                0x0000000000010560                .DrawBackground2D
 *fill*         0x000000000001063c        0x4 60000000
 .text.drawScene
                0x0000000000010640      0x2b8 main.o
                0x0000000000010640                .drawScene
 .text.LoadTexture
                0x00000000000108f8       0xc8 main.o
                0x00000000000108f8                .LoadTexture
 .text.main     0x00000000000109c0      0x134 main.o
                0x00000000000109c0                .main
 .text          0x0000000000010af4        0x0 msxfont.o
 .text          0x0000000000010af4        0x0 f:/PSDK3/ps3dev/portlibs/ppu/lib\libfont.a(libfont.o)
 *fill*         0x0000000000010af4        0x4 60000000
 .text.i_must_break_line
                0x0000000000010af8      0x130 f:/PSDK3/ps3dev/portlibs/ppu/lib\libfont.a(libfont.o)
 .text.ResetFont
                0x0000000000010c28       0x7c f:/PSDK3/ps3dev/portlibs/ppu/lib\libfont.a(libfont.o)
                0x0000000000010c28                .ResetFont
 *fill*         0x0000000000010ca4        0x4 60000000
 .text.AddFontFromBitmapArray
                0x0000000000010ca8      0x428 f:/PSDK3/ps3dev/portlibs/ppu/lib\libfont.a(libfont.o)
                0x0000000000010ca8                .AddFontFromBitmapArray
 .text.AddFontFromTTF
                0x00000000000110d0      0x3a8 f:/PSDK3/ps3dev/portlibs/ppu/lib\libfont.a(libfont.o)
                0x00000000000110d0                .AddFontFromTTF
 .text.SetCurrentFont
                0x0000000000011478       0x4c f:/PSDK3/ps3dev/portlibs/ppu/lib\libfont.a(libfont.o)
                0x0000000000011478                .SetCurrentFont
 *fill*         0x00000000000114c4        0x4 60000000
 .text.SetFontSize
                0x00000000000114c8       0x34 f:/PSDK3/ps3dev/portlibs/ppu/lib\libfont.a(libfont.o)
                0x00000000000114c8                .SetFontSize
 *fill*         0x00000000000114fc        0x4 60000000
 .text.SetFontColor
                0x0000000000011500       0x1c f:/PSDK3/ps3dev/portlibs/ppu/lib\libfont.a(libfont.o)
                0x0000000000011500                .SetFontColor
 *fill*         0x000000000001151c        0x4 60000000
 .text.SetFontTextureMethod
                0x0000000000011520       0x18 f:/PSDK3/ps3dev/portlibs/ppu/lib\libfont.a(libfont.o)
                0x0000000000011520                .SetFontTextureMethod
 .text.SetDoubleTextureModule
                0x0000000000011538       0x1c f:/PSDK3/ps3dev/portlibs/ppu/lib\libfont.a(libfont.o)
                0x0000000000011538                .SetDoubleTextureModule
 *fill*         0x0000000000011554        0x4 60000000
 .text.SetFontAutoCenter
                0x0000000000011558       0x20 f:/PSDK3/ps3dev/portlibs/ppu/lib\libfont.a(libfont.o)
                0x0000000000011558                .SetFontAutoCenter
 .text.SetFontAutoNewLine
                0x0000000000011578       0x20 f:/PSDK3/ps3dev/portlibs/ppu/lib\libfont.a(libfont.o)
                0x0000000000011578                .SetFontAutoNewLine
 .text.SetFontZ
                0x0000000000011598       0x18 f:/PSDK3/ps3dev/portlibs/ppu/lib\libfont.a(libfont.o)
                0x0000000000011598                .SetFontZ
 .text.GetFontX
                0x00000000000115b0       0x18 f:/PSDK3/ps3dev/portlibs/ppu/lib\libfont.a(libfont.o)
                0x00000000000115b0                .GetFontX
 .text.GetFontY
                0x00000000000115c8       0x18 f:/PSDK3/ps3dev/portlibs/ppu/lib\libfont.a(libfont.o)
                0x00000000000115c8                .GetFontY
 .text.SetFontScreenLimits
                0x00000000000115e0       0x1c f:/PSDK3/ps3dev/portlibs/ppu/lib\libfont.a(libfont.o)
                0x00000000000115e0                .SetFontScreenLimits
 *fill*         0x00000000000115fc        0x4 60000000
 .text.DrawChar
                0x0000000000011600      0xa34 f:/PSDK3/ps3dev/portlibs/ppu/lib\libfont.a(libfont.o)
                0x0000000000011600                .DrawChar
 *fill*         0x0000000000012034        0x4 60000000
 .text.DrawString
                0x0000000000012038      0x2f0 f:/PSDK3/ps3dev/portlibs/ppu/lib\libfont.a(libfont.o)
                0x0000000000012038                .DrawString
 .text.DrawFormatString
                0x0000000000012328      0x320 f:/PSDK3/ps3dev/portlibs/ppu/lib\libfont.a(libfont.o)
                0x0000000000012328                .DrawFormatString
 .text          0x0000000000012648        0x0 f:/PSDK3/ps3dev/portlibs/ppu/lib\libtiny3d.a(tiny3d.o)
 .text.push_list_cmd
                0x0000000000012648      0x154 f:/PSDK3/ps3dev/portlibs/ppu/lib\libtiny3d.a(tiny3d.o)
 *fill*         0x000000000001279c        0x4 60000000
 .text.rsxtiny_SetVertexProgramConstant3f
                0x00000000000127a0       0x58 f:/PSDK3/ps3dev/portlibs/ppu/lib\libtiny3d.a(tiny3d.o)
 .text.Update_With_Normal
                0x00000000000127f8      0x2a0 f:/PSDK3/ps3dev/portlibs/ppu/lib\libtiny3d.a(tiny3d.o)
 .text.set_shader_context
                0x0000000000012a98      0x398 f:/PSDK3/ps3dev/portlibs/ppu/lib\libtiny3d.a(tiny3d.o)
 .text.put_vertex
                0x0000000000012e30      0x258 f:/PSDK3/ps3dev/portlibs/ppu/lib\libtiny3d.a(tiny3d.o)
 .text.push_normal_list
                0x0000000000013088      0x1c4 f:/PSDK3/ps3dev/portlibs/ppu/lib\libtiny3d.a(tiny3d.o)
 *fill*         0x000000000001324c        0x4 60000000
 .text.push_position_list
                0x0000000000013250      0x1f0 f:/PSDK3/ps3dev/portlibs/ppu/lib\libtiny3d.a(tiny3d.o)
 .text.tiny3d_callback
                0x0000000000013440      0x1a0 f:/PSDK3/ps3dev/portlibs/ppu/lib\libtiny3d.a(tiny3d.o)
 .text.tiny3d_Exit
                0x00000000000135e0      0x1ec f:/PSDK3/ps3dev/portlibs/ppu/lib\libtiny3d.a(tiny3d.o)
                0x00000000000135e0                .tiny3d_Exit
 *fill*         0x00000000000137cc        0x4 60000000
 .text.tiny3d_alarm
                0x00000000000137d0       0x10 f:/PSDK3/ps3dev/portlibs/ppu/lib\libtiny3d.a(tiny3d.o)
                0x00000000000137d0                .tiny3d_alarm
 .text.tiny3d_RecordList
                0x00000000000137e0       0xa4 f:/PSDK3/ps3dev/portlibs/ppu/lib\libtiny3d.a(tiny3d.o)
                0x00000000000137e0                .tiny3d_RecordList
 *fill*         0x0000000000013884        0x4 60000000
 .text.tiny3d_StopList
                0x0000000000013888      0x138 f:/PSDK3/ps3dev/portlibs/ppu/lib\libtiny3d.a(tiny3d.o)
                0x0000000000013888                .tiny3d_StopList
 .text.tiny3d_FreeList
                0x00000000000139c0       0xcc f:/PSDK3/ps3dev/portlibs/ppu/lib\libtiny3d.a(tiny3d.o)
                0x00000000000139c0                .tiny3d_FreeList
 *fill*         0x0000000000013a8c        0x4 60000000
 .text.tiny3d_DynamicMatrixList
                0x0000000000013a90       0xec f:/PSDK3/ps3dev/portlibs/ppu/lib\libtiny3d.a(tiny3d.o)
                0x0000000000013a90                .tiny3d_DynamicMatrixList
 *fill*         0x0000000000013b7c        0x4 60000000
 .text.tiny3d_ApplyMatrixList
                0x0000000000013b80       0xc8 f:/PSDK3/ps3dev/portlibs/ppu/lib\libtiny3d.a(tiny3d.o)
                0x0000000000013b80                .tiny3d_ApplyMatrixList
 .text.tiny3d_Init
                0x0000000000013c48      0x4ec f:/PSDK3/ps3dev/portlibs/ppu/lib\libtiny3d.a(tiny3d.o)
                0x0000000000013c48                .tiny3d_Init
 *fill*         0x0000000000014134        0x4 60000000
 .text.tiny3d_SetPolygon
                0x0000000000014138      0x228 f:/PSDK3/ps3dev/portlibs/ppu/lib\libtiny3d.a(tiny3d.o)
                0x0000000000014138                .tiny3d_SetPolygon
 .text.tiny3d_VertexPos
                0x0000000000014360       0xcc f:/PSDK3/ps3dev/portlibs/ppu/lib\libtiny3d.a(tiny3d.o)
                0x0000000000014360                .tiny3d_VertexPos
 *fill*         0x000000000001442c        0x4 60000000
 .text.tiny3d_VertexPos4
                0x0000000000014430       0xd0 f:/PSDK3/ps3dev/portlibs/ppu/lib\libtiny3d.a(tiny3d.o)
                0x0000000000014430                .tiny3d_VertexPos4
 .text.tiny3d_VertexPosVector
                0x0000000000014500       0xe0 f:/PSDK3/ps3dev/portlibs/ppu/lib\libtiny3d.a(tiny3d.o)
                0x0000000000014500                .tiny3d_VertexPosVector
 .text.tiny3d_VertexColor
                0x00000000000145e0       0xb4 f:/PSDK3/ps3dev/portlibs/ppu/lib\libtiny3d.a(tiny3d.o)
                0x00000000000145e0                .tiny3d_VertexColor
 *fill*         0x0000000000014694        0x4 60000000
 .text.tiny3d_VertexFcolor
                0x0000000000014698      0x104 f:/PSDK3/ps3dev/portlibs/ppu/lib\libtiny3d.a(tiny3d.o)
                0x0000000000014698                .tiny3d_VertexFcolor
 *fill*         0x000000000001479c        0x4 60000000
 .text.tiny3d_VertexTexture
                0x00000000000147a0       0xbc f:/PSDK3/ps3dev/portlibs/ppu/lib\libtiny3d.a(tiny3d.o)
                0x00000000000147a0                .tiny3d_VertexTexture
 *fill*         0x000000000001485c        0x4 60000000
 .text.tiny3d_VertexTexture2
                0x0000000000014860       0xcc f:/PSDK3/ps3dev/portlibs/ppu/lib\libtiny3d.a(tiny3d.o)
                0x0000000000014860                .tiny3d_VertexTexture2
 *fill*         0x000000000001492c        0x4 60000000
 .text.tiny3d_Normal
                0x0000000000014930       0x48 f:/PSDK3/ps3dev/portlibs/ppu/lib\libtiny3d.a(tiny3d.o)
                0x0000000000014930                .tiny3d_Normal
 .text.tiny3d_NormalVector
                0x0000000000014978       0x58 f:/PSDK3/ps3dev/portlibs/ppu/lib\libtiny3d.a(tiny3d.o)
                0x0000000000014978                .tiny3d_NormalVector
 .text.tiny3d_End
                0x00000000000149d0      0x690 f:/PSDK3/ps3dev/portlibs/ppu/lib\libtiny3d.a(tiny3d.o)
                0x00000000000149d0                .tiny3d_End
 .text.tiny3d_SetMatrixModelView
                0x0000000000015060      0x278 f:/PSDK3/ps3dev/portlibs/ppu/lib\libtiny3d.a(tiny3d.o)
                0x0000000000015060                .tiny3d_SetMatrixModelView
 .text.tiny3d_SetProjectionMatrix
                0x00000000000152d8       0xd8 f:/PSDK3/ps3dev/portlibs/ppu/lib\libtiny3d.a(tiny3d.o)
                0x00000000000152d8                .tiny3d_SetProjectionMatrix
 .text.tiny3d_Flip
                0x00000000000153b0       0xf8 f:/PSDK3/ps3dev/portlibs/ppu/lib\libtiny3d.a(tiny3d.o)
                0x00000000000153b0                .tiny3d_Flip
 .text.tiny3d_UserViewport
                0x00000000000154a8       0x5c f:/PSDK3/ps3dev/portlibs/ppu/lib\libtiny3d.a(tiny3d.o)
                0x00000000000154a8                .tiny3d_UserViewport
 *fill*         0x0000000000015504        0x4 60000000
 .text.tiny3d_UserViewport2
                0x0000000000015508       0x58 f:/PSDK3/ps3dev/portlibs/ppu/lib\libtiny3d.a(tiny3d.o)
                0x0000000000015508                .tiny3d_UserViewport2
 .text.tiny3d_UserViewportSurface
                0x0000000000015560       0x28 f:/PSDK3/ps3dev/portlibs/ppu/lib\libtiny3d.a(tiny3d.o)
                0x0000000000015560                .tiny3d_UserViewportSurface
 .text.tiny3d_Project2D
                0x0000000000015588      0x310 f:/PSDK3/ps3dev/portlibs/ppu/lib\libtiny3d.a(tiny3d.o)
                0x0000000000015588                .tiny3d_Project2D
 .text.tiny3d_Project3D
                0x0000000000015898      0x254 f:/PSDK3/ps3dev/portlibs/ppu/lib\libtiny3d.a(tiny3d.o)
                0x0000000000015898                .tiny3d_Project3D
 *fill*         0x0000000000015aec        0x4 60000000
 .text.tiny3d_Clear
                0x0000000000015af0      0x330 f:/PSDK3/ps3dev/portlibs/ppu/lib\libtiny3d.a(tiny3d.o)
                0x0000000000015af0                .tiny3d_Clear
 .text.tiny3d_ClearSurface
                0x0000000000015e20      0x204 f:/PSDK3/ps3dev/portlibs/ppu/lib\libtiny3d.a(tiny3d.o)
                0x0000000000015e20                .tiny3d_ClearSurface
 *fill*         0x0000000000016024        0x4 60000000
 .text.tiny3d_AlphaTest
                0x0000000000016028       0x88 f:/PSDK3/ps3dev/portlibs/ppu/lib\libtiny3d.a(tiny3d.o)
                0x0000000000016028                .tiny3d_AlphaTest
 .text.tiny3d_BlendFunc
                0x00000000000160b0       0x84 f:/PSDK3/ps3dev/portlibs/ppu/lib\libtiny3d.a(tiny3d.o)
                0x00000000000160b0                .tiny3d_BlendFunc
 *fill*         0x0000000000016134        0x4 60000000
 .text.tiny3d_SetTextureWrap
                0x0000000000016138      0x288 f:/PSDK3/ps3dev/portlibs/ppu/lib\libtiny3d.a(tiny3d.o)
                0x0000000000016138                .tiny3d_SetTextureWrap
 .text.tiny3d_SetTexture
                0x00000000000163c0      0x1e4 f:/PSDK3/ps3dev/portlibs/ppu/lib\libtiny3d.a(tiny3d.o)
                0x00000000000163c0                .tiny3d_SetTexture
 *fill*         0x00000000000165a4        0x4 60000000
 .text.tiny3d_AllocTexture
                0x00000000000165a8       0x38 f:/PSDK3/ps3dev/portlibs/ppu/lib\libtiny3d.a(tiny3d.o)
                0x00000000000165a8                .tiny3d_AllocTexture
 .text.tiny3d_TextureOffset
                0x00000000000165e0       0x40 f:/PSDK3/ps3dev/portlibs/ppu/lib\libtiny3d.a(tiny3d.o)
                0x00000000000165e0                .tiny3d_TextureOffset
 .text.tiny3d_EmissiveMaterial
                0x0000000000016620       0xf4 f:/PSDK3/ps3dev/portlibs/ppu/lib\libtiny3d.a(tiny3d.o)
                0x0000000000016620                .tiny3d_EmissiveMaterial
 *fill*         0x0000000000016714        0x4 60000000
 .text.tiny3d_AmbientMaterial
                0x0000000000016718       0xf4 f:/PSDK3/ps3dev/portlibs/ppu/lib\libtiny3d.a(tiny3d.o)
                0x0000000000016718                .tiny3d_AmbientMaterial
 *fill*         0x000000000001680c        0x4 60000000
 .text.tiny3d_DiffuseMaterial
                0x0000000000016810       0xf4 f:/PSDK3/ps3dev/portlibs/ppu/lib\libtiny3d.a(tiny3d.o)
                0x0000000000016810                .tiny3d_DiffuseMaterial
 *fill*         0x0000000000016904        0x4 60000000
 .text.tiny3d_SpecularMaterial
                0x0000000000016908       0xf4 f:/PSDK3/ps3dev/portlibs/ppu/lib\libtiny3d.a(tiny3d.o)
                0x0000000000016908                .tiny3d_SpecularMaterial
 *fill*         0x00000000000169fc        0x4 60000000
 .text.tiny3d_SetLightCameraPosition
                0x0000000000016a00       0x38 f:/PSDK3/ps3dev/portlibs/ppu/lib\libtiny3d.a(tiny3d.o)
                0x0000000000016a00                .tiny3d_SetLightCameraPosition
 .text.tiny3d_SetLight
                0x0000000000016a38       0x90 f:/PSDK3/ps3dev/portlibs/ppu/lib\libtiny3d.a(tiny3d.o)
                0x0000000000016a38                .tiny3d_SetLight
 .text.tiny3d_SetLightsOff
                0x0000000000016ac8       0x38 f:/PSDK3/ps3dev/portlibs/ppu/lib\libtiny3d.a(tiny3d.o)
                0x0000000000016ac8                .tiny3d_SetLightsOff
 .text.tiny3d_SetAmbientLight
                0x0000000000016b00       0x38 f:/PSDK3/ps3dev/portlibs/ppu/lib\libtiny3d.a(tiny3d.o)
                0x0000000000016b00                .tiny3d_SetAmbientLight
 .text.tiny3d_SelMultiTexturesMethod
                0x0000000000016b38       0xac f:/PSDK3/ps3dev/portlibs/ppu/lib\libtiny3d.a(tiny3d.o)
                0x0000000000016b38                .tiny3d_SelMultiTexturesMethod
 *fill*         0x0000000000016be4        0x4 60000000
 .text.tiny3d_DrawList
                0x0000000000016be8      0x65c f:/PSDK3/ps3dev/portlibs/ppu/lib\libtiny3d.a(tiny3d.o)
                0x0000000000016be8                .tiny3d_DrawList
 *fill*         0x0000000000017244        0x4 60000000
 .text.tiny3d_MenuActive
                0x0000000000017248       0x1c f:/PSDK3/ps3dev/portlibs/ppu/lib\libtiny3d.a(tiny3d.o)
                0x0000000000017248                .tiny3d_MenuActive
 *fill*         0x0000000000017264        0x4 60000000
 .text.tiny3d_Enable_YUV
                0x0000000000017268       0x2c f:/PSDK3/ps3dev/portlibs/ppu/lib\libtiny3d.a(tiny3d.o)
                0x0000000000017268                .tiny3d_Enable_YUV
 *fill*         0x0000000000017294        0x4 60000000
 .text.tiny3d_Disable_YUV
                0x0000000000017298       0x28 f:/PSDK3/ps3dev/portlibs/ppu/lib\libtiny3d.a(tiny3d.o)
                0x0000000000017298                .tiny3d_Disable_YUV
 .text.tiny3d_Dirty_Status
                0x00000000000172c0       0x78 f:/PSDK3/ps3dev/portlibs/ppu/lib\libtiny3d.a(tiny3d.o)
                0x00000000000172c0                .tiny3d_Dirty_Status
 .text.tiny3d_Get_GCM_Context
                0x0000000000017338       0x18 f:/PSDK3/ps3dev/portlibs/ppu/lib\libtiny3d.a(tiny3d.o)
                0x0000000000017338                .tiny3d_Get_GCM_Context
 .text.tiny3d_DoCmd_Space
                0x0000000000017350       0x4c f:/PSDK3/ps3dev/portlibs/ppu/lib\libtiny3d.a(tiny3d.o)
                0x0000000000017350                .tiny3d_DoCmd_Space
 .text          0x000000000001739c        0x0 f:/PSDK3/ps3dev/portlibs/ppu/lib\libtiny3d.a(vshader_text_normal.vcg.o)
 .text          0x000000000001739c        0x0 f:/PSDK3/ps3dev/portlibs/ppu/lib\libtiny3d.a(commands.o)
 *fill*         0x000000000001739c        0x4 60000000
 .text.rsxtiny_MakeCmdSpace
                0x00000000000173a0       0xec f:/PSDK3/ps3dev/portlibs/ppu/lib\libtiny3d.a(commands.o)
                0x00000000000173a0                .rsxtiny_MakeCmdSpace
 *fill*         0x000000000001748c        0x4 60000000
 .text.rsxtiny_SetReferenceCommand
                0x0000000000017490      0x10c f:/PSDK3/ps3dev/portlibs/ppu/lib\libtiny3d.a(commands.o)
                0x0000000000017490                .rsxtiny_SetReferenceCommand
 *fill*         0x000000000001759c        0x4 60000000
 .text.rsxtiny_SetWriteBackendLabel
                0x00000000000175a0      0x154 f:/PSDK3/ps3dev/portlibs/ppu/lib\libtiny3d.a(commands.o)
                0x00000000000175a0                .rsxtiny_SetWriteBackendLabel
 *fill*         0x00000000000176f4        0x4 60000000
 .text.rsxtiny_SetWaitLabel
                0x00000000000176f8      0x134 f:/PSDK3/ps3dev/portlibs/ppu/lib\libtiny3d.a(commands.o)
                0x00000000000176f8                .rsxtiny_SetWaitLabel
 *fill*         0x000000000001782c        0x4 60000000
 .text.rsxtiny_SetScissor
                0x0000000000017830      0x154 f:/PSDK3/ps3dev/portlibs/ppu/lib\libtiny3d.a(commands.o)
                0x0000000000017830                .rsxtiny_SetScissor
 *fill*         0x0000000000017984        0x4 60000000
 .text.rsxtiny_SetClearColor
                0x0000000000017988      0x10c f:/PSDK3/ps3dev/portlibs/ppu/lib\libtiny3d.a(commands.o)
                0x0000000000017988                .rsxtiny_SetClearColor
 *fill*         0x0000000000017a94        0x4 60000000
 .text.rsxtiny_SetClearDepthValue
                0x0000000000017a98      0x10c f:/PSDK3/ps3dev/portlibs/ppu/lib\libtiny3d.a(commands.o)
                0x0000000000017a98                .rsxtiny_SetClearDepthValue
 *fill*         0x0000000000017ba4        0x4 60000000
 .text.rsxtiny_Nop
                0x0000000000017ba8       0xfc f:/PSDK3/ps3dev/portlibs/ppu/lib\libtiny3d.a(commands.o)
                0x0000000000017ba8                .rsxtiny_Nop
 *fill*         0x0000000000017ca4        0x4 60000000
 .text.rsxtiny_ClearBuffers
                0x0000000000017ca8      0x12c f:/PSDK3/ps3dev/portlibs/ppu/lib\libtiny3d.a(commands.o)
                0x0000000000017ca8                .rsxtiny_ClearBuffers
 *fill*         0x0000000000017dd4        0x4 60000000
 .text.rsxtiny_SetRenderSurface
                0x0000000000017dd8      0x17c f:/PSDK3/ps3dev/portlibs/ppu/lib\libtiny3d.a(commands.o)
                0x0000000000017dd8                .rsxtiny_SetRenderSurface
 *fill*         0x0000000000017f54        0x4 60000000
 .text.rsxtiny_SelectRenderTarget
                0x0000000000017f58      0x204 f:/PSDK3/ps3dev/portlibs/ppu/lib\libtiny3d.a(commands.o)
                0x0000000000017f58                .rsxtiny_SelectRenderTarget
 *fill*         0x000000000001815c        0x4 60000000
 .text.rsxtiny_Viewport
                0x0000000000018160      0x12c f:/PSDK3/ps3dev/portlibs/ppu/lib\libtiny3d.a(commands.o)
                0x0000000000018160                .rsxtiny_Viewport
 *fill*         0x000000000001828c        0x4 60000000
 .text.rsxtiny_ViewportClip
                0x0000000000018290      0x14c f:/PSDK3/ps3dev/portlibs/ppu/lib\libtiny3d.a(commands.o)
                0x0000000000018290                .rsxtiny_ViewportClip
 *fill*         0x00000000000183dc        0x4 60000000
 .text.rsxtiny_VertexBegin
                0x00000000000183e0      0x10c f:/PSDK3/ps3dev/portlibs/ppu/lib\libtiny3d.a(commands.o)
                0x00000000000183e0                .rsxtiny_VertexBegin
 *fill*         0x00000000000184ec        0x4 60000000
 .text.rsxtiny_VertexEnd
                0x00000000000184f0       0xfc f:/PSDK3/ps3dev/portlibs/ppu/lib\libtiny3d.a(commands.o)
                0x00000000000184f0                .rsxtiny_VertexEnd
 *fill*         0x00000000000185ec        0x4 60000000
 .text.rsxtiny_Vertex4f
                0x00000000000185f0      0x134 f:/PSDK3/ps3dev/portlibs/ppu/lib\libtiny3d.a(commands.o)
                0x00000000000185f0                .rsxtiny_Vertex4f
 *fill*         0x0000000000018724        0x4 60000000
 .text.rsxtiny_TexCoord2f
                0x0000000000018728      0x114 f:/PSDK3/ps3dev/portlibs/ppu/lib\libtiny3d.a(commands.o)
                0x0000000000018728                .rsxtiny_TexCoord2f
 *fill*         0x000000000001883c        0x4 60000000
 .text.rsxtiny_SetVertexProgramConstant4f
                0x0000000000018840      0x14c f:/PSDK3/ps3dev/portlibs/ppu/lib\libtiny3d.a(commands.o)
                0x0000000000018840                .rsxtiny_SetVertexProgramConstant4f
 *fill*         0x000000000001898c        0x4 60000000
 .text.rsxtiny_LoadVertexProgram
                0x0000000000018990      0x2f4 f:/PSDK3/ps3dev/portlibs/ppu/lib\libtiny3d.a(commands.o)
                0x0000000000018990                .rsxtiny_LoadVertexProgram
 *fill*         0x0000000000018c84        0x4 60000000
 .text.rsxtiny_SetVertexProgramConstant4fBlock
                0x0000000000018c88      0x160 f:/PSDK3/ps3dev/portlibs/ppu/lib\libtiny3d.a(commands.o)
                0x0000000000018c88                .rsxtiny_SetVertexProgramConstant4fBlock
 .text.rsxtiny_InstallFragmentProgram
                0x0000000000018de8       0x70 f:/PSDK3/ps3dev/portlibs/ppu/lib\libtiny3d.a(commands.o)
                0x0000000000018de8                .rsxtiny_InstallFragmentProgram
 .text.rsxtiny_LoadFragmentProgram
                0x0000000000018e58      0x13c f:/PSDK3/ps3dev/portlibs/ppu/lib\libtiny3d.a(commands.o)
                0x0000000000018e58                .rsxtiny_LoadFragmentProgram
 *fill*         0x0000000000018f94        0x4 60000000
 .text.rsxtiny_InvalidateTextureCache
                0x0000000000018f98      0x10c f:/PSDK3/ps3dev/portlibs/ppu/lib\libtiny3d.a(commands.o)
                0x0000000000018f98                .rsxtiny_InvalidateTextureCache
 *fill*         0x00000000000190a4        0x4 60000000
 .text.rsxtiny_SetTexture
                0x00000000000190a8      0x204 f:/PSDK3/ps3dev/portlibs/ppu/lib\libtiny3d.a(commands.o)
                0x00000000000190a8                .rsxtiny_SetTexture
 *fill*         0x00000000000192ac        0x4 60000000
 .text.rsxtiny_ViewportTranslate
                0x00000000000192b0      0x134 f:/PSDK3/ps3dev/portlibs/ppu/lib\libtiny3d.a(commands.o)
                0x00000000000192b0                .rsxtiny_ViewportTranslate
 *fill*         0x00000000000193e4        0x4 60000000
 .text.rsxtiny_ViewportScale
                0x00000000000193e8      0x134 f:/PSDK3/ps3dev/portlibs/ppu/lib\libtiny3d.a(commands.o)
                0x00000000000193e8                .rsxtiny_ViewportScale
 *fill*         0x000000000001951c        0x4 60000000
 .text.rsxtiny_CullFace
                0x0000000000019520      0x10c f:/PSDK3/ps3dev/portlibs/ppu/lib\libtiny3d.a(commands.o)
                0x0000000000019520                .rsxtiny_CullFace
 *fill*         0x000000000001962c        0x4 60000000
 .text.rsxtiny_FrontFace
                0x0000000000019630      0x10c f:/PSDK3/ps3dev/portlibs/ppu/lib\libtiny3d.a(commands.o)
                0x0000000000019630                .rsxtiny_FrontFace
 *fill*         0x000000000001973c        0x4 60000000
 .text.rsxtiny_CullEnable
                0x0000000000019740      0x10c f:/PSDK3/ps3dev/portlibs/ppu/lib\libtiny3d.a(commands.o)
                0x0000000000019740                .rsxtiny_CullEnable
 *fill*         0x000000000001984c        0x4 60000000
 .text.rsxtiny_AlphaEnable
                0x0000000000019850      0x10c f:/PSDK3/ps3dev/portlibs/ppu/lib\libtiny3d.a(commands.o)
                0x0000000000019850                .rsxtiny_AlphaEnable
 *fill*         0x000000000001995c        0x4 60000000
 .text.rsxtiny_AlphaRef
                0x0000000000019960      0x10c f:/PSDK3/ps3dev/portlibs/ppu/lib\libtiny3d.a(commands.o)
                0x0000000000019960                .rsxtiny_AlphaRef
 *fill*         0x0000000000019a6c        0x4 60000000
 .text.rsxtiny_AlphaFunc
                0x0000000000019a70      0x10c f:/PSDK3/ps3dev/portlibs/ppu/lib\libtiny3d.a(commands.o)
                0x0000000000019a70                .rsxtiny_AlphaFunc
 *fill*         0x0000000000019b7c        0x4 60000000
 .text.rsxtiny_BlendEnable
                0x0000000000019b80      0x10c f:/PSDK3/ps3dev/portlibs/ppu/lib\libtiny3d.a(commands.o)
                0x0000000000019b80                .rsxtiny_BlendEnable
 *fill*         0x0000000000019c8c        0x4 60000000
 .text.rsxtiny_BlendEquation
                0x0000000000019c90      0x10c f:/PSDK3/ps3dev/portlibs/ppu/lib\libtiny3d.a(commands.o)
                0x0000000000019c90                .rsxtiny_BlendEquation
 *fill*         0x0000000000019d9c        0x4 60000000
 .text.rsxtiny_BlendFunc
                0x0000000000019da0      0x124 f:/PSDK3/ps3dev/portlibs/ppu/lib\libtiny3d.a(commands.o)
                0x0000000000019da0                .rsxtiny_BlendFunc
 *fill*         0x0000000000019ec4        0x4 60000000
 .text.rsxtiny_ZControl
                0x0000000000019ec8      0x13c f:/PSDK3/ps3dev/portlibs/ppu/lib\libtiny3d.a(commands.o)
                0x0000000000019ec8                .rsxtiny_ZControl
 *fill*         0x000000000001a004        0x4 60000000
 .text.rsxtiny_BindVertexBufferAttribute
                0x000000000001a008      0x194 f:/PSDK3/ps3dev/portlibs/ppu/lib\libtiny3d.a(commands.o)
                0x000000000001a008                .rsxtiny_BindVertexBufferAttribute
 *fill*         0x000000000001a19c        0x4 60000000
 .text.rsxtiny_VertexInvalidate
                0x000000000001a1a0      0x10c f:/PSDK3/ps3dev/portlibs/ppu/lib\libtiny3d.a(commands.o)
                0x000000000001a1a0                .rsxtiny_VertexInvalidate
 *fill*         0x000000000001a2ac        0x4 60000000
 .text.rsxtiny_DrawVertexBuffer
                0x000000000001a2b0      0x2f0 f:/PSDK3/ps3dev/portlibs/ppu/lib\libtiny3d.a(commands.o)
                0x000000000001a2b0                .rsxtiny_DrawVertexBuffer
 .text.rsxtiny_DrawVertexBufferIndex
                0x000000000001a5a0      0x33c f:/PSDK3/ps3dev/portlibs/ppu/lib\libtiny3d.a(commands.o)
                0x000000000001a5a0                .rsxtiny_DrawVertexBufferIndex
 *fill*         0x000000000001a8dc        0x4 60000000
 .text.rsxtiny_DepthTestEnable
                0x000000000001a8e0      0x10c f:/PSDK3/ps3dev/portlibs/ppu/lib\libtiny3d.a(commands.o)
                0x000000000001a8e0                .rsxtiny_DepthTestEnable
 *fill*         0x000000000001a9ec        0x4 60000000
 .text.rsxtiny_DepthTestFunc
                0x000000000001a9f0      0x10c f:/PSDK3/ps3dev/portlibs/ppu/lib\libtiny3d.a(commands.o)
                0x000000000001a9f0                .rsxtiny_DepthTestFunc
 *fill*         0x000000000001aafc        0x4 60000000
 .text.rsxtiny_DepthWriteEnable
                0x000000000001ab00      0x10c f:/PSDK3/ps3dev/portlibs/ppu/lib\libtiny3d.a(commands.o)
                0x000000000001ab00                .rsxtiny_DepthWriteEnable
 .text          0x000000000001ac0c        0x0 f:/PSDK3/ps3dev/portlibs/ppu/lib\libtiny3d.a(glue.o)
 *fill*         0x000000000001ac0c        0x4 60000000
 .text.rsxtiny_FlushBuffer
                0x000000000001ac10       0x78 f:/PSDK3/ps3dev/portlibs/ppu/lib\libtiny3d.a(glue.o)
                0x000000000001ac10                .rsxtiny_FlushBuffer
 .text.rsxtiny_Init
                0x000000000001ac88       0x58 f:/PSDK3/ps3dev/portlibs/ppu/lib\libtiny3d.a(glue.o)
                0x000000000001ac88                .rsxtiny_Init
 .text.rsxtiny_AddressToOffset
                0x000000000001ace0       0x30 f:/PSDK3/ps3dev/portlibs/ppu/lib\libtiny3d.a(glue.o)
                0x000000000001ace0                .rsxtiny_AddressToOffset
 .text          0x000000000001ad10        0x0 f:/PSDK3/ps3dev/portlibs/ppu/lib\libtiny3d.a(matrix.o)
 .text.MatrixProjPerspective
                0x000000000001ad10      0x120 f:/PSDK3/ps3dev/portlibs/ppu/lib\libtiny3d.a(matrix.o)
                0x000000000001ad10                .MatrixProjPerspective
 .text.MatrixVectorMultiply
                0x000000000001ae30       0xa8 f:/PSDK3/ps3dev/portlibs/ppu/lib\libtiny3d.a(matrix.o)
                0x000000000001ae30                .MatrixVectorMultiply
 .text.MatrixVectorMultiply3x3
                0x000000000001aed8       0x90 f:/PSDK3/ps3dev/portlibs/ppu/lib\libtiny3d.a(matrix.o)
                0x000000000001aed8                .MatrixVectorMultiply3x3
 .text.MatrixMultiply
                0x000000000001af68      0x3d8 f:/PSDK3/ps3dev/portlibs/ppu/lib\libtiny3d.a(matrix.o)
                0x000000000001af68                .MatrixMultiply
 .text.MatrixIdentity
                0x000000000001b340       0x54 f:/PSDK3/ps3dev/portlibs/ppu/lib\libtiny3d.a(matrix.o)
                0x000000000001b340                .MatrixIdentity
 *fill*         0x000000000001b394        0x4 60000000
 .text.MatrixTranslation
                0x000000000001b398       0x58 f:/PSDK3/ps3dev/portlibs/ppu/lib\libtiny3d.a(matrix.o)
                0x000000000001b398                .MatrixTranslation
 .text.MatrixTranspose
                0x000000000001b3f0       0xb0 f:/PSDK3/ps3dev/portlibs/ppu/lib\libtiny3d.a(matrix.o)
                0x000000000001b3f0                .MatrixTranspose
 .text.MatrixScale
                0x000000000001b4a0       0x60 f:/PSDK3/ps3dev/portlibs/ppu/lib\libtiny3d.a(matrix.o)
                0x000000000001b4a0                .MatrixScale
 .text.MatrixRotationX
                0x000000000001b500       0xfc f:/PSDK3/ps3dev/portlibs/ppu/lib\libtiny3d.a(matrix.o)
                0x000000000001b500                .MatrixRotationX
 *fill*         0x000000000001b5fc        0x4 60000000
 .text.MatrixRotationY
                0x000000000001b600       0xfc f:/PSDK3/ps3dev/portlibs/ppu/lib\libtiny3d.a(matrix.o)
                0x000000000001b600                .MatrixRotationY
 *fill*         0x000000000001b6fc        0x4 60000000
 .text.MatrixRotationZ
                0x000000000001b700       0xdc f:/PSDK3/ps3dev/portlibs/ppu/lib\libtiny3d.a(matrix.o)
                0x000000000001b700                .MatrixRotationZ
 *fill*         0x000000000001b7dc        0x4 60000000
 .text.MatrixRotationAxis
                0x000000000001b7e0      0x2dc f:/PSDK3/ps3dev/portlibs/ppu/lib\libtiny3d.a(matrix.o)
                0x000000000001b7e0                .MatrixRotationAxis
 *fill*         0x000000000001babc        0x4 60000000
 .text.VectorToUnit
                0x000000000001bac0       0xbc f:/PSDK3/ps3dev/portlibs/ppu/lib\libtiny3d.a(matrix.o)
                0x000000000001bac0                .VectorToUnit
 *fill*         0x000000000001bb7c        0x4 60000000
 .text.VectorNormalPlane
                0x000000000001bb80       0xd8 f:/PSDK3/ps3dev/portlibs/ppu/lib\libtiny3d.a(matrix.o)
                0x000000000001bb80                .VectorNormalPlane
 .text.MakeLookAtMatrix
                0x000000000001bc58      0x2ec f:/PSDK3/ps3dev/portlibs/ppu/lib\libtiny3d.a(matrix.o)
                0x000000000001bc58                .MakeLookAtMatrix
 .text          0x000000000001bf44        0x0 f:/PSDK3/ps3dev/portlibs/ppu/lib\libtiny3d.a(mm.o)
 *fill*         0x000000000001bf44        0x4 60000000
 .text.rsxtiny_MemAlign
                0x000000000001bf48      0x134 f:/PSDK3/ps3dev/portlibs/ppu/lib\libtiny3d.a(mm.o)
                0x000000000001bf48                .rsxtiny_MemAlign
 *fill*         0x000000000001c07c        0x4 60000000
 .text.rsxtiny_Mem
                0x000000000001c080       0x18 f:/PSDK3/ps3dev/portlibs/ppu/lib\libtiny3d.a(mm.o)
                0x000000000001c080                .rsxtiny_Mem
 .text          0x000000000001c098        0x0 f:/PSDK3/ps3dev/portlibs/ppu/lib\libtiny3d.a(realityVP.o)
 .text.rsxtiny_VertexProgramGetUCode
                0x000000000001c098       0x18 f:/PSDK3/ps3dev/portlibs/ppu/lib\libtiny3d.a(realityVP.o)
                0x000000000001c098                .rsxtiny_VertexProgramGetUCode
 .text.rsxtiny_VertexProgramGetInputMask
                0x000000000001c0b0       0x14 f:/PSDK3/ps3dev/portlibs/ppu/lib\libtiny3d.a(realityVP.o)
                0x000000000001c0b0                .rsxtiny_VertexProgramGetInputMask
 *fill*         0x000000000001c0c4        0x4 60000000
 .text.rsxtiny_VertexProgramGetOutputMask
                0x000000000001c0c8       0x14 f:/PSDK3/ps3dev/portlibs/ppu/lib\libtiny3d.a(realityVP.o)
                0x000000000001c0c8                .rsxtiny_VertexProgramGetOutputMask
 *fill*         0x000000000001c0dc        0x4 60000000
 .text.rsxtiny_VertexProgramGetAttributes
                0x000000000001c0e0       0x18 f:/PSDK3/ps3dev/portlibs/ppu/lib\libtiny3d.a(realityVP.o)
                0x000000000001c0e0                .rsxtiny_VertexProgramGetAttributes
 .text.rsxtiny_VertexProgramGetInputAttribute
                0x000000000001c0f8       0xe4 f:/PSDK3/ps3dev/portlibs/ppu/lib\libtiny3d.a(realityVP.o)
                0x000000000001c0f8                .rsxtiny_VertexProgramGetInputAttribute
 *fill*         0x000000000001c1dc        0x4 60000000
 .text.rsxtiny_VertexProgramGetConstants
                0x000000000001c1e0       0x18 f:/PSDK3/ps3dev/portlibs/ppu/lib\libtiny3d.a(realityVP.o)
                0x000000000001c1e0                .rsxtiny_VertexProgramGetConstants
 .text.rsxtiny_VertexProgramGetConstant
                0x000000000001c1f8       0xe4 f:/PSDK3/ps3dev/portlibs/ppu/lib\libtiny3d.a(realityVP.o)
                0x000000000001c1f8                .rsxtiny_VertexProgramGetConstant
 .text          0x000000000001c2dc        0x0 f:/PSDK3/ps3dev/portlibs/ppu/lib\libtiny3d.a(rsxutil.o)
 *fill*         0x000000000001c2dc        0x4 60000000
 .text.waitFlip
                0x000000000001c2e0       0xcc f:/PSDK3/ps3dev/portlibs/ppu/lib\libtiny3d.a(rsxutil.o)
                0x000000000001c2e0                .waitFlip
 *fill*         0x000000000001c3ac        0x4 60000000
 .text.flip     0x000000000001c3b0       0x5c f:/PSDK3/ps3dev/portlibs/ppu/lib\libtiny3d.a(rsxutil.o)
                0x000000000001c3b0                .flip
 *fill*         0x000000000001c40c        0x4 60000000
 .text.init_screen
                0x000000000001c410      0x364 f:/PSDK3/ps3dev/portlibs/ppu/lib\libtiny3d.a(rsxutil.o)
                0x000000000001c410                .init_screen
 *fill*         0x000000000001c774        0x4 60000000
 .text.setupRenderTarget
                0x000000000001c778      0x108 f:/PSDK3/ps3dev/portlibs/ppu/lib\libtiny3d.a(rsxutil.o)
                0x000000000001c778                .setupRenderTarget
 .text.setupRenderTarget2
                0x000000000001c880      0x13c f:/PSDK3/ps3dev/portlibs/ppu/lib\libtiny3d.a(rsxutil.o)
                0x000000000001c880                .setupRenderTarget2
 .text          0x000000000001c9bc        0x0 f:/PSDK3/ps3dev/portlibs/ppu/lib\libtiny3d.a(buffer.o)
 *fill*         0x000000000001c9bc        0x4 60000000
 .text.tiny_rsxContextCallback
                0x000000000001c9c0       0x50 f:/PSDK3/ps3dev/portlibs/ppu/lib\libtiny3d.a(buffer.o)
                0x000000000001c9c0                .tiny_rsxContextCallback
 .text.commandBufferPut
                0x000000000001ca10       0x20 f:/PSDK3/ps3dev/portlibs/ppu/lib\libtiny3d.a(buffer.o)
                0x000000000001ca10                .commandBufferPut
 .text          0x000000000001ca30        0x0 f:/PSDK3/psl1ght/ppu/lib\libgcm_sys.a(sprx.o)
 .text          0x000000000001ca30        0x0 f:/PSDK3/psl1ght/ppu/lib\libio.a(sprx.o)
 .text          0x000000000001ca30        0x0 f:/PSDK3/psl1ght/ppu/lib\libsysutil.a(sprx.o)
 .text          0x000000000001ca30        0x0 f:/PSDK3/psl1ght/ppu/lib\libsysutil.a(sysutil_wrapper.o)
 .text.sysUtilRegisterCallback
                0x000000000001ca30       0x34 f:/PSDK3/psl1ght/ppu/lib\libsysutil.a(sysutil_wrapper.o)
                0x000000000001ca30                .sysUtilRegisterCallback
 *fill*         0x000000000001ca64        0x4 60000000
 .text.msgDialogOpen
                0x000000000001ca68       0x34 f:/PSDK3/psl1ght/ppu/lib\libsysutil.a(sysutil_wrapper.o)
                0x000000000001ca68                .msgDialogOpen
 *fill*         0x000000000001ca9c        0x4 60000000
 .text.msgDialogOpen2
                0x000000000001caa0       0x34 f:/PSDK3/psl1ght/ppu/lib\libsysutil.a(sysutil_wrapper.o)
                0x000000000001caa0                .msgDialogOpen2
 *fill*         0x000000000001cad4        0x4 60000000
 .text.msgDialogOpenErrorCode
                0x000000000001cad8       0x34 f:/PSDK3/psl1ght/ppu/lib\libsysutil.a(sysutil_wrapper.o)
                0x000000000001cad8                .msgDialogOpenErrorCode
 *fill*         0x000000000001cb0c        0x4 60000000
 .text.sysSaveListLoad2
                0x000000000001cb10       0x3c f:/PSDK3/psl1ght/ppu/lib\libsysutil.a(sysutil_wrapper.o)
                0x000000000001cb10                .sysSaveListLoad2
 *fill*         0x000000000001cb4c        0x4 60000000
 .text.sysSaveListSave2
                0x000000000001cb50       0x3c f:/PSDK3/psl1ght/ppu/lib\libsysutil.a(sysutil_wrapper.o)
                0x000000000001cb50                .sysSaveListSave2
 *fill*         0x000000000001cb8c        0x4 60000000
 .text.sysSaveListAutoLoad
                0x000000000001cb90       0x44 f:/PSDK3/psl1ght/ppu/lib\libsysutil.a(sysutil_wrapper.o)
                0x000000000001cb90                .sysSaveListAutoLoad
 *fill*         0x000000000001cbd4        0x4 60000000
 .text.sysSaveListAutoSave
                0x000000000001cbd8       0x44 f:/PSDK3/psl1ght/ppu/lib\libsysutil.a(sysutil_wrapper.o)
                0x000000000001cbd8                .sysSaveListAutoSave
 *fill*         0x000000000001cc1c        0x4 60000000
 .text.sysSaveFixedLoad2
                0x000000000001cc20       0x3c f:/PSDK3/psl1ght/ppu/lib\libsysutil.a(sysutil_wrapper.o)
                0x000000000001cc20                .sysSaveFixedLoad2
 *fill*         0x000000000001cc5c        0x4 60000000
 .text.sysSaveFixedSave2
                0x000000000001cc60       0x3c f:/PSDK3/psl1ght/ppu/lib\libsysutil.a(sysutil_wrapper.o)
                0x000000000001cc60                .sysSaveFixedSave2
 *fill*         0x000000000001cc9c        0x4 60000000
 .text.sysSaveAutoLoad2
                0x000000000001cca0       0x38 f:/PSDK3/psl1ght/ppu/lib\libsysutil.a(sysutil_wrapper.o)
                0x000000000001cca0                .sysSaveAutoLoad2
 .text.sysSaveAutoSave2
                0x000000000001ccd8       0x38 f:/PSDK3/psl1ght/ppu/lib\libsysutil.a(sysutil_wrapper.o)
                0x000000000001ccd8                .sysSaveAutoSave2
 .text.sysGameThemeInstallFromBuffer
                0x000000000001cd10       0x34 f:/PSDK3/psl1ght/ppu/lib\libsysutil.a(sysutil_wrapper.o)
                0x000000000001cd10                .sysGameThemeInstallFromBuffer
 *fill*         0x000000000001cd44        0x4 60000000
 .text.sysGameDiscRegisterDiscChangeCallback
                0x000000000001cd48       0x38 f:/PSDK3/psl1ght/ppu/lib\libsysutil.a(sysutil_wrapper.o)
                0x000000000001cd48                .sysGameDiscRegisterDiscChangeCallback
 .text.sysDiscRegisterDiscChangeCallback
                0x000000000001cd80       0x38 f:/PSDK3/psl1ght/ppu/lib\libsysutil.a(sysutil_wrapper.o)
                0x000000000001cd80                .sysDiscRegisterDiscChangeCallback
 .text          0x000000000001cdb8        0x0 f:/PSDK3/psl1ght/ppu/lib\librt.a(sbrk.o)
 .text.sbrk_init
                0x000000000001cdb8       0xc4 f:/PSDK3/psl1ght/ppu/lib\librt.a(sbrk.o)
 *fill*         0x000000000001ce7c        0x4 60000000
 .text.sbrk_deinit
                0x000000000001ce80       0xbc f:/PSDK3/psl1ght/ppu/lib\librt.a(sbrk.o)
 *fill*         0x000000000001cf3c        0x4 60000000
 .text.__librt_sbrk_r
                0x000000000001cf40      0x324 f:/PSDK3/psl1ght/ppu/lib\librt.a(sbrk.o)
                0x000000000001cf40                .__librt_sbrk_r
 .text          0x000000000001d264        0x0 f:/PSDK3/psl1ght/ppu/lib\librt.a(exit.o)
 *fill*         0x000000000001d264        0x4 60000000
 .text.__librt_exit
                0x000000000001d268       0x30 f:/PSDK3/psl1ght/ppu/lib\librt.a(exit.o)
                0x000000000001d268                .__librt_exit
 .text          0x000000000001d298        0x0 f:/PSDK3/psl1ght/ppu/lib\librt.a(close.o)
 .text.__librt_close_r
                0x000000000001d298       0x8c f:/PSDK3/psl1ght/ppu/lib\librt.a(close.o)
                0x000000000001d298                .__librt_close_r
 .text          0x000000000001d324        0x0 f:/PSDK3/psl1ght/ppu/lib\librt.a(lseek.o)
 *fill*         0x000000000001d324        0x4 60000000
 .text.__librt_lseek_r
                0x000000000001d328       0x8c f:/PSDK3/psl1ght/ppu/lib\librt.a(lseek.o)
                0x000000000001d328                .__librt_lseek_r
 *fill*         0x000000000001d3b4        0x4 60000000
 .text.__librt_lseek64_r
                0x000000000001d3b8       0x8c f:/PSDK3/psl1ght/ppu/lib\librt.a(lseek.o)
                0x000000000001d3b8                .__librt_lseek64_r
 .text          0x000000000001d444        0x0 f:/PSDK3/psl1ght/ppu/lib\librt.a(read.o)
 *fill*         0x000000000001d444        0x4 60000000
 .text.__librt_read_r
                0x000000000001d448      0x11c f:/PSDK3/psl1ght/ppu/lib\librt.a(read.o)
                0x000000000001d448                .__librt_read_r
 .text          0x000000000001d564        0x0 f:/PSDK3/psl1ght/ppu/lib\librt.a(open.o)
 *fill*         0x000000000001d564        0x4 60000000
 .text.__librt_open_r
                0x000000000001d568      0x180 f:/PSDK3/psl1ght/ppu/lib\librt.a(open.o)
                0x000000000001d568                .__librt_open_r
 .text          0x000000000001d6e8        0x0 f:/PSDK3/psl1ght/ppu/lib\librt.a(sleep.o)
 .text.__librt_usleep_r
                0x000000000001d6e8       0x50 f:/PSDK3/psl1ght/ppu/lib\librt.a(sleep.o)
                0x000000000001d6e8                .__librt_usleep_r
 .text.__librt_sleep_r
                0x000000000001d738       0x8c f:/PSDK3/psl1ght/ppu/lib\librt.a(sleep.o)
                0x000000000001d738                .__librt_sleep_r
 .text          0x000000000001d7c4        0x0 f:/PSDK3/psl1ght/ppu/lib\librt.a(write.o)
 *fill*         0x000000000001d7c4        0x4 60000000
 .text.__librt_write_r
                0x000000000001d7c8      0x11c f:/PSDK3/psl1ght/ppu/lib\librt.a(write.o)
                0x000000000001d7c8                .__librt_write_r
 .text          0x000000000001d8e4        0x0 f:/PSDK3/psl1ght/ppu/lib\librt.a(fstat.o)
 *fill*         0x000000000001d8e4        0x4 60000000
 .text.__librt_fstat_r
                0x000000000001d8e8       0xd0 f:/PSDK3/psl1ght/ppu/lib\librt.a(fstat.o)
                0x000000000001d8e8                .__librt_fstat_r
 .text.__librt_fstat64_r
                0x000000000001d9b8       0xd0 f:/PSDK3/psl1ght/ppu/lib\librt.a(fstat.o)
                0x000000000001d9b8                .__librt_fstat64_r
 .text.__librt_stat_r
                0x000000000001da88       0xd0 f:/PSDK3/psl1ght/ppu/lib\librt.a(fstat.o)
                0x000000000001da88                .__librt_stat_r
 .text.__librt_stat64_r
                0x000000000001db58       0xd0 f:/PSDK3/psl1ght/ppu/lib\librt.a(fstat.o)
                0x000000000001db58                .__librt_stat64_r
 .text          0x000000000001dc28        0x0 f:/PSDK3/psl1ght/ppu/lib\librt.a(socket.o)
 .text.accept   0x000000000001dc28       0xa0 f:/PSDK3/psl1ght/ppu/lib\librt.a(socket.o)
                0x000000000001dc28                .accept
 .text.bind     0x000000000001dcc8       0x48 f:/PSDK3/psl1ght/ppu/lib\librt.a(socket.o)
                0x000000000001dcc8                .bind
 .text.connect  0x000000000001dd10       0x48 f:/PSDK3/psl1ght/ppu/lib\librt.a(socket.o)
                0x000000000001dd10                .connect
 .text.listen   0x000000000001dd58       0x48 f:/PSDK3/psl1ght/ppu/lib\librt.a(socket.o)
                0x000000000001dd58                .listen
 .text.socket   0x000000000001dda0       0x54 f:/PSDK3/psl1ght/ppu/lib\librt.a(socket.o)
                0x000000000001dda0                .socket
 *fill*         0x000000000001ddf4        0x4 60000000
 .text.send     0x000000000001ddf8       0x50 f:/PSDK3/psl1ght/ppu/lib\librt.a(socket.o)
                0x000000000001ddf8                .send
 .text.sendto   0x000000000001de48       0x48 f:/PSDK3/psl1ght/ppu/lib\librt.a(socket.o)
                0x000000000001de48                .sendto
 .text.recv     0x000000000001de90       0x50 f:/PSDK3/psl1ght/ppu/lib\librt.a(socket.o)
                0x000000000001de90                .recv
 .text.recvfrom
                0x000000000001dee0       0x98 f:/PSDK3/psl1ght/ppu/lib\librt.a(socket.o)
                0x000000000001dee0                .recvfrom
 .text.shutdown
                0x000000000001df78       0x48 f:/PSDK3/psl1ght/ppu/lib\librt.a(socket.o)
                0x000000000001df78                .shutdown
 .text.inet_aton
                0x000000000001dfc0       0xb8 f:/PSDK3/psl1ght/ppu/lib\librt.a(socket.o)
                0x000000000001dfc0                .inet_aton
 .text.inet_pton
                0x000000000001e078       0x54 f:/PSDK3/psl1ght/ppu/lib\librt.a(socket.o)
                0x000000000001e078                .inet_pton
 *fill*         0x000000000001e0cc        0x4 60000000
 .text.select   0x000000000001e0d0       0x3c f:/PSDK3/psl1ght/ppu/lib\librt.a(socket.o)
                0x000000000001e0d0                .select
 *fill*         0x000000000001e10c        0x4 60000000
 .text.closesocket
                0x000000000001e110       0x48 f:/PSDK3/psl1ght/ppu/lib\librt.a(socket.o)
                0x000000000001e110                .closesocket
 .text          0x000000000001e158        0x0 f:/PSDK3/psl1ght/ppu/lib\librt.a(lock.o)
 .text.__librt_sys_lwmutex_create_r
                0x000000000001e158       0x38 f:/PSDK3/psl1ght/ppu/lib\librt.a(lock.o)
                0x000000000001e158                .__librt_sys_lwmutex_create_r
 .text.__librt_sys_lwmutex_destroy_r
                0x000000000001e190       0x34 f:/PSDK3/psl1ght/ppu/lib\librt.a(lock.o)
                0x000000000001e190                .__librt_sys_lwmutex_destroy_r
 *fill*         0x000000000001e1c4        0x4 60000000
 .text.__librt_sys_lwmutex_lock_r
                0x000000000001e1c8       0x38 f:/PSDK3/psl1ght/ppu/lib\librt.a(lock.o)
                0x000000000001e1c8                .__librt_sys_lwmutex_lock_r
 .text.__librt_sys_lwmutex_trylock_r
                0x000000000001e200       0x34 f:/PSDK3/psl1ght/ppu/lib\librt.a(lock.o)
                0x000000000001e200                .__librt_sys_lwmutex_trylock_r
 *fill*         0x000000000001e234        0x4 60000000
 .text.__librt_sys_lwmutex_unlock_r
                0x000000000001e238       0x34 f:/PSDK3/psl1ght/ppu/lib\librt.a(lock.o)
                0x000000000001e238                .__librt_sys_lwmutex_unlock_r
 .text          0x000000000001e26c        0x0 f:/PSDK3/psl1ght/ppu/lib\librt.a(dirent.o)
 *fill*         0x000000000001e26c        0x4 60000000
 .text.readdir_i
                0x000000000001e270      0x10c f:/PSDK3/psl1ght/ppu/lib\librt.a(dirent.o)
 *fill*         0x000000000001e37c        0x4 60000000
 .text.__librt_opendir_r
                0x000000000001e380      0x144 f:/PSDK3/psl1ght/ppu/lib\librt.a(dirent.o)
                0x000000000001e380                .__librt_opendir_r
 *fill*         0x000000000001e4c4        0x4 60000000
 .text.__librt_readdir_r
                0x000000000001e4c8       0x80 f:/PSDK3/psl1ght/ppu/lib\librt.a(dirent.o)
                0x000000000001e4c8                .__librt_readdir_r
 .text.__librt_readdir_r_r
                0x000000000001e548       0x54 f:/PSDK3/psl1ght/ppu/lib\librt.a(dirent.o)
                0x000000000001e548                .__librt_readdir_r_r
 *fill*         0x000000000001e59c        0x4 60000000
 .text.__librt_closedir_r
                0x000000000001e5a0       0x84 f:/PSDK3/psl1ght/ppu/lib\librt.a(dirent.o)
                0x000000000001e5a0                .__librt_closedir_r
 *fill*         0x000000000001e624        0x4 60000000
 .text.__librt_telldir_r
                0x000000000001e628       0x24 f:/PSDK3/psl1ght/ppu/lib\librt.a(dirent.o)
                0x000000000001e628                .__librt_telldir_r
 *fill*         0x000000000001e64c        0x4 60000000
 .text.__librt_rewinddir_r
                0x000000000001e650       0x18 f:/PSDK3/psl1ght/ppu/lib\librt.a(dirent.o)
                0x000000000001e650                .__librt_rewinddir_r
 .text.__librt_seekdir_r
                0x000000000001e668       0x18 f:/PSDK3/psl1ght/ppu/lib\librt.a(dirent.o)
                0x000000000001e668                .__librt_seekdir_r
 .text          0x000000000001e680        0x0 f:/PSDK3/psl1ght/ppu/lib\librt.a(mkdir.o)
 .text.__librt_mkdir_r
                0x000000000001e680       0x60 f:/PSDK3/psl1ght/ppu/lib\librt.a(mkdir.o)
                0x000000000001e680                .__librt_mkdir_r
 .text          0x000000000001e6e0        0x0 f:/PSDK3/psl1ght/ppu/lib\librt.a(times.o)
 .text.__librt_times_r
                0x000000000001e6e0       0x1c f:/PSDK3/psl1ght/ppu/lib\librt.a(times.o)
                0x000000000001e6e0                .__librt_times_r
 .text          0x000000000001e6fc        0x0 f:/PSDK3/psl1ght/ppu/lib\librt.a(umask.o)
 *fill*         0x000000000001e6fc        0x4 60000000
 .text.__librt_umask_r
                0x000000000001e700       0x20 f:/PSDK3/psl1ght/ppu/lib\librt.a(umask.o)
                0x000000000001e700                .__librt_umask_r
 .text          0x000000000001e720        0x0 f:/PSDK3/psl1ght/ppu/lib\librt.a(lv2errno.o)
 .text.lv2error
                0x000000000001e720      0x3dc f:/PSDK3/psl1ght/ppu/lib\librt.a(lv2errno.o)
                0x000000000001e720                .lv2error
 *fill*         0x000000000001eafc        0x4 60000000
 .text.lv2errno
                0x000000000001eb00       0x68 f:/PSDK3/psl1ght/ppu/lib\librt.a(lv2errno.o)
                0x000000000001eb00                .lv2errno
 .text.lv2errno_r
                0x000000000001eb68       0x58 f:/PSDK3/psl1ght/ppu/lib\librt.a(lv2errno.o)
                0x000000000001eb68                .lv2errno_r
 .text          0x000000000001ebc0        0x0 f:/PSDK3/psl1ght/ppu/lib\librt.a(heap.o)
 .text.heapInit
                0x000000000001ebc0       0xe8 f:/PSDK3/psl1ght/ppu/lib\librt.a(heap.o)
                0x000000000001ebc0                .heapInit
 .text.heapAllocate
                0x000000000001eca8      0x174 f:/PSDK3/psl1ght/ppu/lib\librt.a(heap.o)
                0x000000000001eca8                .heapAllocate
 *fill*         0x000000000001ee1c        0x4 60000000
 .text.heapAllocateAligned
                0x000000000001ee20      0x224 f:/PSDK3/psl1ght/ppu/lib\librt.a(heap.o)
                0x000000000001ee20                .heapAllocateAligned
 *fill*         0x000000000001f044        0x4 60000000
 .text.heapFree
                0x000000000001f048      0x224 f:/PSDK3/psl1ght/ppu/lib\librt.a(heap.o)
                0x000000000001f048                .heapFree
 .text          0x000000000001f26c        0x0 f:/PSDK3/psl1ght/ppu/lib\librt.a(chmod.o)
 *fill*         0x000000000001f26c        0x4 60000000
 .text.__librt_chmod_r
                0x000000000001f270       0x54 f:/PSDK3/psl1ght/ppu/lib\librt.a(chmod.o)
                0x000000000001f270                .__librt_chmod_r
 .text          0x000000000001f2c4        0x0 f:/PSDK3/psl1ght/ppu/lib\librt.a(rmdir.o)
 *fill*         0x000000000001f2c4        0x4 60000000
 .text.__librt_rmdir_r
                0x000000000001f2c8       0x50 f:/PSDK3/psl1ght/ppu/lib\librt.a(rmdir.o)
                0x000000000001f2c8                .__librt_rmdir_r
 .text          0x000000000001f318        0x0 f:/PSDK3/psl1ght/ppu/lib\librt.a(isatty.o)
 .text.__librt_isatty_r
                0x000000000001f318       0x2c f:/PSDK3/psl1ght/ppu/lib\librt.a(isatty.o)
                0x000000000001f318                .__librt_isatty_r
 .text          0x000000000001f344        0x0 f:/PSDK3/psl1ght/ppu/lib\librt.a(gettod.o)
 *fill*         0x000000000001f344        0x4 60000000
 .text.__librt_gettod_r
                0x000000000001f348       0xb8 f:/PSDK3/psl1ght/ppu/lib\librt.a(gettod.o)
                0x000000000001f348                .__librt_gettod_r
 .text          0x000000000001f400        0x0 f:/PSDK3/psl1ght/ppu/lib\librt.a(settod.o)
 .text.__librt_settod_r
                0x000000000001f400       0x58 f:/PSDK3/psl1ght/ppu/lib\librt.a(settod.o)
                0x000000000001f400                .__librt_settod_r
 .text          0x000000000001f458        0x0 f:/PSDK3/psl1ght/ppu/lib\liblv2.a(sprx.o)
 .text          0x000000000001f458        0x0 f:/psdk3/ps3dev/ppu/bin/../lib/gcc/powerpc64-ps3-elf/4.5.2/../../../../powerpc64-ps3-elf/lib\libm.a(lib_a-s_sqrt.o)
 .text.sqrt     0x000000000001f458      0x1b0 f:/psdk3/ps3dev/ppu/bin/../lib/gcc/powerpc64-ps3-elf/4.5.2/../../../../powerpc64-ps3-elf/lib\libm.a(lib_a-s_sqrt.o)
                0x000000000001f458                .sqrt
 .text          0x000000000001f608        0x0 f:/psdk3/ps3dev/ppu/bin/../lib/gcc/powerpc64-ps3-elf/4.5.2/../../../../powerpc64-ps3-elf/lib\libm.a(lib_a-sf_cos.o)
 .text.cosf     0x000000000001f608       0x34 f:/psdk3/ps3dev/ppu/bin/../lib/gcc/powerpc64-ps3-elf/4.5.2/../../../../powerpc64-ps3-elf/lib\libm.a(lib_a-sf_cos.o)
                0x000000000001f608                .cosf
 .text          0x000000000001f63c        0x0 f:/psdk3/ps3dev/ppu/bin/../lib/gcc/powerpc64-ps3-elf/4.5.2/../../../../powerpc64-ps3-elf/lib\libm.a(lib_a-sf_sin.o)
 *fill*         0x000000000001f63c        0x4 60000000
 .text.sinf     0x000000000001f640       0x34 f:/psdk3/ps3dev/ppu/bin/../lib/gcc/powerpc64-ps3-elf/4.5.2/../../../../powerpc64-ps3-elf/lib\libm.a(lib_a-sf_sin.o)
                0x000000000001f640                .sinf
 .text          0x000000000001f674        0x0 f:/psdk3/ps3dev/ppu/bin/../lib/gcc/powerpc64-ps3-elf/4.5.2/../../../../powerpc64-ps3-elf/lib\libm.a(lib_a-sf_sine.o)
 *fill*         0x000000000001f674        0x4 60000000
 .text.sinef    0x000000000001f678      0x2d0 f:/psdk3/ps3dev/ppu/bin/../lib/gcc/powerpc64-ps3-elf/4.5.2/../../../../powerpc64-ps3-elf/lib\libm.a(lib_a-sf_sine.o)
                0x000000000001f678                .sinef
 .text          0x000000000001f948        0x0 f:/psdk3/ps3dev/ppu/bin/../lib/gcc/powerpc64-ps3-elf/4.5.2/../../../../powerpc64-ps3-elf/lib\libm.a(lib_a-sf_sqrt.o)
 .text.sqrtf    0x000000000001f948      0x1c8 f:/psdk3/ps3dev/ppu/bin/../lib/gcc/powerpc64-ps3-elf/4.5.2/../../../../powerpc64-ps3-elf/lib\libm.a(lib_a-sf_sqrt.o)
                0x000000000001f948                .sqrtf
 .text          0x000000000001fb10        0x0 f:/psdk3/ps3dev/ppu/bin/../lib/gcc/powerpc64-ps3-elf/4.5.2/../../../../powerpc64-ps3-elf/lib\libm.a(lib_a-sf_tan.o)
 .text.tanf     0x000000000001fb10      0x23c f:/psdk3/ps3dev/ppu/bin/../lib/gcc/powerpc64-ps3-elf/4.5.2/../../../../powerpc64-ps3-elf/lib\libm.a(lib_a-sf_tan.o)
                0x000000000001fb10                .tanf
 .text          0x000000000001fd4c        0x0 f:/psdk3/ps3dev/ppu/bin/../lib/gcc/powerpc64-ps3-elf/4.5.2/../../../../powerpc64-ps3-elf/lib\libm.a(lib_a-s_frexp.o)
 *fill*         0x000000000001fd4c        0x4 60000000
 .text.frexp    0x000000000001fd50       0xd0 f:/psdk3/ps3dev/ppu/bin/../lib/gcc/powerpc64-ps3-elf/4.5.2/../../../../powerpc64-ps3-elf/lib\libm.a(lib_a-s_frexp.o)
                0x000000000001fd50                .frexp
 .text          0x000000000001fe20        0x0 f:/psdk3/ps3dev/ppu/bin/../lib/gcc/powerpc64-ps3-elf/4.5.2/../../../../powerpc64-ps3-elf/lib\libm.a(lib_a-s_ispos.o)
 .text.ispos    0x000000000001fe20       0x28 f:/psdk3/ps3dev/ppu/bin/../lib/gcc/powerpc64-ps3-elf/4.5.2/../../../../powerpc64-ps3-elf/lib\libm.a(lib_a-s_ispos.o)
                0x000000000001fe20                .ispos
 .text          0x000000000001fe48        0x0 f:/psdk3/ps3dev/ppu/bin/../lib/gcc/powerpc64-ps3-elf/4.5.2/../../../../powerpc64-ps3-elf/lib\libm.a(lib_a-s_ldexp.o)
 .text.ldexp    0x000000000001fe48      0x17c f:/psdk3/ps3dev/ppu/bin/../lib/gcc/powerpc64-ps3-elf/4.5.2/../../../../powerpc64-ps3-elf/lib\libm.a(lib_a-s_ldexp.o)
                0x000000000001fe48                .ldexp
 .text          0x000000000001ffc4        0x0 f:/psdk3/ps3dev/ppu/bin/../lib/gcc/powerpc64-ps3-elf/4.5.2/../../../../powerpc64-ps3-elf/lib\libm.a(lib_a-s_mathcnst.o)
 .text          0x000000000001ffc4        0x0 f:/psdk3/ps3dev/ppu/bin/../lib/gcc/powerpc64-ps3-elf/4.5.2/../../../../powerpc64-ps3-elf/lib\libm.a(lib_a-s_numtest.o)
 *fill*         0x000000000001ffc4        0x4 60000000
 .text.numtest  0x000000000001ffc8       0x5c f:/psdk3/ps3dev/ppu/bin/../lib/gcc/powerpc64-ps3-elf/4.5.2/../../../../powerpc64-ps3-elf/lib\libm.a(lib_a-s_numtest.o)
                0x000000000001ffc8                .numtest
 .text          0x0000000000020024        0x0 f:/psdk3/ps3dev/ppu/bin/../lib/gcc/powerpc64-ps3-elf/4.5.2/../../../../powerpc64-ps3-elf/lib\libm.a(lib_a-sf_fabs.o)
 *fill*         0x0000000000020024        0x4 60000000
 .text.fabsf    0x0000000000020028       0xe4 f:/psdk3/ps3dev/ppu/bin/../lib/gcc/powerpc64-ps3-elf/4.5.2/../../../../powerpc64-ps3-elf/lib\libm.a(lib_a-sf_fabs.o)
                0x0000000000020028                .fabsf
 .text          0x000000000002010c        0x0 f:/psdk3/ps3dev/ppu/bin/../lib/gcc/powerpc64-ps3-elf/4.5.2/../../../../powerpc64-ps3-elf/lib\libm.a(lib_a-sf_frexp.o)
 *fill*         0x000000000002010c        0x4 60000000
 .text.frexpf   0x0000000000020110       0xac f:/psdk3/ps3dev/ppu/bin/../lib/gcc/powerpc64-ps3-elf/4.5.2/../../../../powerpc64-ps3-elf/lib\libm.a(lib_a-sf_frexp.o)
                0x0000000000020110                .frexpf
 .text          0x00000000000201bc        0x0 f:/psdk3/ps3dev/ppu/bin/../lib/gcc/powerpc64-ps3-elf/4.5.2/../../../../powerpc64-ps3-elf/lib\libm.a(lib_a-sf_ispos.o)
 *fill*         0x00000000000201bc        0x4 60000000
 .text.isposf   0x00000000000201c0       0x24 f:/psdk3/ps3dev/ppu/bin/../lib/gcc/powerpc64-ps3-elf/4.5.2/../../../../powerpc64-ps3-elf/lib\libm.a(lib_a-sf_ispos.o)
                0x00000000000201c0                .isposf
 .text          0x00000000000201e4        0x0 f:/psdk3/ps3dev/ppu/bin/../lib/gcc/powerpc64-ps3-elf/4.5.2/../../../../powerpc64-ps3-elf/lib\libm.a(lib_a-sf_ldexp.o)
 *fill*         0x00000000000201e4        0x4 60000000
 .text.ldexpf   0x00000000000201e8      0x190 f:/psdk3/ps3dev/ppu/bin/../lib/gcc/powerpc64-ps3-elf/4.5.2/../../../../powerpc64-ps3-elf/lib\libm.a(lib_a-sf_ldexp.o)
                0x00000000000201e8                .ldexpf
 .text          0x0000000000020378        0x0 f:/psdk3/ps3dev/ppu/bin/../lib/gcc/powerpc64-ps3-elf/4.5.2/../../../../powerpc64-ps3-elf/lib\libm.a(lib_a-sf_numtest.o)
 .text.numtestf
                0x0000000000020378       0x30 f:/psdk3/ps3dev/ppu/bin/../lib/gcc/powerpc64-ps3-elf/4.5.2/../../../../powerpc64-ps3-elf/lib\libm.a(lib_a-sf_numtest.o)
                0x0000000000020378                .numtestf
 .text          0x00000000000203a8        0x0 f:/psdk3/ps3dev/ppu/bin/../lib/gcc/powerpc64-ps3-elf/4.5.2/../../../../powerpc64-ps3-elf/lib\libsysbase.a(syscalls.o)
 .text          0x00000000000203a8        0x0 f:/psdk3/ps3dev/ppu/bin/../lib/gcc/powerpc64-ps3-elf/4.5.2/../../../../powerpc64-ps3-elf/lib\libsysbase.a(sleep.o)
 .text.usleep   0x00000000000203a8       0x84 f:/psdk3/ps3dev/ppu/bin/../lib/gcc/powerpc64-ps3-elf/4.5.2/../../../../powerpc64-ps3-elf/lib\libsysbase.a(sleep.o)
                0x00000000000203a8                .usleep
 *fill*         0x000000000002042c        0x4 60000000
 .text.sleep    0x0000000000020430       0x98 f:/psdk3/ps3dev/ppu/bin/../lib/gcc/powerpc64-ps3-elf/4.5.2/../../../../powerpc64-ps3-elf/lib\libsysbase.a(sleep.o)
                0x0000000000020430                .sleep
 .text          0x00000000000204c8        0x0 f:/psdk3/ps3dev/ppu/bin/../lib/gcc/powerpc64-ps3-elf/4.5.2/../../../../powerpc64-ps3-elf/lib\libc.a(lib_a-atexit.o)
 .text.atexit   0x00000000000204c8       0x40 f:/psdk3/ps3dev/ppu/bin/../lib/gcc/powerpc64-ps3-elf/4.5.2/../../../../powerpc64-ps3-elf/lib\libc.a(lib_a-atexit.o)
                0x00000000000204c8                .atexit
 .text          0x0000000000020508        0x0 f:/psdk3/ps3dev/ppu/bin/../lib/gcc/powerpc64-ps3-elf/4.5.2/../../../../powerpc64-ps3-elf/lib\libc.a(lib_a-errno.o)
 .text.__errno  0x0000000000020508       0x30 f:/psdk3/ps3dev/ppu/bin/../lib/gcc/powerpc64-ps3-elf/4.5.2/../../../../powerpc64-ps3-elf/lib\libc.a(lib_a-errno.o)
                0x0000000000020508                .__errno
 .text          0x0000000000020538        0x0 f:/psdk3/ps3dev/ppu/bin/../lib/gcc/powerpc64-ps3-elf/4.5.2/../../../../powerpc64-ps3-elf/lib\libc.a(lib_a-exit.o)
 .text.exit     0x0000000000020538       0x68 f:/psdk3/ps3dev/ppu/bin/../lib/gcc/powerpc64-ps3-elf/4.5.2/../../../../powerpc64-ps3-elf/lib\libc.a(lib_a-exit.o)
                0x0000000000020538                .exit
 .text          0x00000000000205a0        0x0 f:/psdk3/ps3dev/ppu/bin/../lib/gcc/powerpc64-ps3-elf/4.5.2/../../../../powerpc64-ps3-elf/lib\libc.a(lib_a-getreent.o)
 .text.__getreent
                0x00000000000205a0      0x1f0 f:/psdk3/ps3dev/ppu/bin/../lib/gcc/powerpc64-ps3-elf/4.5.2/../../../../powerpc64-ps3-elf/lib\libc.a(lib_a-getreent.o)
                0x00000000000205a0                .__getreent
 .text          0x0000000000020790        0x0 f:/psdk3/ps3dev/ppu/bin/../lib/gcc/powerpc64-ps3-elf/4.5.2/../../../../powerpc64-ps3-elf/lib\libc.a(lib_a-impure.o)
 .text          0x0000000000020790        0x0 f:/psdk3/ps3dev/ppu/bin/../lib/gcc/powerpc64-ps3-elf/4.5.2/../../../../powerpc64-ps3-elf/lib\libc.a(lib_a-malign.o)
 .text.memalign
                0x0000000000020790       0x58 f:/psdk3/ps3dev/ppu/bin/../lib/gcc/powerpc64-ps3-elf/4.5.2/../../../../powerpc64-ps3-elf/lib\libc.a(lib_a-malign.o)
                0x0000000000020790                .memalign
 .text          0x00000000000207e8        0x0 f:/psdk3/ps3dev/ppu/bin/../lib/gcc/powerpc64-ps3-elf/4.5.2/../../../../powerpc64-ps3-elf/lib\libc.a(lib_a-malignr.o)
 .text._memalign_r
                0x00000000000207e8      0x214 f:/psdk3/ps3dev/ppu/bin/../lib/gcc/powerpc64-ps3-elf/4.5.2/../../../../powerpc64-ps3-elf/lib\libc.a(lib_a-malignr.o)
                0x00000000000207e8                ._memalign_r
 .text          0x00000000000209fc        0x0 f:/psdk3/ps3dev/ppu/bin/../lib/gcc/powerpc64-ps3-elf/4.5.2/../../../../powerpc64-ps3-elf/lib\libc.a(lib_a-malloc.o)
 *fill*         0x00000000000209fc        0x4 60000000
 .text.malloc   0x0000000000020a00       0x48 f:/psdk3/ps3dev/ppu/bin/../lib/gcc/powerpc64-ps3-elf/4.5.2/../../../../powerpc64-ps3-elf/lib\libc.a(lib_a-malloc.o)
                0x0000000000020a00                .malloc
 .text.free     0x0000000000020a48       0x48 f:/psdk3/ps3dev/ppu/bin/../lib/gcc/powerpc64-ps3-elf/4.5.2/../../../../powerpc64-ps3-elf/lib\libc.a(lib_a-malloc.o)
                0x0000000000020a48                .free
 .text          0x0000000000020a90        0x0 f:/psdk3/ps3dev/ppu/bin/../lib/gcc/powerpc64-ps3-elf/4.5.2/../../../../powerpc64-ps3-elf/lib\libc.a(lib_a-mallocr.o)
 .text._malloc_r
                0x0000000000020a90      0x944 f:/psdk3/ps3dev/ppu/bin/../lib/gcc/powerpc64-ps3-elf/4.5.2/../../../../powerpc64-ps3-elf/lib\libc.a(lib_a-mallocr.o)
                0x0000000000020a90                ._malloc_r
 .text          0x00000000000213d4        0x0 f:/psdk3/ps3dev/ppu/bin/../lib/gcc/powerpc64-ps3-elf/4.5.2/../../../../powerpc64-ps3-elf/lib\libc.a(lib_a-memcpy.o)
 *fill*         0x00000000000213d4        0x4 60000000
 .text.memcpy   0x00000000000213d8       0xf8 f:/psdk3/ps3dev/ppu/bin/../lib/gcc/powerpc64-ps3-elf/4.5.2/../../../../powerpc64-ps3-elf/lib\libc.a(lib_a-memcpy.o)
                0x00000000000213d8                .memcpy
 .text          0x00000000000214d0        0x0 f:/psdk3/ps3dev/ppu/bin/../lib/gcc/powerpc64-ps3-elf/4.5.2/../../../../powerpc64-ps3-elf/lib\libc.a(lib_a-memset.o)
 .text.memset   0x00000000000214d0      0x130 f:/psdk3/ps3dev/ppu/bin/../lib/gcc/powerpc64-ps3-elf/4.5.2/../../../../powerpc64-ps3-elf/lib\libc.a(lib_a-memset.o)
                0x00000000000214d0                .memset
 .text          0x0000000000021600        0x0 f:/psdk3/ps3dev/ppu/bin/../lib/gcc/powerpc64-ps3-elf/4.5.2/../../../../powerpc64-ps3-elf/lib\libc.a(lib_a-mlock.o)
 .text.__malloc_lock
                0x0000000000021600       0x34 f:/psdk3/ps3dev/ppu/bin/../lib/gcc/powerpc64-ps3-elf/4.5.2/../../../../powerpc64-ps3-elf/lib\libc.a(lib_a-mlock.o)
                0x0000000000021600                .__malloc_lock
 *fill*         0x0000000000021634        0x4 60000000
 .text.__malloc_unlock
                0x0000000000021638       0x34 f:/psdk3/ps3dev/ppu/bin/../lib/gcc/powerpc64-ps3-elf/4.5.2/../../../../powerpc64-ps3-elf/lib\libc.a(lib_a-mlock.o)
                0x0000000000021638                .__malloc_unlock
 .text          0x000000000002166c        0x0 f:/psdk3/ps3dev/ppu/bin/../lib/gcc/powerpc64-ps3-elf/4.5.2/../../../../powerpc64-ps3-elf/lib\libc.a(lib_a-sscanf.o)
 *fill*         0x000000000002166c        0x4 60000000
 .text.sscanf   0x0000000000021670       0xa8 f:/psdk3/ps3dev/ppu/bin/../lib/gcc/powerpc64-ps3-elf/4.5.2/../../../../powerpc64-ps3-elf/lib\libc.a(lib_a-sscanf.o)
                0x0000000000021670                .sscanf
 .text._sscanf_r
                0x0000000000021718       0xa8 f:/psdk3/ps3dev/ppu/bin/../lib/gcc/powerpc64-ps3-elf/4.5.2/../../../../powerpc64-ps3-elf/lib\libc.a(lib_a-sscanf.o)
                0x0000000000021718                ._sscanf_r
 .text          0x00000000000217c0        0x0 f:/psdk3/ps3dev/ppu/bin/../lib/gcc/powerpc64-ps3-elf/4.5.2/../../../../powerpc64-ps3-elf/lib\libc.a(lib_a-stdio.o)
 .text.__sread  0x00000000000217c0       0x80 f:/psdk3/ps3dev/ppu/bin/../lib/gcc/powerpc64-ps3-elf/4.5.2/../../../../powerpc64-ps3-elf/lib\libc.a(lib_a-stdio.o)
                0x00000000000217c0                .__sread
 .text.__seofread
                0x0000000000021840       0x14 f:/psdk3/ps3dev/ppu/bin/../lib/gcc/powerpc64-ps3-elf/4.5.2/../../../../powerpc64-ps3-elf/lib\libc.a(lib_a-stdio.o)
                0x0000000000021840                .__seofread
 *fill*         0x0000000000021854        0x4 60000000
 .text.__swrite
                0x0000000000021858       0xbc f:/psdk3/ps3dev/ppu/bin/../lib/gcc/powerpc64-ps3-elf/4.5.2/../../../../powerpc64-ps3-elf/lib\libc.a(lib_a-stdio.o)
                0x0000000000021858                .__swrite
 *fill*         0x0000000000021914        0x4 60000000
 .text.__sseek  0x0000000000021918       0x88 f:/psdk3/ps3dev/ppu/bin/../lib/gcc/powerpc64-ps3-elf/4.5.2/../../../../powerpc64-ps3-elf/lib\libc.a(lib_a-stdio.o)
                0x0000000000021918                .__sseek
 .text.__sclose
                0x00000000000219a0       0x3c f:/psdk3/ps3dev/ppu/bin/../lib/gcc/powerpc64-ps3-elf/4.5.2/../../../../powerpc64-ps3-elf/lib\libc.a(lib_a-stdio.o)
                0x00000000000219a0                .__sclose
 .text          0x00000000000219dc        0x0 f:/psdk3/ps3dev/ppu/bin/../lib/gcc/powerpc64-ps3-elf/4.5.2/../../../../powerpc64-ps3-elf/lib\libc.a(lib_a-strcasecmp.o)
 *fill*         0x00000000000219dc        0x4 60000000
 .text.strcasecmp
                0x00000000000219e0       0xb8 f:/psdk3/ps3dev/ppu/bin/../lib/gcc/powerpc64-ps3-elf/4.5.2/../../../../powerpc64-ps3-elf/lib\libc.a(lib_a-strcasecmp.o)
                0x00000000000219e0                .strcasecmp
 .text          0x0000000000021a98        0x0 f:/psdk3/ps3dev/ppu/bin/../lib/gcc/powerpc64-ps3-elf/4.5.2/../../../../powerpc64-ps3-elf/lib\libc.a(lib_a-strlen.o)
 .text.strlen   0x0000000000021a98       0xe4 f:/psdk3/ps3dev/ppu/bin/../lib/gcc/powerpc64-ps3-elf/4.5.2/../../../../powerpc64-ps3-elf/lib\libc.a(lib_a-strlen.o)
                0x0000000000021a98                .strlen
 .text          0x0000000000021b7c        0x0 f:/psdk3/ps3dev/ppu/bin/../lib/gcc/powerpc64-ps3-elf/4.5.2/../../../../powerpc64-ps3-elf/lib\libc.a(lib_a-strncpy.o)
 *fill*         0x0000000000021b7c        0x4 60000000
 .text.strncpy  0x0000000000021b80      0x100 f:/psdk3/ps3dev/ppu/bin/../lib/gcc/powerpc64-ps3-elf/4.5.2/../../../../powerpc64-ps3-elf/lib\libc.a(lib_a-strncpy.o)
                0x0000000000021b80                .strncpy
 .text          0x0000000000021c80        0x0 f:/psdk3/ps3dev/ppu/bin/../lib/gcc/powerpc64-ps3-elf/4.5.2/../../../../powerpc64-ps3-elf/lib\libc.a(lib_a-svfscanf.o)
 .text.__ssvfscanf_r
                0x0000000000021c80     0x18d8 f:/psdk3/ps3dev/ppu/bin/../lib/gcc/powerpc64-ps3-elf/4.5.2/../../../../powerpc64-ps3-elf/lib\libc.a(lib_a-svfscanf.o)
                0x0000000000021c80                .__ssvfscanf_r
 .text          0x0000000000023558        0x0 f:/psdk3/ps3dev/ppu/bin/../lib/gcc/powerpc64-ps3-elf/4.5.2/../../../../powerpc64-ps3-elf/lib\libc.a(lib_a-vsprintf.o)
 .text._vsprintf_r
                0x0000000000023558       0x6c f:/psdk3/ps3dev/ppu/bin/../lib/gcc/powerpc64-ps3-elf/4.5.2/../../../../powerpc64-ps3-elf/lib\libc.a(lib_a-vsprintf.o)
                0x0000000000023558                ._vsprintf_r
 *fill*         0x00000000000235c4        0x4 60000000
 .text.vsprintf
                0x00000000000235c8       0x60 f:/psdk3/ps3dev/ppu/bin/../lib/gcc/powerpc64-ps3-elf/4.5.2/../../../../powerpc64-ps3-elf/lib\libc.a(lib_a-vsprintf.o)
                0x00000000000235c8                .vsprintf
 .text          0x0000000000023628        0x0 f:/psdk3/ps3dev/ppu/bin/../lib/gcc/powerpc64-ps3-elf/4.5.2/../../../../powerpc64-ps3-elf/lib\libc.a(lib_a-__atexit.o)
 .text.__register_exitproc
                0x0000000000023628      0x188 f:/psdk3/ps3dev/ppu/bin/../lib/gcc/powerpc64-ps3-elf/4.5.2/../../../../powerpc64-ps3-elf/lib\libc.a(lib_a-__atexit.o)
                0x0000000000023628                .__register_exitproc
 .text          0x00000000000237b0        0x0 f:/psdk3/ps3dev/ppu/bin/../lib/gcc/powerpc64-ps3-elf/4.5.2/../../../../powerpc64-ps3-elf/lib\libc.a(lib_a-__call_atexit.o)
 .text.__call_exitprocs
                0x00000000000237b0      0x250 f:/psdk3/ps3dev/ppu/bin/../lib/gcc/powerpc64-ps3-elf/4.5.2/../../../../powerpc64-ps3-elf/lib\libc.a(lib_a-__call_atexit.o)
                0x00000000000237b0                .__call_exitprocs
 .text          0x0000000000023a00        0x0 f:/psdk3/ps3dev/ppu/bin/../lib/gcc/powerpc64-ps3-elf/4.5.2/../../../../powerpc64-ps3-elf/lib\libc.a(lib_a-ctype_.o)
 .text          0x0000000000023a00        0x0 f:/psdk3/ps3dev/ppu/bin/../lib/gcc/powerpc64-ps3-elf/4.5.2/../../../../powerpc64-ps3-elf/lib\libc.a(lib_a-findfp.o)
 .text._cleanup_r
                0x0000000000023a00       0x34 f:/psdk3/ps3dev/ppu/bin/../lib/gcc/powerpc64-ps3-elf/4.5.2/../../../../powerpc64-ps3-elf/lib\libc.a(lib_a-findfp.o)
                0x0000000000023a00                ._cleanup_r
 *fill*         0x0000000000023a34        0x4 60000000
 .text.__fp_unlock
                0x0000000000023a38       0x48 f:/psdk3/ps3dev/ppu/bin/../lib/gcc/powerpc64-ps3-elf/4.5.2/../../../../powerpc64-ps3-elf/lib\libc.a(lib_a-findfp.o)
 .text.__fp_lock
                0x0000000000023a80       0x48 f:/psdk3/ps3dev/ppu/bin/../lib/gcc/powerpc64-ps3-elf/4.5.2/../../../../powerpc64-ps3-elf/lib\libc.a(lib_a-findfp.o)
 .text.__sfmoreglue
                0x0000000000023ac8       0x94 f:/psdk3/ps3dev/ppu/bin/../lib/gcc/powerpc64-ps3-elf/4.5.2/../../../../powerpc64-ps3-elf/lib\libc.a(lib_a-findfp.o)
                0x0000000000023ac8                .__sfmoreglue
 *fill*         0x0000000000023b5c        0x4 60000000
 .text._cleanup
                0x0000000000023b60       0x18 f:/psdk3/ps3dev/ppu/bin/../lib/gcc/powerpc64-ps3-elf/4.5.2/../../../../powerpc64-ps3-elf/lib\libc.a(lib_a-findfp.o)
                0x0000000000023b60                ._cleanup
 .text.__sfp_lock_acquire
                0x0000000000023b78       0x34 f:/psdk3/ps3dev/ppu/bin/../lib/gcc/powerpc64-ps3-elf/4.5.2/../../../../powerpc64-ps3-elf/lib\libc.a(lib_a-findfp.o)
                0x0000000000023b78                .__sfp_lock_acquire
 *fill*         0x0000000000023bac        0x4 60000000
 .text.__sfp_lock_release
                0x0000000000023bb0       0x34 f:/psdk3/ps3dev/ppu/bin/../lib/gcc/powerpc64-ps3-elf/4.5.2/../../../../powerpc64-ps3-elf/lib\libc.a(lib_a-findfp.o)
                0x0000000000023bb0                .__sfp_lock_release
 *fill*         0x0000000000023be4        0x4 60000000
 .text.__sinit_lock_acquire
                0x0000000000023be8       0x34 f:/psdk3/ps3dev/ppu/bin/../lib/gcc/powerpc64-ps3-elf/4.5.2/../../../../powerpc64-ps3-elf/lib\libc.a(lib_a-findfp.o)
                0x0000000000023be8                .__sinit_lock_acquire
 *fill*         0x0000000000023c1c        0x4 60000000
 .text.__sinit_lock_release
                0x0000000000023c20       0x34 f:/psdk3/ps3dev/ppu/bin/../lib/gcc/powerpc64-ps3-elf/4.5.2/../../../../powerpc64-ps3-elf/lib\libc.a(lib_a-findfp.o)
                0x0000000000023c20                .__sinit_lock_release
 *fill*         0x0000000000023c54        0x4 60000000
 .text.__sinit  0x0000000000023c58      0x1d8 f:/psdk3/ps3dev/ppu/bin/../lib/gcc/powerpc64-ps3-elf/4.5.2/../../../../powerpc64-ps3-elf/lib\libc.a(lib_a-findfp.o)
                0x0000000000023c58                .__sinit
 .text.__sfp    0x0000000000023e30      0x190 f:/psdk3/ps3dev/ppu/bin/../lib/gcc/powerpc64-ps3-elf/4.5.2/../../../../powerpc64-ps3-elf/lib\libc.a(lib_a-findfp.o)
                0x0000000000023e30                .__sfp
 .text.__fp_lock_all
                0x0000000000023fc0       0x40 f:/psdk3/ps3dev/ppu/bin/../lib/gcc/powerpc64-ps3-elf/4.5.2/../../../../powerpc64-ps3-elf/lib\libc.a(lib_a-findfp.o)
                0x0000000000023fc0                .__fp_lock_all
 .text.__fp_unlock_all
                0x0000000000024000       0x3c f:/psdk3/ps3dev/ppu/bin/../lib/gcc/powerpc64-ps3-elf/4.5.2/../../../../powerpc64-ps3-elf/lib\libc.a(lib_a-findfp.o)
                0x0000000000024000                .__fp_unlock_all
 .text          0x000000000002403c        0x0 f:/psdk3/ps3dev/ppu/bin/../lib/gcc/powerpc64-ps3-elf/4.5.2/../../../../powerpc64-ps3-elf/lib\libc.a(lib_a-freer.o)
 *fill*         0x000000000002403c        0x4 60000000
 .text._malloc_trim_r
                0x0000000000024040      0x15c f:/psdk3/ps3dev/ppu/bin/../lib/gcc/powerpc64-ps3-elf/4.5.2/../../../../powerpc64-ps3-elf/lib\libc.a(lib_a-freer.o)
                0x0000000000024040                ._malloc_trim_r
 *fill*         0x000000000002419c        0x4 60000000
 .text._free_r  0x00000000000241a0      0x310 f:/psdk3/ps3dev/ppu/bin/../lib/gcc/powerpc64-ps3-elf/4.5.2/../../../../powerpc64-ps3-elf/lib\libc.a(lib_a-freer.o)
                0x00000000000241a0                ._free_r
 .text          0x00000000000244b0        0x0 f:/psdk3/ps3dev/ppu/bin/../lib/gcc/powerpc64-ps3-elf/4.5.2/../../../../powerpc64-ps3-elf/lib\libc.a(lib_a-fwalk.o)
 .text._fwalk   0x00000000000244b0       0xfc f:/psdk3/ps3dev/ppu/bin/../lib/gcc/powerpc64-ps3-elf/4.5.2/../../../../powerpc64-ps3-elf/lib\libc.a(lib_a-fwalk.o)
                0x00000000000244b0                ._fwalk
 *fill*         0x00000000000245ac        0x4 60000000
 .text._fwalk_reent
                0x00000000000245b0      0x108 f:/psdk3/ps3dev/ppu/bin/../lib/gcc/powerpc64-ps3-elf/4.5.2/../../../../powerpc64-ps3-elf/lib\libc.a(lib_a-fwalk.o)
                0x00000000000245b0                ._fwalk_reent
 .text          0x00000000000246b8        0x0 f:/psdk3/ps3dev/ppu/bin/../lib/gcc/powerpc64-ps3-elf/4.5.2/../../../../powerpc64-ps3-elf/lib\libc.a(lib_a-iswspace.o)
 .text.iswspace
                0x00000000000246b8       0x3c f:/psdk3/ps3dev/ppu/bin/../lib/gcc/powerpc64-ps3-elf/4.5.2/../../../../powerpc64-ps3-elf/lib\libc.a(lib_a-iswspace.o)
                0x00000000000246b8                .iswspace
 .text          0x00000000000246f4        0x0 f:/psdk3/ps3dev/ppu/bin/../lib/gcc/powerpc64-ps3-elf/4.5.2/../../../../powerpc64-ps3-elf/lib\libc.a(lib_a-locale.o)
 *fill*         0x00000000000246f4        0x4 60000000
 .text._setlocale_r
                0x00000000000246f8       0xa8 f:/psdk3/ps3dev/ppu/bin/../lib/gcc/powerpc64-ps3-elf/4.5.2/../../../../powerpc64-ps3-elf/lib\libc.a(lib_a-locale.o)
                0x00000000000246f8                ._setlocale_r
 .text.__locale_charset
                0x00000000000247a0       0x14 f:/psdk3/ps3dev/ppu/bin/../lib/gcc/powerpc64-ps3-elf/4.5.2/../../../../powerpc64-ps3-elf/lib\libc.a(lib_a-locale.o)
                0x00000000000247a0                .__locale_charset
 *fill*         0x00000000000247b4        0x4 60000000
 .text.__locale_mb_cur_max
                0x00000000000247b8       0x1c f:/psdk3/ps3dev/ppu/bin/../lib/gcc/powerpc64-ps3-elf/4.5.2/../../../../powerpc64-ps3-elf/lib\libc.a(lib_a-locale.o)
                0x00000000000247b8                .__locale_mb_cur_max
 *fill*         0x00000000000247d4        0x4 60000000
 .text.__locale_msgcharset
                0x00000000000247d8       0x14 f:/psdk3/ps3dev/ppu/bin/../lib/gcc/powerpc64-ps3-elf/4.5.2/../../../../powerpc64-ps3-elf/lib\libc.a(lib_a-locale.o)
                0x00000000000247d8                .__locale_msgcharset
 *fill*         0x00000000000247ec        0x4 60000000
 .text.__locale_cjk_lang
                0x00000000000247f0       0x14 f:/psdk3/ps3dev/ppu/bin/../lib/gcc/powerpc64-ps3-elf/4.5.2/../../../../powerpc64-ps3-elf/lib\libc.a(lib_a-locale.o)
                0x00000000000247f0                .__locale_cjk_lang
 *fill*         0x0000000000024804        0x4 60000000
 .text._localeconv_r
                0x0000000000024808       0x14 f:/psdk3/ps3dev/ppu/bin/../lib/gcc/powerpc64-ps3-elf/4.5.2/../../../../powerpc64-ps3-elf/lib\libc.a(lib_a-locale.o)
                0x0000000000024808                ._localeconv_r
 *fill*         0x000000000002481c        0x4 60000000
 .text.setlocale
                0x0000000000024820       0x50 f:/psdk3/ps3dev/ppu/bin/../lib/gcc/powerpc64-ps3-elf/4.5.2/../../../../powerpc64-ps3-elf/lib\libc.a(lib_a-locale.o)
                0x0000000000024820                .setlocale
 .text.localeconv
                0x0000000000024870       0x34 f:/psdk3/ps3dev/ppu/bin/../lib/gcc/powerpc64-ps3-elf/4.5.2/../../../../powerpc64-ps3-elf/lib\libc.a(lib_a-locale.o)
                0x0000000000024870                .localeconv
 .text          0x00000000000248a4        0x0 f:/psdk3/ps3dev/ppu/bin/../lib/gcc/powerpc64-ps3-elf/4.5.2/../../../../powerpc64-ps3-elf/lib\libc.a(lib_a-lock_recursive.o)
 *fill*         0x00000000000248a4        0x4 60000000
 .text.__libc_lock_init_recursive
                0x00000000000248a8       0x34 f:/psdk3/ps3dev/ppu/bin/../lib/gcc/powerpc64-ps3-elf/4.5.2/../../../../powerpc64-ps3-elf/lib\libc.a(lib_a-lock_recursive.o)
                0x00000000000248a8                .__libc_lock_init_recursive
 *fill*         0x00000000000248dc        0x4 60000000
 .text.__libc_lock_close_recursive
                0x00000000000248e0       0x30 f:/psdk3/ps3dev/ppu/bin/../lib/gcc/powerpc64-ps3-elf/4.5.2/../../../../powerpc64-ps3-elf/lib\libc.a(lib_a-lock_recursive.o)
                0x00000000000248e0                .__libc_lock_close_recursive
 .text.__libc_lock_acquire_recursive
                0x0000000000024910       0x58 f:/psdk3/ps3dev/ppu/bin/../lib/gcc/powerpc64-ps3-elf/4.5.2/../../../../powerpc64-ps3-elf/lib\libc.a(lib_a-lock_recursive.o)
                0x0000000000024910                .__libc_lock_acquire_recursive
 .text.__libc_lock_try_acquire_recursive
                0x0000000000024968       0x54 f:/psdk3/ps3dev/ppu/bin/../lib/gcc/powerpc64-ps3-elf/4.5.2/../../../../powerpc64-ps3-elf/lib\libc.a(lib_a-lock_recursive.o)
                0x0000000000024968                .__libc_lock_try_acquire_recursive
 *fill*         0x00000000000249bc        0x4 60000000
 .text.__libc_lock_release_recursive
                0x00000000000249c0       0x54 f:/psdk3/ps3dev/ppu/bin/../lib/gcc/powerpc64-ps3-elf/4.5.2/../../../../powerpc64-ps3-elf/lib\libc.a(lib_a-lock_recursive.o)
                0x00000000000249c0                .__libc_lock_release_recursive
 .text          0x0000000000024a14        0x0 f:/psdk3/ps3dev/ppu/bin/../lib/gcc/powerpc64-ps3-elf/4.5.2/../../../../powerpc64-ps3-elf/lib\libc.a(lib_a-mbrtowc.o)
 *fill*         0x0000000000024a14        0x4 60000000
 .text._mbrtowc_r
                0x0000000000024a18      0x10c f:/psdk3/ps3dev/ppu/bin/../lib/gcc/powerpc64-ps3-elf/4.5.2/../../../../powerpc64-ps3-elf/lib\libc.a(lib_a-mbrtowc.o)
                0x0000000000024a18                ._mbrtowc_r
 *fill*         0x0000000000024b24        0x4 60000000
 .text.mbrtowc  0x0000000000024b28      0x170 f:/psdk3/ps3dev/ppu/bin/../lib/gcc/powerpc64-ps3-elf/4.5.2/../../../../powerpc64-ps3-elf/lib\libc.a(lib_a-mbrtowc.o)
                0x0000000000024b28                .mbrtowc
 .text          0x0000000000024c98        0x0 f:/psdk3/ps3dev/ppu/bin/../lib/gcc/powerpc64-ps3-elf/4.5.2/../../../../powerpc64-ps3-elf/lib\libc.a(lib_a-mbtowc_r.o)
 .text.__ascii_mbtowc
                0x0000000000024c98       0x58 f:/psdk3/ps3dev/ppu/bin/../lib/gcc/powerpc64-ps3-elf/4.5.2/../../../../powerpc64-ps3-elf/lib\libc.a(lib_a-mbtowc_r.o)
                0x0000000000024c98                .__ascii_mbtowc
 .text._mbtowc_r
                0x0000000000024cf0       0x98 f:/psdk3/ps3dev/ppu/bin/../lib/gcc/powerpc64-ps3-elf/4.5.2/../../../../powerpc64-ps3-elf/lib\libc.a(lib_a-mbtowc_r.o)
                0x0000000000024cf0                ._mbtowc_r
 .text          0x0000000000024d88        0x0 f:/psdk3/ps3dev/ppu/bin/../lib/gcc/powerpc64-ps3-elf/4.5.2/../../../../powerpc64-ps3-elf/lib\libc.a(lib_a-s_fpclassify.o)
 .text.__fpclassifyd
                0x0000000000024d88       0xc4 f:/psdk3/ps3dev/ppu/bin/../lib/gcc/powerpc64-ps3-elf/4.5.2/../../../../powerpc64-ps3-elf/lib\libc.a(lib_a-s_fpclassify.o)
                0x0000000000024d88                .__fpclassifyd
 .text          0x0000000000024e4c        0x0 f:/psdk3/ps3dev/ppu/bin/../lib/gcc/powerpc64-ps3-elf/4.5.2/../../../../powerpc64-ps3-elf/lib\libc.a(lib_a-sccl.o)
 *fill*         0x0000000000024e4c        0x4 60000000
 .text.__sccl   0x0000000000024e50      0x120 f:/psdk3/ps3dev/ppu/bin/../lib/gcc/powerpc64-ps3-elf/4.5.2/../../../../powerpc64-ps3-elf/lib\libc.a(lib_a-sccl.o)
                0x0000000000024e50                .__sccl
 .text          0x0000000000024f70        0x0 f:/psdk3/ps3dev/ppu/bin/../lib/gcc/powerpc64-ps3-elf/4.5.2/../../../../powerpc64-ps3-elf/lib\libc.a(lib_a-sf_nan.o)
 .text.nanf     0x0000000000024f70       0x18 f:/psdk3/ps3dev/ppu/bin/../lib/gcc/powerpc64-ps3-elf/4.5.2/../../../../powerpc64-ps3-elf/lib\libc.a(lib_a-sf_nan.o)
                0x0000000000024f70                .nanf
 .text          0x0000000000024f88        0x0 f:/psdk3/ps3dev/ppu/bin/../lib/gcc/powerpc64-ps3-elf/4.5.2/../../../../powerpc64-ps3-elf/lib\libc.a(lib_a-sprintf.o)
 .text._sprintf_r
                0x0000000000024f88       0x84 f:/psdk3/ps3dev/ppu/bin/../lib/gcc/powerpc64-ps3-elf/4.5.2/../../../../powerpc64-ps3-elf/lib\libc.a(lib_a-sprintf.o)
                0x0000000000024f88                ._sprintf_r
 *fill*         0x000000000002500c        0x4 60000000
 .text.sprintf  0x0000000000025010       0x9c f:/psdk3/ps3dev/ppu/bin/../lib/gcc/powerpc64-ps3-elf/4.5.2/../../../../powerpc64-ps3-elf/lib\libc.a(lib_a-sprintf.o)
                0x0000000000025010                .sprintf
 .text          0x00000000000250ac        0x0 f:/psdk3/ps3dev/ppu/bin/../lib/gcc/powerpc64-ps3-elf/4.5.2/../../../../powerpc64-ps3-elf/lib\libc.a(lib_a-strcmp.o)
 *fill*         0x00000000000250ac        0x4 60000000
 .text.strcmp   0x00000000000250b0       0xfc f:/psdk3/ps3dev/ppu/bin/../lib/gcc/powerpc64-ps3-elf/4.5.2/../../../../powerpc64-ps3-elf/lib\libc.a(lib_a-strcmp.o)
                0x00000000000250b0                .strcmp
 .text          0x00000000000251ac        0x0 f:/psdk3/ps3dev/ppu/bin/../lib/gcc/powerpc64-ps3-elf/4.5.2/../../../../powerpc64-ps3-elf/lib\libc.a(lib_a-strtod.o)
 *fill*         0x00000000000251ac        0x4 60000000
 .text.match    0x00000000000251b0       0x6c f:/psdk3/ps3dev/ppu/bin/../lib/gcc/powerpc64-ps3-elf/4.5.2/../../../../powerpc64-ps3-elf/lib\libc.a(lib_a-strtod.o)
 *fill*         0x000000000002521c        0x4 60000000
 .text._strtod_r
                0x0000000000025220     0x1578 f:/psdk3/ps3dev/ppu/bin/../lib/gcc/powerpc64-ps3-elf/4.5.2/../../../../powerpc64-ps3-elf/lib\libc.a(lib_a-strtod.o)
                0x0000000000025220                ._strtod_r
 .text.strtod   0x0000000000026798       0x50 f:/psdk3/ps3dev/ppu/bin/../lib/gcc/powerpc64-ps3-elf/4.5.2/../../../../powerpc64-ps3-elf/lib\libc.a(lib_a-strtod.o)
                0x0000000000026798                .strtod
 .text.strtof   0x00000000000267e8       0x98 f:/psdk3/ps3dev/ppu/bin/../lib/gcc/powerpc64-ps3-elf/4.5.2/../../../../powerpc64-ps3-elf/lib\libc.a(lib_a-strtod.o)
                0x00000000000267e8                .strtof
 .text          0x0000000000026880        0x0 f:/psdk3/ps3dev/ppu/bin/../lib/gcc/powerpc64-ps3-elf/4.5.2/../../../../powerpc64-ps3-elf/lib\libc.a(lib_a-strtol.o)
 .text._strtol_r
                0x0000000000026880      0x24c f:/psdk3/ps3dev/ppu/bin/../lib/gcc/powerpc64-ps3-elf/4.5.2/../../../../powerpc64-ps3-elf/lib\libc.a(lib_a-strtol.o)
                0x0000000000026880                ._strtol_r
 *fill*         0x0000000000026acc        0x4 60000000
 .text.strtol   0x0000000000026ad0       0x60 f:/psdk3/ps3dev/ppu/bin/../lib/gcc/powerpc64-ps3-elf/4.5.2/../../../../powerpc64-ps3-elf/lib\libc.a(lib_a-strtol.o)
                0x0000000000026ad0                .strtol
 .text          0x0000000000026b30        0x0 f:/psdk3/ps3dev/ppu/bin/../lib/gcc/powerpc64-ps3-elf/4.5.2/../../../../powerpc64-ps3-elf/lib\libc.a(lib_a-strtoll_r.o)
 .text._strtoll_r
                0x0000000000026b30      0x24c f:/psdk3/ps3dev/ppu/bin/../lib/gcc/powerpc64-ps3-elf/4.5.2/../../../../powerpc64-ps3-elf/lib\libc.a(lib_a-strtoll_r.o)
                0x0000000000026b30                ._strtoll_r
 .text          0x0000000000026d7c        0x0 f:/psdk3/ps3dev/ppu/bin/../lib/gcc/powerpc64-ps3-elf/4.5.2/../../../../powerpc64-ps3-elf/lib\libc.a(lib_a-strtoul.o)
 *fill*         0x0000000000026d7c        0x4 60000000
 .text._strtoul_r
                0x0000000000026d80      0x230 f:/psdk3/ps3dev/ppu/bin/../lib/gcc/powerpc64-ps3-elf/4.5.2/../../../../powerpc64-ps3-elf/lib\libc.a(lib_a-strtoul.o)
                0x0000000000026d80                ._strtoul_r
 .text.strtoul  0x0000000000026fb0       0x60 f:/psdk3/ps3dev/ppu/bin/../lib/gcc/powerpc64-ps3-elf/4.5.2/../../../../powerpc64-ps3-elf/lib\libc.a(lib_a-strtoul.o)
                0x0000000000026fb0                .strtoul
 .text          0x0000000000027010        0x0 f:/psdk3/ps3dev/ppu/bin/../lib/gcc/powerpc64-ps3-elf/4.5.2/../../../../powerpc64-ps3-elf/lib\libc.a(lib_a-strtoull_r.o)
 .text._strtoull_r
                0x0000000000027010      0x230 f:/psdk3/ps3dev/ppu/bin/../lib/gcc/powerpc64-ps3-elf/4.5.2/../../../../powerpc64-ps3-elf/lib\libc.a(lib_a-strtoull_r.o)
                0x0000000000027010                ._strtoull_r
 .text          0x0000000000027240        0x0 f:/psdk3/ps3dev/ppu/bin/../lib/gcc/powerpc64-ps3-elf/4.5.2/../../../../powerpc64-ps3-elf/lib\libc.a(lib_a-svfiscanf.o)
 .text._sungetc_r
                0x0000000000027240      0x158 f:/psdk3/ps3dev/ppu/bin/../lib/gcc/powerpc64-ps3-elf/4.5.2/../../../../powerpc64-ps3-elf/lib\libc.a(lib_a-svfiscanf.o)
                0x0000000000027240                ._sungetc_r
 .text.__ssrefill_r
                0x0000000000027398       0xa0 f:/psdk3/ps3dev/ppu/bin/../lib/gcc/powerpc64-ps3-elf/4.5.2/../../../../powerpc64-ps3-elf/lib\libc.a(lib_a-svfiscanf.o)