Archive member included because of file (symbol)

f:/PSDK3/ps3dev/portlibs/ppu/lib\libtiny3d.a(matrix.o)
                              main.o (MatrixProjPerspective)
f:/PSDK3/ps3dev/portlibs/ppu/lib\libtiny3d.a(rsxutil.o)
                              main.o (Video_aspect)
f:/PSDK3/ps3dev/portlibs/ppu/lib\libtiny3d.a(tiny3d.o)
                              f:/PSDK3/ps3dev/portlibs/ppu/lib\libtiny3d.a(rsxutil.o) (tiny3d_alarm)
f:/PSDK3/ps3dev/portlibs/ppu/lib\libtiny3d.a(vshader_text_normal.vcg.o)
                              f:/PSDK3/ps3dev/portlibs/ppu/lib\libtiny3d.a(tiny3d.o) (vshader_text_normal_bin)
f:/PSDK3/ps3dev/portlibs/ppu/lib\libtiny3d.a(commands.o)
                              f:/PSDK3/ps3dev/portlibs/ppu/lib\libtiny3d.a(rsxutil.o) (rsxtiny_MakeCmdSpace)
f:/PSDK3/ps3dev/portlibs/ppu/lib\libtiny3d.a(glue.o)
                              f:/PSDK3/ps3dev/portlibs/ppu/lib\libtiny3d.a(rsxutil.o) (rsxtiny_FlushBuffer)
f:/PSDK3/ps3dev/portlibs/ppu/lib\libtiny3d.a(mm.o)
                              f:/PSDK3/ps3dev/portlibs/ppu/lib\libtiny3d.a(rsxutil.o) (rsxtiny_MemAlign)
f:/PSDK3/ps3dev/portlibs/ppu/lib\libtiny3d.a(realityVP.o)
                              f:/PSDK3/ps3dev/portlibs/ppu/lib\libtiny3d.a(commands.o) (rsxtiny_VertexProgramGetUCode)
f:/PSDK3/ps3dev/portlibs/ppu/lib\libtiny3d.a(buffer.o)
                              f:/PSDK3/ps3dev/portlibs/ppu/lib\libtiny3d.a(commands.o) (tiny_rsxContextCallback)
f:/PSDK3/psl1ght/ppu/lib\libgcm_sys.a(sprx.o)
                              f:/PSDK3/ps3dev/portlibs/ppu/lib\libtiny3d.a(rsxutil.o) (gcmSetFlip)
f:/PSDK3/psl1ght/ppu/lib\libio.a(sprx.o)
                              main.o (ioPadInit)
f:/PSDK3/psl1ght/ppu/lib\libsysutil.a(sprx.o)
                              f:/PSDK3/ps3dev/portlibs/ppu/lib\libtiny3d.a(rsxutil.o) (videoConfigure)
f:/PSDK3/psl1ght/ppu/lib\libsysutil.a(sysutil_wrapper.o)
                              f:/PSDK3/ps3dev/portlibs/ppu/lib\libtiny3d.a(tiny3d.o) (sysUtilRegisterCallback)
f:/PSDK3/psl1ght/ppu/lib\librt.a(sbrk.o)
                              f:/psdk3/ps3dev/ppu/bin/../lib/gcc/powerpc64-ps3-elf/4.5.2/../../../../powerpc64-ps3-elf/lib/lv2-crt0.o (__librt_sbrk_r)
f:/PSDK3/psl1ght/ppu/lib\librt.a(exit.o)
                              f:/psdk3/ps3dev/ppu/bin/../lib/gcc/powerpc64-ps3-elf/4.5.2/../../../../powerpc64-ps3-elf/lib/lv2-crt0.o (__librt_exit)
f:/PSDK3/psl1ght/ppu/lib\librt.a(close.o)
                              f:/psdk3/ps3dev/ppu/bin/../lib/gcc/powerpc64-ps3-elf/4.5.2/../../../../powerpc64-ps3-elf/lib/lv2-crt0.o (__librt_close_r)
f:/PSDK3/psl1ght/ppu/lib\librt.a(lseek.o)
                              f:/psdk3/ps3dev/ppu/bin/../lib/gcc/powerpc64-ps3-elf/4.5.2/../../../../powerpc64-ps3-elf/lib/lv2-crt0.o (__librt_lseek_r)
f:/PSDK3/psl1ght/ppu/lib\librt.a(read.o)
                              f:/psdk3/ps3dev/ppu/bin/../lib/gcc/powerpc64-ps3-elf/4.5.2/../../../../powerpc64-ps3-elf/lib/lv2-crt0.o (__librt_read_r)
f:/PSDK3/psl1ght/ppu/lib\librt.a(open.o)
                              f:/psdk3/ps3dev/ppu/bin/../lib/gcc/powerpc64-ps3-elf/4.5.2/../../../../powerpc64-ps3-elf/lib/lv2-crt0.o (__librt_open_r)
f:/PSDK3/psl1ght/ppu/lib\librt.a(sleep.o)
                              f:/psdk3/ps3dev/ppu/bin/../lib/gcc/powerpc64-ps3-elf/4.5.2/../../../../powerpc64-ps3-elf/lib/lv2-crt0.o (__librt_usleep_r)
f:/PSDK3/psl1ght/ppu/lib\librt.a(write.o)
                              f:/psdk3/ps3dev/ppu/bin/../lib/gcc/powerpc64-ps3-elf/4.5.2/../../../../powerpc64-ps3-elf/lib/lv2-crt0.o (__librt_write_r)
f:/PSDK3/psl1ght/ppu/lib\librt.a(fstat.o)
                              f:/psdk3/ps3dev/ppu/bin/../lib/gcc/powerpc64-ps3-elf/4.5.2/../../../../powerpc64-ps3-elf/lib/lv2-crt0.o (__librt_fstat_r)
f:/PSDK3/psl1ght/ppu/lib\librt.a(socket.o)
                              f:/PSDK3/psl1ght/ppu/lib\librt.a(write.o) (send)
f:/PSDK3/psl1ght/ppu/lib\librt.a(lock.o)
                              f:/psdk3/ps3dev/ppu/bin/../lib/gcc/powerpc64-ps3-elf/4.5.2/../../../../powerpc64-ps3-elf/lib/lv2-crt0.o (__librt_sys_lwmutex_create_r)
f:/PSDK3/psl1ght/ppu/lib\librt.a(dirent.o)
                              f:/psdk3/ps3dev/ppu/bin/../lib/gcc/powerpc64-ps3-elf/4.5.2/../../../../powerpc64-ps3-elf/lib/lv2-crt0.o (__librt_opendir_r)
f:/PSDK3/psl1ght/ppu/lib\librt.a(mkdir.o)
                              f:/psdk3/ps3dev/ppu/bin/../lib/gcc/powerpc64-ps3-elf/4.5.2/../../../../powerpc64-ps3-elf/lib/lv2-crt0.o (__librt_mkdir_r)
f:/PSDK3/psl1ght/ppu/lib\librt.a(times.o)
                              f:/psdk3/ps3dev/ppu/bin/../lib/gcc/powerpc64-ps3-elf/4.5.2/../../../../powerpc64-ps3-elf/lib/lv2-crt0.o (__librt_times_r)
f:/PSDK3/psl1ght/ppu/lib\librt.a(umask.o)
                              f:/psdk3/ps3dev/ppu/bin/../lib/gcc/powerpc64-ps3-elf/4.5.2/../../../../powerpc64-ps3-elf/lib/lv2-crt0.o (__librt_umask_r)
f:/PSDK3/psl1ght/ppu/lib\librt.a(lv2errno.o)
[...]
Memory Configuration

Name             Origin             Length             Attributes
*default*        0x0000000000000000 0xffffffffffffffff

Linker script and memory map

                0x0000000000010000                PROVIDE (__executable_start, 0x10000)
                0x0000000000010200                . = (0x10000 + SIZEOF_HEADERS)

.interp
 *(.interp)

.hash
 *(.hash)

.dynsym
 *(.dynsym)

.dynstr
 *(.dynstr)

.gnu.version
 *(.gnu.version)

.gnu.version_d
 *(.gnu.version_d)

.gnu.version_r
 *(.gnu.version_r)

.rel.dyn
 *(.rel.init)
 *(.rel.text .rel.text.* .rel.gnu.linkonce.t.*)
 *(.rel.fini)
 *(.rel.rodata .rel.rodata.* .rel.gnu.linkonce.r.*)
 *(.rel.data.rel.ro*)
 *(.rel.data .rel.data.* .rel.gnu.linkonce.d.*)
 *(.rel.tdata .rel.tdata.* .rel.gnu.linkonce.td.*)
 *(.rel.tbss .rel.tbss.* .rel.gnu.linkonce.tb.*)
 *(.rel.ctors)
 *(.rel.dtors)
 *(.rel.got)
 *(.rel.sdata .rel.sdata.* .rel.gnu.linkonce.s.*)
 *(.rel.sbss .rel.sbss.* .rel.gnu.linkonce.sb.*)
 *(.rel.sdata2 .rel.sdata2.* .rel.gnu.linkonce.s2.*)
 *(.rel.sbss2 .rel.sbss2.* .rel.gnu.linkonce.sb2.*)
 *(.rel.bss .rel.bss.* .rel.gnu.linkonce.b.*)

.rela.dyn       0x0000000000010200        0x0
 *(.rela.init)
 *(.rela.text .rela.text.* .rela.gnu.linkonce.t.*)
 *(.rela.fini)
 *(.rela.rodata .rela.rodata.* .rela.gnu.linkonce.r.*)
 *(.rela.data .rela.data.* .rela.gnu.linkonce.d.*)
 *(.rela.tdata .rela.tdata.* .rela.gnu.linkonce.td.*)
 *(.rela.tbss .rela.tbss.* .rela.gnu.linkonce.tb.*)
 *(.rela.ctors)
 *(.rela.dtors)
 *(.rela.got)
 *(.rela.toc)
 .rela.toc      0x0000000000000000        0x0 linker stubs
 *(.rela.sdata .rela.sdata.* .rela.gnu.linkonce.s.*)
 *(.rela.sbss .rela.sbss.* .rela.gnu.linkonce.sb.*)
 *(.rela.sdata2 .rela.sdata2.* .rela.gnu.linkonce.s2.*)
 *(.rela.sbss2 .rela.sbss2.* .rela.gnu.linkonce.sb2.*)
 *(.rela.bss .rela.bss.* .rela.gnu.linkonce.b.*)
 .rela.iplt     0x0000000000000000        0x0 linker stubs
 .rela.sys_proc_prx_param
                0x0000000000000000        0x0 linker stubs
 .rela.opd      0x0000000000000000        0x0 linker stubs

.rel.plt
 *(.rel.plt)

.rela.plt
 *(.rela.plt)

.rela.tocbss
 *(.rela.tocbss)

.init           0x0000000000010200       0x2c
 *(.init)
 .init          0x0000000000010200        0xc f:/psdk3/ps3dev/ppu/bin/../lib/gcc/powerpc64-ps3-elf/4.5.2/../../../../powerpc64-ps3-elf/lib/lv2-crti.o
                0x0000000000010200                ._init
 .init          0x000000000001020c        0x8 f:/psdk3/ps3dev/ppu/bin/../lib/gcc/powerpc64-ps3-elf/4.5.2/crtbegin.o
 .init          0x0000000000010214        0x8 f:/psdk3/ps3dev/ppu/bin/../lib/gcc/powerpc64-ps3-elf/4.5.2/crtend.o
 .init          0x000000000001021c       0x10 f:/psdk3/ps3dev/ppu/bin/../lib/gcc/powerpc64-ps3-elf/4.5.2/../../../../powerpc64-ps3-elf/lib/lv2-crtn.o

.text           0x0000000000010230    0x232fc
 *(.text .stub .text.* .gnu.linkonce.t.*)
 .text          0x0000000000010230        0x0 f:/psdk3/ps3dev/ppu/bin/../lib/gcc/powerpc64-ps3-elf/4.5.2/../../../../powerpc64-ps3-elf/lib/lv2-crti.o
 .text          0x0000000000010230        0x0 f:/psdk3/ps3dev/ppu/bin/../lib/gcc/powerpc64-ps3-elf/4.5.2/crtbegin.o
 .text.__do_global_dtors_aux
                0x0000000000010230       0xc8 f:/psdk3/ps3dev/ppu/bin/../lib/gcc/powerpc64-ps3-elf/4.5.2/crtbegin.o
 .text.frame_dummy
                0x00000000000102f8       0x70 f:/psdk3/ps3dev/ppu/bin/../lib/gcc/powerpc64-ps3-elf/4.5.2/crtbegin.o
 .text          0x0000000000010368       0x58 f:/psdk3/ps3dev/ppu/bin/../lib/gcc/powerpc64-ps3-elf/4.5.2/../../../../powerpc64-ps3-elf/lib/lv2-crt0.o
                0x0000000000010368                ._start
 .text.__syscalls_init
                0x00000000000103c0      0x15c f:/psdk3/ps3dev/ppu/bin/../lib/gcc/powerpc64-ps3-elf/4.5.2/../../../../powerpc64-ps3-elf/lib/lv2-crt0.o
 *fill*         0x000000000001051c        0x4 60000000
 .text._initialize
                0x0000000000010520       0x40 f:/psdk3/ps3dev/ppu/bin/../lib/gcc/powerpc64-ps3-elf/4.5.2/../../../../powerpc64-ps3-elf/lib/lv2-crt0.o
                0x0000000000010520                ._initialize
 .text          0x0000000000010560        0x0 f:/psdk3/ps3dev/ppu/bin/../lib/gcc/powerpc64-ps3-elf/4.5.2/../../../../powerpc64-ps3-elf/lib/lv2-sprx.o
 .text          0x0000000000010560        0x0 texture1_png.bin.o
 .text          0x0000000000010560        0x0 texture2_png.bin.o
 .text          0x0000000000010560        0x0 font.o
 .text          0x0000000000010560        0x0 main.o
 .text.exiting  0x0000000000010560       0x4c main.o
                0x0000000000010560                .exiting
 *fill*         0x00000000000105ac        0x4 60000000
 .text.drawStage1
                0x00000000000105b0      0x7ac main.o
                0x00000000000105b0                .drawStage1
 *fill*         0x0000000000010d5c        0x4 60000000
 .text.drawStage2
                0x0000000000010d60      0xba4 main.o
                0x0000000000010d60                .drawStage2
 *fill*         0x0000000000011904        0x4 60000000
 .text.LoadTexture
                0x0000000000011908      0x2c0 main.o
                0x0000000000011908                .LoadTexture
 .text.main     0x0000000000011bc8      0xd34 main.o
                0x0000000000011bc8                .main
 .text          0x00000000000128fc        0x0 utils.o
 *fill*         0x00000000000128fc        0x4 60000000
 .text.CreateSphere
                0x0000000000012900      0x360 utils.o
                0x0000000000012900                .CreateSphere
 .text.CreateSphereNormal
                0x0000000000012c60      0x3e0 utils.o
                0x0000000000012c60                .CreateSphereNormal
 .text.CreateSphereNormalTextured
                0x0000000000013040      0x458 utils.o
                0x0000000000013040                .CreateSphereNormalTextured
 .text.CreateSphereNormalTextured2
                0x0000000000013498      0x478 utils.o
                0x0000000000013498                .CreateSphereNormalTextured2
 .text.CreateSphereLine
                0x0000000000013910      0x3e0 utils.o
                0x0000000000013910                .CreateSphereLine
 .text.DrawCorners2d
                0x0000000000013cf0       0xe8 utils.o
                0x0000000000013cf0                .DrawCorners2d
 .text.PrintChar
                0x0000000000013dd8      0x1cc utils.o
                0x0000000000013dd8                .PrintChar
 *fill*         0x0000000000013fa4        0x4 60000000
 .text.PrintStr
                0x0000000000013fa8       0xa4 utils.o
                0x0000000000013fa8                .PrintStr
 .text          0x000000000001404c        0x0 f:/PSDK3/ps3dev/portlibs/ppu/lib\libtiny3d.a(matrix.o)
 *fill*         0x000000000001404c        0x4 60000000
 .text.MatrixProjPerspective
                0x0000000000014050      0x120 f:/PSDK3/ps3dev/portlibs/ppu/lib\libtiny3d.a(matrix.o)
                0x0000000000014050                .MatrixProjPerspective
 .text.MatrixVectorMultiply
                0x0000000000014170       0xa8 f:/PSDK3/ps3dev/portlibs/ppu/lib\libtiny3d.a(matrix.o)
                0x0000000000014170                .MatrixVectorMultiply
 .text.MatrixVectorMultiply3x3
                0x0000000000014218       0x90 f:/PSDK3/ps3dev/portlibs/ppu/lib\libtiny3d.a(matrix.o)
                0x0000000000014218                .MatrixVectorMultiply3x3
 .text.MatrixMultiply
                0x00000000000142a8      0x3d8 f:/PSDK3/ps3dev/portlibs/ppu/lib\libtiny3d.a(matrix.o)
                0x00000000000142a8                .MatrixMultiply
 .text.MatrixIdentity
                0x0000000000014680       0x54 f:/PSDK3/ps3dev/portlibs/ppu/lib\libtiny3d.a(matrix.o)
                0x0000000000014680                .MatrixIdentity
 *fill*         0x00000000000146d4        0x4 60000000
 .text.MatrixTranslation
                0x00000000000146d8       0x58 f:/PSDK3/ps3dev/portlibs/ppu/lib\libtiny3d.a(matrix.o)
                0x00000000000146d8                .MatrixTranslation
 .text.MatrixTranspose
                0x0000000000014730       0xb0 f:/PSDK3/ps3dev/portlibs/ppu/lib\libtiny3d.a(matrix.o)
                0x0000000000014730                .MatrixTranspose
 .text.MatrixScale
                0x00000000000147e0       0x60 f:/PSDK3/ps3dev/portlibs/ppu/lib\libtiny3d.a(matrix.o)
                0x00000000000147e0                .MatrixScale
 .text.MatrixRotationX
                0x0000000000014840       0xfc f:/PSDK3/ps3dev/portlibs/ppu/lib\libtiny3d.a(matrix.o)
                0x0000000000014840                .MatrixRotationX
 *fill*         0x000000000001493c        0x4 60000000
 .text.MatrixRotationY
                0x0000000000014940       0xfc f:/PSDK3/ps3dev/portlibs/ppu/lib\libtiny3d.a(matrix.o)
                0x0000000000014940                .MatrixRotationY
 *fill*         0x0000000000014a3c        0x4 60000000
 .text.MatrixRotationZ
                0x0000000000014a40       0xdc f:/PSDK3/ps3dev/portlibs/ppu/lib\libtiny3d.a(matrix.o)
                0x0000000000014a40                .MatrixRotationZ
 *fill*         0x0000000000014b1c        0x4 60000000
 .text.MatrixRotationAxis
                0x0000000000014b20      0x2dc f:/PSDK3/ps3dev/portlibs/ppu/lib\libtiny3d.a(matrix.o)
                0x0000000000014b20                .MatrixRotationAxis
 *fill*         0x0000000000014dfc        0x4 60000000
 .text.VectorToUnit
                0x0000000000014e00       0xbc f:/PSDK3/ps3dev/portlibs/ppu/lib\libtiny3d.a(matrix.o)
                0x0000000000014e00                .VectorToUnit
 *fill*         0x0000000000014ebc        0x4 60000000
 .text.VectorNormalPlane
                0x0000000000014ec0       0xd8 f:/PSDK3/ps3dev/portlibs/ppu/lib\libtiny3d.a(matrix.o)
                0x0000000000014ec0                .VectorNormalPlane
 .text.MakeLookAtMatrix
                0x0000000000014f98      0x2ec f:/PSDK3/ps3dev/portlibs/ppu/lib\libtiny3d.a(matrix.o)
                0x0000000000014f98                .MakeLookAtMatrix
 .text          0x0000000000015284        0x0 f:/PSDK3/ps3dev/portlibs/ppu/lib\libtiny3d.a(rsxutil.o)
 *fill*         0x0000000000015284        0x4 60000000
 .text.waitFlip
                0x0000000000015288       0xcc f:/PSDK3/ps3dev/portlibs/ppu/lib\libtiny3d.a(rsxutil.o)
                0x0000000000015288                .waitFlip
 *fill*         0x0000000000015354        0x4 60000000
 .text.flip     0x0000000000015358       0x5c f:/PSDK3/ps3dev/portlibs/ppu/lib\libtiny3d.a(rsxutil.o)
                0x0000000000015358                .flip
 *fill*         0x00000000000153b4        0x4 60000000
 .text.init_screen
                0x00000000000153b8      0x364 f:/PSDK3/ps3dev/portlibs/ppu/lib\libtiny3d.a(rsxutil.o)
                0x00000000000153b8                .init_screen
 *fill*         0x000000000001571c        0x4 60000000
 .text.setupRenderTarget
                0x0000000000015720      0x108 f:/PSDK3/ps3dev/portlibs/ppu/lib\libtiny3d.a(rsxutil.o)
                0x0000000000015720                .setupRenderTarget
 .text.setupRenderTarget2
                0x0000000000015828      0x13c f:/PSDK3/ps3dev/portlibs/ppu/lib\libtiny3d.a(rsxutil.o)
                0x0000000000015828                .setupRenderTarget2
 .text          0x0000000000015964        0x0 f:/PSDK3/ps3dev/portlibs/ppu/lib\libtiny3d.a(tiny3d.o)
 *fill*         0x0000000000015964        0x4 60000000
 .text.push_list_cmd
                0x0000000000015968      0x154 f:/PSDK3/ps3dev/portlibs/ppu/lib\libtiny3d.a(tiny3d.o)
 *fill*         0x0000000000015abc        0x4 60000000
 .text.rsxtiny_SetVertexProgramConstant3f
                0x0000000000015ac0       0x58 f:/PSDK3/ps3dev/portlibs/ppu/lib\libtiny3d.a(tiny3d.o)
 .text.Update_With_Normal
                0x0000000000015b18      0x2a0 f:/PSDK3/ps3dev/portlibs/ppu/lib\libtiny3d.a(tiny3d.o)
 .text.set_shader_context
                0x0000000000015db8      0x398 f:/PSDK3/ps3dev/portlibs/ppu/lib\libtiny3d.a(tiny3d.o)
 .text.put_vertex
                0x0000000000016150      0x258 f:/PSDK3/ps3dev/portlibs/ppu/lib\libtiny3d.a(tiny3d.o)
 .text.push_normal_list
                0x00000000000163a8      0x1c4 f:/PSDK3/ps3dev/portlibs/ppu/lib\libtiny3d.a(tiny3d.o)
 *fill*         0x000000000001656c        0x4 60000000
 .text.push_position_list
                0x0000000000016570      0x1f0 f:/PSDK3/ps3dev/portlibs/ppu/lib\libtiny3d.a(tiny3d.o)
 .text.tiny3d_callback
                0x0000000000016760      0x1a0 f:/PSDK3/ps3dev/portlibs/ppu/lib\libtiny3d.a(tiny3d.o)
 .text.tiny3d_Exit
                0x0000000000016900      0x1ec f:/PSDK3/ps3dev/portlibs/ppu/lib\libtiny3d.a(tiny3d.o)
                0x0000000000016900                .tiny3d_Exit
 *fill*         0x0000000000016aec        0x4 60000000
 .text.tiny3d_alarm
                0x0000000000016af0       0x10 f:/PSDK3/ps3dev/portlibs/ppu/lib\libtiny3d.a(tiny3d.o)
                0x0000000000016af0                .tiny3d_alarm
 .text.tiny3d_RecordList
                0x0000000000016b00       0xa4 f:/PSDK3/ps3dev/portlibs/ppu/lib\libtiny3d.a(tiny3d.o)
                0x0000000000016b00                .tiny3d_RecordList
 *fill*         0x0000000000016ba4        0x4 60000000
 .text.tiny3d_StopList
                0x0000000000016ba8      0x138 f:/PSDK3/ps3dev/portlibs/ppu/lib\libtiny3d.a(tiny3d.o)
                0x0000000000016ba8                .tiny3d_StopList
 .text.tiny3d_FreeList
                0x0000000000016ce0       0xcc f:/PSDK3/ps3dev/portlibs/ppu/lib\libtiny3d.a(tiny3d.o)
                0x0000000000016ce0                .tiny3d_FreeList
 *fill*         0x0000000000016dac        0x4 60000000
 .text.tiny3d_DynamicMatrixList
                0x0000000000016db0       0xec f:/PSDK3/ps3dev/portlibs/ppu/lib\libtiny3d.a(tiny3d.o)
                0x0000000000016db0                .tiny3d_DynamicMatrixList
 *fill*         0x0000000000016e9c        0x4 60000000
 .text.tiny3d_ApplyMatrixList
                0x0000000000016ea0       0xc8 f:/PSDK3/ps3dev/portlibs/ppu/lib\libtiny3d.a(tiny3d.o)
                0x0000000000016ea0                .tiny3d_ApplyMatrixList
 .text.tiny3d_Init
                0x0000000000016f68      0x4ec f:/PSDK3/ps3dev/portlibs/ppu/lib\libtiny3d.a(tiny3d.o)
                0x0000000000016f68                .tiny3d_Init
 *fill*         0x0000000000017454        0x4 60000000
 .text.tiny3d_SetPolygon
                0x0000000000017458      0x228 f:/PSDK3/ps3dev/portlibs/ppu/lib\libtiny3d.a(tiny3d.o)
                0x0000000000017458                .tiny3d_SetPolygon
 .text.tiny3d_VertexPos
                0x0000000000017680       0xcc f:/PSDK3/ps3dev/portlibs/ppu/lib\libtiny3d.a(tiny3d.o)
                0x0000000000017680                .tiny3d_VertexPos
 *fill*         0x000000000001774c        0x4 60000000
 .text.tiny3d_VertexPos4
                0x0000000000017750       0xd0 f:/PSDK3/ps3dev/portlibs/ppu/lib\libtiny3d.a(tiny3d.o)
                0x0000000000017750                .tiny3d_VertexPos4
 .text.tiny3d_VertexPosVector
                0x0000000000017820       0xe0 f:/PSDK3/ps3dev/portlibs/ppu/lib\libtiny3d.a(tiny3d.o)
                0x0000000000017820                .tiny3d_VertexPosVector
 .text.tiny3d_VertexColor
                0x0000000000017900       0xb4 f:/PSDK3/ps3dev/portlibs/ppu/lib\libtiny3d.a(tiny3d.o)
                0x0000000000017900                .tiny3d_VertexColor
 *fill*         0x00000000000179b4        0x4 60000000
 .text.tiny3d_VertexFcolor
                0x00000000000179b8      0x104 f:/PSDK3/ps3dev/portlibs/ppu/lib\libtiny3d.a(tiny3d.o)
                0x00000000000179b8                .tiny3d_VertexFcolor
 *fill*         0x0000000000017abc        0x4 60000000
 .text.tiny3d_VertexTexture
                0x0000000000017ac0       0xbc f:/PSDK3/ps3dev/portlibs/ppu/lib\libtiny3d.a(tiny3d.o)
                0x0000000000017ac0                .tiny3d_VertexTexture
 *fill*         0x0000000000017b7c        0x4 60000000
 .text.tiny3d_VertexTexture2
                0x0000000000017b80       0xcc f:/PSDK3/ps3dev/portlibs/ppu/lib\libtiny3d.a(tiny3d.o)
                0x0000000000017b80                .tiny3d_VertexTexture2
 *fill*         0x0000000000017c4c        0x4 60000000
 .text.tiny3d_Normal
                0x0000000000017c50       0x48 f:/PSDK3/ps3dev/portlibs/ppu/lib\libtiny3d.a(tiny3d.o)
                0x0000000000017c50                .tiny3d_Normal
 .text.tiny3d_NormalVector
                0x0000000000017c98       0x58 f:/PSDK3/ps3dev/portlibs/ppu/lib\libtiny3d.a(tiny3d.o)
                0x0000000000017c98                .tiny3d_NormalVector
 .text.tiny3d_End
                0x0000000000017cf0      0x690 f:/PSDK3/ps3dev/portlibs/ppu/lib\libtiny3d.a(tiny3d.o)
                0x0000000000017cf0                .tiny3d_End
 .text.tiny3d_SetMatrixModelView
                0x0000000000018380      0x278 f:/PSDK3/ps3dev/portlibs/ppu/lib\libtiny3d.a(tiny3d.o)
                0x0000000000018380                .tiny3d_SetMatrixModelView
 .text.tiny3d_SetProjectionMatrix
                0x00000000000185f8       0xd8 f:/PSDK3/ps3dev/portlibs/ppu/lib\libtiny3d.a(tiny3d.o)
                0x00000000000185f8                .tiny3d_SetProjectionMatrix
 .text.tiny3d_Flip
                0x00000000000186d0       0xf8 f:/PSDK3/ps3dev/portlibs/ppu/lib\libtiny3d.a(tiny3d.o)
                0x00000000000186d0                .tiny3d_Flip
 .text.tiny3d_UserViewport
                0x00000000000187c8       0x5c f:/PSDK3/ps3dev/portlibs/ppu/lib\libtiny3d.a(tiny3d.o)
                0x00000000000187c8                .tiny3d_UserViewport
 *fill*         0x0000000000018824        0x4 60000000
 .text.tiny3d_UserViewport2
                0x0000000000018828       0x58 f:/PSDK3/ps3dev/portlibs/ppu/lib\libtiny3d.a(tiny3d.o)
                0x0000000000018828                .tiny3d_UserViewport2
 .text.tiny3d_UserViewportSurface
                0x0000000000018880       0x28 f:/PSDK3/ps3dev/portlibs/ppu/lib\libtiny3d.a(tiny3d.o)
                0x0000000000018880                .tiny3d_UserViewportSurface
 .text.tiny3d_Project2D
                0x00000000000188a8      0x310 f:/PSDK3/ps3dev/portlibs/ppu/lib\libtiny3d.a(tiny3d.o)
                0x00000000000188a8                .tiny3d_Project2D
 .text.tiny3d_Project3D
                0x0000000000018bb8      0x254 f:/PSDK3/ps3dev/portlibs/ppu/lib\libtiny3d.a(tiny3d.o)
                0x0000000000018bb8                .tiny3d_Project3D
 *fill*         0x0000000000018e0c        0x4 60000000
 .text.tiny3d_Clear
                0x0000000000018e10      0x330 f:/PSDK3/ps3dev/portlibs/ppu/lib\libtiny3d.a(tiny3d.o)
                0x0000000000018e10                .tiny3d_Clear
 .text.tiny3d_ClearSurface
                0x0000000000019140      0x204 f:/PSDK3/ps3dev/portlibs/ppu/lib\libtiny3d.a(tiny3d.o)
                0x0000000000019140                .tiny3d_ClearSurface
 *fill*         0x0000000000019344        0x4 60000000
 .text.tiny3d_AlphaTest
                0x0000000000019348       0x88 f:/PSDK3/ps3dev/portlibs/ppu/lib\libtiny3d.a(tiny3d.o)
                0x0000000000019348                .tiny3d_AlphaTest
 .text.tiny3d_BlendFunc
                0x00000000000193d0       0x84 f:/PSDK3/ps3dev/portlibs/ppu/lib\libtiny3d.a(tiny3d.o)
                0x00000000000193d0                .tiny3d_BlendFunc
 *fill*         0x0000000000019454        0x4 60000000
 .text.tiny3d_SetTextureWrap
                0x0000000000019458      0x288 f:/PSDK3/ps3dev/portlibs/ppu/lib\libtiny3d.a(tiny3d.o)
                0x0000000000019458                .tiny3d_SetTextureWrap
 .text.tiny3d_SetTexture
                0x00000000000196e0      0x1e4 f:/PSDK3/ps3dev/portlibs/ppu/lib\libtiny3d.a(tiny3d.o)
                0x00000000000196e0                .tiny3d_SetTexture
 *fill*         0x00000000000198c4        0x4 60000000
 .text.tiny3d_AllocTexture
                0x00000000000198c8       0x38 f:/PSDK3/ps3dev/portlibs/ppu/lib\libtiny3d.a(tiny3d.o)
                0x00000000000198c8                .tiny3d_AllocTexture
 .text.tiny3d_TextureOffset
                0x0000000000019900       0x40 f:/PSDK3/ps3dev/portlibs/ppu/lib\libtiny3d.a(tiny3d.o)
                0x0000000000019900                .tiny3d_TextureOffset
 .text.tiny3d_EmissiveMaterial
                0x0000000000019940       0xf4 f:/PSDK3/ps3dev/portlibs/ppu/lib\libtiny3d.a(tiny3d.o)
                0x0000000000019940                .tiny3d_EmissiveMaterial
 *fill*         0x0000000000019a34        0x4 60000000
 .text.tiny3d_AmbientMaterial
                0x0000000000019a38       0xf4 f:/PSDK3/ps3dev/portlibs/ppu/lib\libtiny3d.a(tiny3d.o)
                0x0000000000019a38                .tiny3d_AmbientMaterial
 *fill*         0x0000000000019b2c        0x4 60000000
 .text.tiny3d_DiffuseMaterial
                0x0000000000019b30       0xf4 f:/PSDK3/ps3dev/portlibs/ppu/lib\libtiny3d.a(tiny3d.o)
                0x0000000000019b30                .tiny3d_DiffuseMaterial
 *fill*         0x0000000000019c24        0x4 60000000
 .text.tiny3d_SpecularMaterial
                0x0000000000019c28       0xf4 f:/PSDK3/ps3dev/portlibs/ppu/lib\libtiny3d.a(tiny3d.o)
                0x0000000000019c28                .tiny3d_SpecularMaterial
 *fill*         0x0000000000019d1c        0x4 60000000
 .text.tiny3d_SetLightCameraPosition
                0x0000000000019d20       0x38 f:/PSDK3/ps3dev/portlibs/ppu/lib\libtiny3d.a(tiny3d.o)
                0x0000000000019d20                .tiny3d_SetLightCameraPosition
 .text.tiny3d_SetLight
                0x0000000000019d58       0x90 f:/PSDK3/ps3dev/portlibs/ppu/lib\libtiny3d.a(tiny3d.o)
                0x0000000000019d58                .tiny3d_SetLight
 .text.tiny3d_SetLightsOff
                0x0000000000019de8       0x38 f:/PSDK3/ps3dev/portlibs/ppu/lib\libtiny3d.a(tiny3d.o)
                0x0000000000019de8                .tiny3d_SetLightsOff
 .text.tiny3d_SetAmbientLight
                0x0000000000019e20       0x38 f:/PSDK3/ps3dev/portlibs/ppu/lib\libtiny3d.a(tiny3d.o)
                0x0000000000019e20                .tiny3d_SetAmbientLight
 .text.tiny3d_SelMultiTexturesMethod
                0x0000000000019e58       0xac f:/PSDK3/ps3dev/portlibs/ppu/lib\libtiny3d.a(tiny3d.o)
                0x0000000000019e58                .tiny3d_SelMultiTexturesMethod
 *fill*         0x0000000000019f04        0x4 60000000
 .text.tiny3d_DrawList
                0x0000000000019f08      0x65c f:/PSDK3/ps3dev/portlibs/ppu/lib\libtiny3d.a(tiny3d.o)
                0x0000000000019f08                .tiny3d_DrawList
 *fill*         0x000000000001a564        0x4 60000000
 .text.tiny3d_MenuActive
                0x000000000001a568       0x1c f:/PSDK3/ps3dev/portlibs/ppu/lib\libtiny3d.a(tiny3d.o)
                0x000000000001a568                .tiny3d_MenuActive
 *fill*         0x000000000001a584        0x4 60000000
 .text.tiny3d_Enable_YUV
                0x000000000001a588       0x2c f:/PSDK3/ps3dev/portlibs/ppu/lib\libtiny3d.a(tiny3d.o)
                0x000000000001a588                .tiny3d_Enable_YUV
 *fill*         0x000000000001a5b4        0x4 60000000
 .text.tiny3d_Disable_YUV
                0x000000000001a5b8       0x28 f:/PSDK3/ps3dev/portlibs/ppu/lib\libtiny3d.a(tiny3d.o)
                0x000000000001a5b8                .tiny3d_Disable_YUV
 .text.tiny3d_Dirty_Status
                0x000000000001a5e0       0x78 f:/PSDK3/ps3dev/portlibs/ppu/lib\libtiny3d.a(tiny3d.o)
                0x000000000001a5e0                .tiny3d_Dirty_Status
 .text.tiny3d_Get_GCM_Context
                0x000000000001a658       0x18 f:/PSDK3/ps3dev/portlibs/ppu/lib\libtiny3d.a(tiny3d.o)
                0x000000000001a658                .tiny3d_Get_GCM_Context
 .text.tiny3d_DoCmd_Space
                0x000000000001a670       0x4c f:/PSDK3/ps3dev/portlibs/ppu/lib\libtiny3d.a(tiny3d.o)
                0x000000000001a670                .tiny3d_DoCmd_Space
 .text          0x000000000001a6bc        0x0 f:/PSDK3/ps3dev/portlibs/ppu/lib\libtiny3d.a(vshader_text_normal.vcg.o)
 .text          0x000000000001a6bc        0x0 f:/PSDK3/ps3dev/portlibs/ppu/lib\libtiny3d.a(commands.o)
 *fill*         0x000000000001a6bc        0x4 60000000
 .text.rsxtiny_MakeCmdSpace
                0x000000000001a6c0       0xec f:/PSDK3/ps3dev/portlibs/ppu/lib\libtiny3d.a(commands.o)
                0x000000000001a6c0                .rsxtiny_MakeCmdSpace
 *fill*         0x000000000001a7ac        0x4 60000000
 .text.rsxtiny_SetReferenceCommand
                0x000000000001a7b0      0x10c f:/PSDK3/ps3dev/portlibs/ppu/lib\libtiny3d.a(commands.o)
                0x000000000001a7b0                .rsxtiny_SetReferenceCommand
 *fill*         0x000000000001a8bc        0x4 60000000
 .text.rsxtiny_SetWriteBackendLabel
                0x000000000001a8c0      0x154 f:/PSDK3/ps3dev/portlibs/ppu/lib\libtiny3d.a(commands.o)
                0x000000000001a8c0                .rsxtiny_SetWriteBackendLabel
 *fill*         0x000000000001aa14        0x4 60000000
 .text.rsxtiny_SetWaitLabel
                0x000000000001aa18      0x134 f:/PSDK3/ps3dev/portlibs/ppu/lib\libtiny3d.a(commands.o)
                0x000000000001aa18                .rsxtiny_SetWaitLabel
 *fill*         0x000000000001ab4c        0x4 60000000
 .text.rsxtiny_SetScissor
                0x000000000001ab50      0x154 f:/PSDK3/ps3dev/portlibs/ppu/lib\libtiny3d.a(commands.o)
                0x000000000001ab50                .rsxtiny_SetScissor
 *fill*         0x000000000001aca4        0x4 60000000
 .text.rsxtiny_SetClearColor
                0x000000000001aca8      0x10c f:/PSDK3/ps3dev/portlibs/ppu/lib\libtiny3d.a(commands.o)
                0x000000000001aca8                .rsxtiny_SetClearColor
 *fill*         0x000000000001adb4        0x4 60000000
 .text.rsxtiny_SetClearDepthValue
                0x000000000001adb8      0x10c f:/PSDK3/ps3dev/portlibs/ppu/lib\libtiny3d.a(commands.o)
                0x000000000001adb8                .rsxtiny_SetClearDepthValue
 *fill*         0x000000000001aec4        0x4 60000000
 .text.rsxtiny_Nop
                0x000000000001aec8       0xfc f:/PSDK3/ps3dev/portlibs/ppu/lib\libtiny3d.a(commands.o)
                0x000000000001aec8                .rsxtiny_Nop
 *fill*         0x000000000001afc4        0x4 60000000
 .text.rsxtiny_ClearBuffers
                0x000000000001afc8      0x12c f:/PSDK3/ps3dev/portlibs/ppu/lib\libtiny3d.a(commands.o)
                0x000000000001afc8                .rsxtiny_ClearBuffers
 *fill*         0x000000000001b0f4        0x4 60000000
 .text.rsxtiny_SetRenderSurface
                0x000000000001b0f8      0x17c f:/PSDK3/ps3dev/portlibs/ppu/lib\libtiny3d.a(commands.o)
                0x000000000001b0f8                .rsxtiny_SetRenderSurface
 *fill*         0x000000000001b274        0x4 60000000
 .text.rsxtiny_SelectRenderTarget
                0x000000000001b278      0x204 f:/PSDK3/ps3dev/portlibs/ppu/lib\libtiny3d.a(commands.o)
                0x000000000001b278                .rsxtiny_SelectRenderTarget
 *fill*         0x000000000001b47c        0x4 60000000
 .text.rsxtiny_Viewport
                0x000000000001b480      0x12c f:/PSDK3/ps3dev/portlibs/ppu/lib\libtiny3d.a(commands.o)
                0x000000000001b480                .rsxtiny_Viewport
 *fill*         0x000000000001b5ac        0x4 60000000
 .text.rsxtiny_ViewportClip
                0x000000000001b5b0      0x14c f:/PSDK3/ps3dev/portlibs/ppu/lib\libtiny3d.a(commands.o)
                0x000000000001b5b0                .rsxtiny_ViewportClip
 *fill*         0x000000000001b6fc        0x4 60000000
 .text.rsxtiny_VertexBegin
                0x000000000001b700      0x10c f:/PSDK3/ps3dev/portlibs/ppu/lib\libtiny3d.a(commands.o)
                0x000000000001b700                .rsxtiny_VertexBegin
 *fill*         0x000000000001b80c        0x4 60000000
 .text.rsxtiny_VertexEnd
                0x000000000001b810       0xfc f:/PSDK3/ps3dev/portlibs/ppu/lib\libtiny3d.a(commands.o)
                0x000000000001b810                .rsxtiny_VertexEnd
 *fill*         0x000000000001b90c        0x4 60000000
 .text.rsxtiny_Vertex4f
                0x000000000001b910      0x134 f:/PSDK3/ps3dev/portlibs/ppu/lib\libtiny3d.a(commands.o)
                0x000000000001b910                .rsxtiny_Vertex4f
 *fill*         0x000000000001ba44        0x4 60000000
 .text.rsxtiny_TexCoord2f
                0x000000000001ba48      0x114 f:/PSDK3/ps3dev/portlibs/ppu/lib\libtiny3d.a(commands.o)
                0x000000000001ba48                .rsxtiny_TexCoord2f
 *fill*         0x000000000001bb5c        0x4 60000000
 .text.rsxtiny_SetVertexProgramConstant4f
                0x000000000001bb60      0x14c f:/PSDK3/ps3dev/portlibs/ppu/lib\libtiny3d.a(commands.o)
                0x000000000001bb60                .rsxtiny_SetVertexProgramConstant4f
 *fill*         0x000000000001bcac        0x4 60000000
 .text.rsxtiny_LoadVertexProgram
                0x000000000001bcb0      0x2f4 f:/PSDK3/ps3dev/portlibs/ppu/lib\libtiny3d.a(commands.o)
                0x000000000001bcb0                .rsxtiny_LoadVertexProgram
 *fill*         0x000000000001bfa4        0x4 60000000
 .text.rsxtiny_SetVertexProgramConstant4fBlock
                0x000000000001bfa8      0x160 f:/PSDK3/ps3dev/portlibs/ppu/lib\libtiny3d.a(commands.o)
                0x000000000001bfa8                .rsxtiny_SetVertexProgramConstant4fBlock
 .text.rsxtiny_InstallFragmentProgram
                0x000000000001c108       0x70 f:/PSDK3/ps3dev/portlibs/ppu/lib\libtiny3d.a(commands.o)
                0x000000000001c108                .rsxtiny_InstallFragmentProgram
 .text.rsxtiny_LoadFragmentProgram
                0x000000000001c178      0x13c f:/PSDK3/ps3dev/portlibs/ppu/lib\libtiny3d.a(commands.o)
                0x000000000001c178                .rsxtiny_LoadFragmentProgram
 *fill*         0x000000000001c2b4        0x4 60000000
 .text.rsxtiny_InvalidateTextureCache
                0x000000000001c2b8      0x10c f:/PSDK3/ps3dev/portlibs/ppu/lib\libtiny3d.a(commands.o)
                0x000000000001c2b8                .rsxtiny_InvalidateTextureCache
 *fill*         0x000000000001c3c4        0x4 60000000
 .text.rsxtiny_SetTexture
                0x000000000001c3c8      0x204 f:/PSDK3/ps3dev/portlibs/ppu/lib\libtiny3d.a(commands.o)
                0x000000000001c3c8                .rsxtiny_SetTexture
 *fill*         0x000000000001c5cc        0x4 60000000
 .text.rsxtiny_ViewportTranslate
                0x000000000001c5d0      0x134 f:/PSDK3/ps3dev/portlibs/ppu/lib\libtiny3d.a(commands.o)
                0x000000000001c5d0                .rsxtiny_ViewportTranslate
 *fill*         0x000000000001c704        0x4 60000000
 .text.rsxtiny_ViewportScale
                0x000000000001c708      0x134 f:/PSDK3/ps3dev/portlibs/ppu/lib\libtiny3d.a(commands.o)
                0x000000000001c708                .rsxtiny_ViewportScale
 *fill*         0x000000000001c83c        0x4 60000000
 .text.rsxtiny_CullFace
                0x000000000001c840      0x10c f:/PSDK3/ps3dev/portlibs/ppu/lib\libtiny3d.a(commands.o)
                0x000000000001c840                .rsxtiny_CullFace
 *fill*         0x000000000001c94c        0x4 60000000
 .text.rsxtiny_FrontFace
                0x000000000001c950      0x10c f:/PSDK3/ps3dev/portlibs/ppu/lib\libtiny3d.a(commands.o)
                0x000000000001c950                .rsxtiny_FrontFace
 *fill*         0x000000000001ca5c        0x4 60000000
 .text.rsxtiny_CullEnable
                0x000000000001ca60      0x10c f:/PSDK3/ps3dev/portlibs/ppu/lib\libtiny3d.a(commands.o)
                0x000000000001ca60                .rsxtiny_CullEnable
 *fill*         0x000000000001cb6c        0x4 60000000
 .text.rsxtiny_AlphaEnable
                0x000000000001cb70      0x10c f:/PSDK3/ps3dev/portlibs/ppu/lib\libtiny3d.a(commands.o)
                0x000000000001cb70                .rsxtiny_AlphaEnable
 *fill*         0x000000000001cc7c        0x4 60000000
 .text.rsxtiny_AlphaRef
                0x000000000001cc80      0x10c f:/PSDK3/ps3dev/portlibs/ppu/lib\libtiny3d.a(commands.o)
                0x000000000001cc80                .rsxtiny_AlphaRef
 *fill*         0x000000000001cd8c        0x4 60000000
 .text.rsxtiny_AlphaFunc
                0x000000000001cd90      0x10c f:/PSDK3/ps3dev/portlibs/ppu/lib\libtiny3d.a(commands.o)
                0x000000000001cd90                .rsxtiny_AlphaFunc
 *fill*         0x000000000001ce9c        0x4 60000000
 .text.rsxtiny_BlendEnable
                0x000000000001cea0      0x10c f:/PSDK3/ps3dev/portlibs/ppu/lib\libtiny3d.a(commands.o)
                0x000000000001cea0                .rsxtiny_BlendEnable
 *fill*         0x000000000001cfac        0x4 60000000
 .text.rsxtiny_BlendEquation
                0x000000000001cfb0      0x10c f:/PSDK3/ps3dev/portlibs/ppu/lib\libtiny3d.a(commands.o)
                0x000000000001cfb0                .rsxtiny_BlendEquation
 *fill*         0x000000000001d0bc        0x4 60000000
 .text.rsxtiny_BlendFunc
                0x000000000001d0c0      0x124 f:/PSDK3/ps3dev/portlibs/ppu/lib\libtiny3d.a(commands.o)
                0x000000000001d0c0                .rsxtiny_BlendFunc
 *fill*         0x000000000001d1e4        0x4 60000000
 .text.rsxtiny_ZControl
                0x000000000001d1e8      0x13c f:/PSDK3/ps3dev/portlibs/ppu/lib\libtiny3d.a(commands.o)
                0x000000000001d1e8                .rsxtiny_ZControl
 *fill*         0x000000000001d324        0x4 60000000
 .text.rsxtiny_BindVertexBufferAttribute
                0x000000000001d328      0x194 f:/PSDK3/ps3dev/portlibs/ppu/lib\libtiny3d.a(commands.o)
                0x000000000001d328                .rsxtiny_BindVertexBufferAttribute
 *fill*         0x000000000001d4bc        0x4 60000000
 .text.rsxtiny_VertexInvalidate
                0x000000000001d4c0      0x10c f:/PSDK3/ps3dev/portlibs/ppu/lib\libtiny3d.a(commands.o)
                0x000000000001d4c0                .rsxtiny_VertexInvalidate
 *fill*         0x000000000001d5cc        0x4 60000000
 .text.rsxtiny_DrawVertexBuffer
                0x000000000001d5d0      0x2f0 f:/PSDK3/ps3dev/portlibs/ppu/lib\libtiny3d.a(commands.o)
                0x000000000001d5d0                .rsxtiny_DrawVertexBuffer
 .text.rsxtiny_DrawVertexBufferIndex
                0x000000000001d8c0      0x33c f:/PSDK3/ps3dev/portlibs/ppu/lib\libtiny3d.a(commands.o)
                0x000000000001d8c0                .rsxtiny_DrawVertexBufferIndex
 *fill*         0x000000000001dbfc        0x4 60000000
 .text.rsxtiny_DepthTestEnable
                0x000000000001dc00      0x10c f:/PSDK3/ps3dev/portlibs/ppu/lib\libtiny3d.a(commands.o)
                0x000000000001dc00                .rsxtiny_DepthTestEnable
 *fill*         0x000000000001dd0c        0x4 60000000
 .text.rsxtiny_DepthTestFunc
                0x000000000001dd10      0x10c f:/PSDK3/ps3dev/portlibs/ppu/lib\libtiny3d.a(commands.o)
                0x000000000001dd10                .rsxtiny_DepthTestFunc
 *fill*         0x000000000001de1c        0x4 60000000
 .text.rsxtiny_DepthWriteEnable
                0x000000000001de20      0x10c f:/PSDK3/ps3dev/portlibs/ppu/lib\libtiny3d.a(commands.o)
                0x000000000001de20                .rsxtiny_DepthWriteEnable
 .text          0x000000000001df2c        0x0 f:/PSDK3/ps3dev/portlibs/ppu/lib\libtiny3d.a(glue.o)
 *fill*         0x000000000001df2c        0x4 60000000
 .text.rsxtiny_FlushBuffer
                0x000000000001df30       0x78 f:/PSDK3/ps3dev/portlibs/ppu/lib\libtiny3d.a(glue.o)
                0x000000000001df30                .rsxtiny_FlushBuffer
 .text.rsxtiny_Init
                0x000000000001dfa8       0x58 f:/PSDK3/ps3dev/portlibs/ppu/lib\libtiny3d.a(glue.o)
                0x000000000001dfa8                .rsxtiny_Init
 .text.rsxtiny_AddressToOffset
                0x000000000001e000       0x30 f:/PSDK3/ps3dev/portlibs/ppu/lib\libtiny3d.a(glue.o)
                0x000000000001e000                .rsxtiny_AddressToOffset
 .text          0x000000000001e030        0x0 f:/PSDK3/ps3dev/portlibs/ppu/lib\libtiny3d.a(mm.o)
 .text.rsxtiny_MemAlign
                0x000000000001e030      0x134 f:/PSDK3/ps3dev/portlibs/ppu/lib\libtiny3d.a(mm.o)
                0x000000000001e030                .rsxtiny_MemAlign
 *fill*         0x000000000001e164        0x4 60000000
 .text.rsxtiny_Mem
                0x000000000001e168       0x18 f:/PSDK3/ps3dev/portlibs/ppu/lib\libtiny3d.a(mm.o)
                0x000000000001e168                .rsxtiny_Mem
 .text          0x000000000001e180        0x0 f:/PSDK3/ps3dev/portlibs/ppu/lib\libtiny3d.a(realityVP.o)
 .text.rsxtiny_VertexProgramGetUCode
                0x000000000001e180       0x18 f:/PSDK3/ps3dev/portlibs/ppu/lib\libtiny3d.a(realityVP.o)
                0x000000000001e180                .rsxtiny_VertexProgramGetUCode
 .text.rsxtiny_VertexProgramGetInputMask
                0x000000000001e198       0x14 f:/PSDK3/ps3dev/portlibs/ppu/lib\libtiny3d.a(realityVP.o)
                0x000000000001e198                .rsxtiny_VertexProgramGetInputMask
 *fill*         0x000000000001e1ac        0x4 60000000
 .text.rsxtiny_VertexProgramGetOutputMask
                0x000000000001e1b0       0x14 f:/PSDK3/ps3dev/portlibs/ppu/lib\libtiny3d.a(realityVP.o)
                0x000000000001e1b0                .rsxtiny_VertexProgramGetOutputMask
 *fill*         0x000000000001e1c4        0x4 60000000
 .text.rsxtiny_VertexProgramGetAttributes
                0x000000000001e1c8       0x18 f:/PSDK3/ps3dev/portlibs/ppu/lib\libtiny3d.a(realityVP.o)
                0x000000000001e1c8                .rsxtiny_VertexProgramGetAttributes
 .text.rsxtiny_VertexProgramGetInputAttribute
                0x000000000001e1e0       0xe4 f:/PSDK3/ps3dev/portlibs/ppu/lib\libtiny3d.a(realityVP.o)
                0x000000000001e1e0                .rsxtiny_VertexProgramGetInputAttribute
 *fill*         0x000000000001e2c4        0x4 60000000
 .text.rsxtiny_VertexProgramGetConstants
                0x000000000001e2c8       0x18 f:/PSDK3/ps3dev/portlibs/ppu/lib\libtiny3d.a(realityVP.o)
                0x000000000001e2c8                .rsxtiny_VertexProgramGetConstants
 .text.rsxtiny_VertexProgramGetConstant
                0x000000000001e2e0       0xe4 f:/PSDK3/ps3dev/portlibs/ppu/lib\libtiny3d.a(realityVP.o)
                0x000000000001e2e0                .rsxtiny_VertexProgramGetConstant
 .text          0x000000000001e3c4        0x0 f:/PSDK3/ps3dev/portlibs/ppu/lib\libtiny3d.a(buffer.o)
 *fill*         0x000000000001e3c4        0x4 60000000
 .text.tiny_rsxContextCallback
                0x000000000001e3c8       0x50 f:/PSDK3/ps3dev/portlibs/ppu/lib\libtiny3d.a(buffer.o)
                0x000000000001e3c8                .tiny_rsxContextCallback
 .text.commandBufferPut
                0x000000000001e418       0x20 f:/PSDK3/ps3dev/portlibs/ppu/lib\libtiny3d.a(buffer.o)
                0x000000000001e418                .commandBufferPut
 .text          0x000000000001e438        0x0 f:/PSDK3/psl1ght/ppu/lib\libgcm_sys.a(sprx.o)
 .text          0x000000000001e438        0x0 f:/PSDK3/psl1ght/ppu/lib\libio.a(sprx.o)
 .text          0x000000000001e438        0x0 f:/PSDK3/psl1ght/ppu/lib\libsysutil.a(sprx.o)
 .text          0x000000000001e438        0x0 f:/PSDK3/psl1ght/ppu/lib\libsysutil.a(sysutil_wrapper.o)
 .text.sysUtilRegisterCallback
                0x000000000001e438       0x34 f:/PSDK3/psl1ght/ppu/lib\libsysutil.a(sysutil_wrapper.o)
                0x000000000001e438                .sysUtilRegisterCallback
 *fill*         0x000000000001e46c        0x4 60000000
 .text.msgDialogOpen
                0x000000000001e470       0x34 f:/PSDK3/psl1ght/ppu/lib\libsysutil.a(sysutil_wrapper.o)
                0x000000000001e470                .msgDialogOpen
 *fill*         0x000000000001e4a4        0x4 60000000
 .text.msgDialogOpen2
                0x000000000001e4a8       0x34 f:/PSDK3/psl1ght/ppu/lib\libsysutil.a(sysutil_wrapper.o)
                0x000000000001e4a8                .msgDialogOpen2
 *fill*         0x000000000001e4dc        0x4 60000000
 .text.msgDialogOpenErrorCode
                0x000000000001e4e0       0x34 f:/PSDK3/psl1ght/ppu/lib\libsysutil.a(sysutil_wrapper.o)
                0x000000000001e4e0                .msgDialogOpenErrorCode
 *fill*         0x000000000001e514        0x4 60000000
 .text.sysSaveListLoad2
                0x000000000001e518       0x3c f:/PSDK3/psl1ght/ppu/lib\libsysutil.a(sysutil_wrapper.o)
                0x000000000001e518                .sysSaveListLoad2
 *fill*         0x000000000001e554        0x4 60000000
 .text.sysSaveListSave2
                0x000000000001e558       0x3c f:/PSDK3/psl1ght/ppu/lib\libsysutil.a(sysutil_wrapper.o)
                0x000000000001e558                .sysSaveListSave2
 *fill*         0x000000000001e594        0x4 60000000
 .text.sysSaveListAutoLoad
                0x000000000001e598       0x44 f:/PSDK3/psl1ght/ppu/lib\libsysutil.a(sysutil_wrapper.o)
                0x000000000001e598                .sysSaveListAutoLoad
 *fill*         0x000000000001e5dc        0x4 60000000
 .text.sysSaveListAutoSave
                0x000000000001e5e0       0x44 f:/PSDK3/psl1ght/ppu/lib\libsysutil.a(sysutil_wrapper.o)
                0x000000000001e5e0                .sysSaveListAutoSave
 *fill*         0x000000000001e624        0x4 60000000
 .text.sysSaveFixedLoad2
                0x000000000001e628       0x3c f:/PSDK3/psl1ght/ppu/lib\libsysutil.a(sysutil_wrapper.o)
                0x000000000001e628                .sysSaveFixedLoad2
 *fill*         0x000000000001e664        0x4 60000000
 .text.sysSaveFixedSave2
                0x000000000001e668       0x3c f:/PSDK3/psl1ght/ppu/lib\libsysutil.a(sysutil_wrapper.o)
                0x000000000001e668                .sysSaveFixedSave2
 *fill*         0x000000000001e6a4        0x4 60000000
 .text.sysSaveAutoLoad2
                0x000000000001e6a8       0x38 f:/PSDK3/psl1ght/ppu/lib\libsysutil.a(sysutil_wrapper.o)
                0x000000000001e6a8                .sysSaveAutoLoad2
 .text.sysSaveAutoSave2
                0x000000000001e6e0       0x38 f:/PSDK3/psl1ght/ppu/lib\libsysutil.a(sysutil_wrapper.o)
                0x000000000001e6e0                .sysSaveAutoSave2
 .text.sysGameThemeInstallFromBuffer
                0x000000000001e718       0x34 f:/PSDK3/psl1ght/ppu/lib\libsysutil.a(sysutil_wrapper.o)
                0x000000000001e718                .sysGameThemeInstallFromBuffer
 *fill*         0x000000000001e74c        0x4 60000000
 .text.sysGameDiscRegisterDiscChangeCallback
                0x000000000001e750       0x38 f:/PSDK3/psl1ght/ppu/lib\libsysutil.a(sysutil_wrapper.o)
                0x000000000001e750                .sysGameDiscRegisterDiscChangeCallback
 .text.sysDiscRegisterDiscChangeCallback
                0x000000000001e788       0x38 f:/PSDK3/psl1ght/ppu/lib\libsysutil.a(sysutil_wrapper.o)
                0x000000000001e788                .sysDiscRegisterDiscChangeCallback
 .text          0x000000000001e7c0        0x0 f:/PSDK3/psl1ght/ppu/lib\librt.a(sbrk.o)
 .text.sbrk_init
                0x000000000001e7c0       0xc4 f:/PSDK3/psl1ght/ppu/lib\librt.a(sbrk.o)
 *fill*         0x000000000001e884        0x4 60000000
 .text.sbrk_deinit
                0x000000000001e888       0xbc f:/PSDK3/psl1ght/ppu/lib\librt.a(sbrk.o)
 *fill*         0x000000000001e944        0x4 60000000
 .text.__librt_sbrk_r
                0x000000000001e948      0x324 f:/PSDK3/psl1ght/ppu/lib\librt.a(sbrk.o)
                0x000000000001e948                .__librt_sbrk_r
 .text          0x000000000001ec6c        0x0 f:/PSDK3/psl1ght/ppu/lib\librt.a(exit.o)
 *fill*         0x000000000001ec6c        0x4 60000000
 .text.__librt_exit
                0x000000000001ec70       0x30 f:/PSDK3/psl1ght/ppu/lib\librt.a(exit.o)
                0x000000000001ec70                .__librt_exit
 .text          0x000000000001eca0        0x0 f:/PSDK3/psl1ght/ppu/lib\librt.a(close.o)
 .text.__librt_close_r
                0x000000000001eca0       0x8c f:/PSDK3/psl1ght/ppu/lib\librt.a(close.o)
                0x000000000001eca0                .__librt_close_r
 .text          0x000000000001ed2c        0x0 f:/PSDK3/psl1ght/ppu/lib\librt.a(lseek.o)
 *fill*         0x000000000001ed2c        0x4 60000000
 .text.__librt_lseek_r
                0x000000000001ed30       0x8c f:/PSDK3/psl1ght/ppu/lib\librt.a(lseek.o)
                0x000000000001ed30                .__librt_lseek_r
 *fill*         0x000000000001edbc        0x4 60000000
 .text.__librt_lseek64_r
                0x000000000001edc0       0x8c f:/PSDK3/psl1ght/ppu/lib\librt.a(lseek.o)
                0x000000000001edc0                .__librt_lseek64_r
 .text          0x000000000001ee4c        0x0 f:/PSDK3/psl1ght/ppu/lib\librt.a(read.o)
 *fill*         0x000000000001ee4c        0x4 60000000
 .text.__librt_read_r
                0x000000000001ee50      0x11c f:/PSDK3/psl1ght/ppu/lib\librt.a(read.o)
                0x000000000001ee50                .__librt_read_r
 .text          0x000000000001ef6c        0x0 f:/PSDK3/psl1ght/ppu/lib\librt.a(open.o)
 *fill*         0x000000000001ef6c        0x4 60000000
 .text.__librt_open_r
                0x000000000001ef70      0x180 f:/PSDK3/psl1ght/ppu/lib\librt.a(open.o)
                0x000000000001ef70                .__librt_open_r
 .text          0x000000000001f0f0        0x0 f:/PSDK3/psl1ght/ppu/lib\librt.a(sleep.o)
 .text.__librt_usleep_r
                0x000000000001f0f0       0x50 f:/PSDK3/psl1ght/ppu/lib\librt.a(sleep.o)
                0x000000000001f0f0                .__librt_usleep_r
 .text.__librt_sleep_r
                0x000000000001f140       0x8c f:/PSDK3/psl1ght/ppu/lib\librt.a(sleep.o)
                0x000000000001f140                .__librt_sleep_r
 .text          0x000000000001f1cc        0x0 f:/PSDK3/psl1ght/ppu/lib\librt.a(write.o)
 *fill*         0x000000000001f1cc        0x4 60000000
 .text.__librt_write_r
                0x000000000001f1d0      0x11c f:/PSDK3/psl1ght/ppu/lib\librt.a(write.o)
                0x000000000001f1d0                .__librt_write_r
 .text          0x000000000001f2ec        0x0 f:/PSDK3/psl1ght/ppu/lib\librt.a(fstat.o)
 *fill*         0x000000000001f2ec        0x4 60000000
 .text.__librt_fstat_r
                0x000000000001f2f0       0xd0 f:/PSDK3/psl1ght/ppu/lib\librt.a(fstat.o)
                0x000000000001f2f0                .__librt_fstat_r
 .text.__librt_fstat64_r
                0x000000000001f3c0       0xd0 f:/PSDK3/psl1ght/ppu/lib\librt.a(fstat.o)
                0x000000000001f3c0                .__librt_fstat64_r
 .text.__librt_stat_r
                0x000000000001f490       0xd0 f:/PSDK3/psl1ght/ppu/lib\librt.a(fstat.o)
                0x000000000001f490                .__librt_stat_r
 .text.__librt_stat64_r
                0x000000000001f560       0xd0 f:/PSDK3/psl1ght/ppu/lib\librt.a(fstat.o)
                0x000000000001f560                .__librt_stat64_r
 .text          0x000000000001f630        0x0 f:/PSDK3/psl1ght/ppu/lib\librt.a(socket.o)
 .text.accept   0x000000000001f630       0xa0 f:/PSDK3/psl1ght/ppu/lib\librt.a(socket.o)
                0x000000000001f630                .accept
 .text.bind     0x000000000001f6d0       0x48 f:/PSDK3/psl1ght/ppu/lib\librt.a(socket.o)
                0x000000000001f6d0                .bind
 .text.connect  0x000000000001f718       0x48 f:/PSDK3/psl1ght/ppu/lib\librt.a(socket.o)
                0x000000000001f718                .connect
 .text.listen   0x000000000001f760       0x48 f:/PSDK3/psl1ght/ppu/lib\librt.a(socket.o)
                0x000000000001f760                .listen
 .text.socket   0x000000000001f7a8       0x54 f:/PSDK3/psl1ght/ppu/lib\librt.a(socket.o)
                0x000000000001f7a8                .socket
 *fill*         0x000000000001f7fc        0x4 60000000
 .text.send     0x000000000001f800       0x50 f:/PSDK3/psl1ght/ppu/lib\librt.a(socket.o)
                0x000000000001f800                .send
 .text.sendto   0x000000000001f850       0x48 f:/PSDK3/psl1ght/ppu/lib\librt.a(socket.o)
                0x000000000001f850                .sendto
 .text.recv     0x000000000001f898       0x50 f:/PSDK3/psl1ght/ppu/lib\librt.a(socket.o)
                0x000000000001f898                .recv
 .text.recvfrom
                0x000000000001f8e8       0x98 f:/PSDK3/psl1ght/ppu/lib\librt.a(socket.o)
                0x000000000001f8e8                .recvfrom
 .text.shutdown
                0x000000000001f980       0x48 f:/PSDK3/psl1ght/ppu/lib\librt.a(socket.o)
                0x000000000001f980                .shutdown
 .text.inet_aton
                0x000000000001f9c8       0xb8 f:/PSDK3/psl1ght/ppu/lib\librt.a(socket.o)
                0x000000000001f9c8                .inet_aton
 .text.inet_pton
                0x000000000001fa80       0x54 f:/PSDK3/psl1ght/ppu/lib\librt.a(socket.o)
                0x000000000001fa80                .inet_pton
 *fill*         0x000000000001fad4        0x4 60000000
 .text.select   0x000000000001fad8       0x3c f:/PSDK3/psl1ght/ppu/lib\librt.a(socket.o)
                0x000000000001fad8                .select
 *fill*         0x000000000001fb14        0x4 60000000
 .text.closesocket
                0x000000000001fb18       0x48 f:/PSDK3/psl1ght/ppu/lib\librt.a(socket.o)
                0x000000000001fb18                .closesocket
 .text          0x000000000001fb60        0x0 f:/PSDK3/psl1ght/ppu/lib\librt.a(lock.o)
 .text.__librt_sys_lwmutex_create_r
                0x000000000001fb60       0x38 f:/PSDK3/psl1ght/ppu/lib\librt.a(lock.o)
                0x000000000001fb60                .__librt_sys_lwmutex_create_r
 .text.__librt_sys_lwmutex_destroy_r
                0x000000000001fb98       0x34 f:/PSDK3/psl1ght/ppu/lib\librt.a(lock.o)
                0x000000000001fb98                .__librt_sys_lwmutex_destroy_r
 *fill*         0x000000000001fbcc        0x4 60000000
 .text.__librt_sys_lwmutex_lock_r
                0x000000000001fbd0       0x38 f:/PSDK3/psl1ght/ppu/lib\librt.a(lock.o)
                0x000000000001fbd0                .__librt_sys_lwmutex_lock_r
 .text.__librt_sys_lwmutex_trylock_r
                0x000000000001fc08       0x34 f:/PSDK3/psl1ght/ppu/lib\librt.a(lock.o)
                0x000000000001fc08                .__librt_sys_lwmutex_trylock_r
 *fill*         0x000000000001fc3c        0x4 60000000
 .text.__librt_sys_lwmutex_unlock_r
                0x000000000001fc40       0x34 f:/PSDK3/psl1ght/ppu/lib\librt.a(lock.o)
                0x000000000001fc40                .__librt_sys_lwmutex_unlock_r
 .text          0x000000000001fc74        0x0 f:/PSDK3/psl1ght/ppu/lib\librt.a(dirent.o)
 *fill*         0x000000000001fc74        0x4 60000000
 .text.readdir_i
                0x000000000001fc78      0x10c f:/PSDK3/psl1ght/ppu/lib\librt.a(dirent.o)
 *fill*         0x000000000001fd84        0x4 60000000
 .text.__librt_opendir_r
                0x000000000001fd88      0x144 f:/PSDK3/psl1ght/ppu/lib\librt.a(dirent.o)
                0x000000000001fd88                .__librt_opendir_r
 *fill*         0x000000000001fecc        0x4 60000000
 .text.__librt_readdir_r
                0x000000000001fed0       0x80 f:/PSDK3/psl1ght/ppu/lib\librt.a(dirent.o)
                0x000000000001fed0                .__librt_readdir_r
 .text.__librt_readdir_r_r
                0x000000000001ff50       0x54 f:/PSDK3/psl1ght/ppu/lib\librt.a(dirent.o)
                0x000000000001ff50                .__librt_readdir_r_r
 *fill*         0x000000000001ffa4        0x4 60000000
 .text.__librt_closedir_r
                0x000000000001ffa8       0x84 f:/PSDK3/psl1ght/ppu/lib\librt.a(dirent.o)
                0x000000000001ffa8                .__librt_closedir_r
 *fill*         0x000000000002002c        0x4 60000000
 .text.__librt_telldir_r
                0x0000000000020030       0x24 f:/PSDK3/psl1ght/ppu/lib\librt.a(dirent.o)
                0x0000000000020030                .__librt_telldir_r
 *fill*         0x0000000000020054        0x4 60000000
 .text.__librt_rewinddir_r
                0x0000000000020058       0x18 f:/PSDK3/psl1ght/ppu/lib\librt.a(dirent.o)
                0x0000000000020058                .__librt_rewinddir_r
 .text.__librt_seekdir_r
                0x0000000000020070       0x18 f:/PSDK3/psl1ght/ppu/lib\librt.a(dirent.o)
                0x0000000000020070                .__librt_seekdir_r
 .text          0x0000000000020088        0x0 f:/PSDK3/psl1ght/ppu/lib\librt.a(mkdir.o)
 .text.__librt_mkdir_r
                0x0000000000020088       0x60 f:/PSDK3/psl1ght/ppu/lib\librt.a(mkdir.o)
                0x0000000000020088                .__librt_mkdir_r
 .text          0x00000000000200e8        0x0 f:/PSDK3/psl1ght/ppu/lib\librt.a(times.o)
 .text.__librt_times_r
                0x00000000000200e8       0x1c f:/PSDK3/psl1ght/ppu/lib\librt.a(times.o)
                0x00000000000200e8                .__librt_times_r
 .text          0x0000000000020104        0x0 f:/PSDK3/psl1ght/ppu/lib\librt.a(umask.o)
 *fill*         0x0000000000020104        0x4 60000000
 .text.__librt_umask_r
                0x0000000000020108       0x20 f:/PSDK3/psl1ght/ppu/lib\librt.a(umask.o)
                0x0000000000020108                .__librt_umask_r
 .text          0x0000000000020128        0x0 f:/PSDK3/psl1ght/ppu/lib\librt.a(lv2errno.o)
 .text.lv2error
                0x0000000000020128      0x3dc f:/PSDK3/psl1ght/ppu/lib\librt.a(lv2errno.o)
                0x0000000000020128                .lv2error
 *fill*         0x0000000000020504        0x4 60000000
 .text.lv2errno
                0x0000000000020508       0x68 f:/PSDK3/psl1ght/ppu/lib\librt.a(lv2errno.o)
                0x0000000000020508                .lv2errno
 .text.lv2errno_r
                0x0000000000020570       0x58 f:/PSDK3/psl1ght/ppu/lib\librt.a(lv2errno.o)
                0x0000000000020570                .lv2errno_r
 .text          0x00000000000205c8        0x0 f:/PSDK3/psl1ght/ppu/lib\librt.a(heap.o)
 .text.heapInit
                0x00000000000205c8       0xe8 f:/PSDK3/psl1ght/ppu/lib\librt.a(heap.o)
                0x00000000000205c8                .heapInit
 .text.heapAllocate
                0x00000000000206b0      0x174 f:/PSDK3/psl1ght/ppu/lib\librt.a(heap.o)
                0x00000000000206b0                .heapAllocate
 *fill*         0x0000000000020824        0x4 60000000
 .text.heapAllocateAligned
                0x0000000000020828      0x224 f:/PSDK3/psl1ght/ppu/lib\librt.a(heap.o)
                0x0000000000020828                .heapAllocateAligned
 *fill*         0x0000000000020a4c        0x4 60000000
 .text.heapFree
                0x0000000000020a50      0x224 f:/PSDK3/psl1ght/ppu/lib\librt.a(heap.o)
                0x0000000000020a50                .heapFree
 .text          0x0000000000020c74        0x0 f:/PSDK3/psl1ght/ppu/lib\librt.a(chmod.o)
 *fill*         0x0000000000020c74        0x4 60000000
 .text.__librt_chmod_r
                0x0000000000020c78       0x54 f:/PSDK3/psl1ght/ppu/lib\librt.a(chmod.o)
                0x0000000000020c78                .__librt_chmod_r
 .text          0x0000000000020ccc        0x0 f:/PSDK3/psl1ght/ppu/lib\librt.a(rmdir.o)
 *fill*         0x0000000000020ccc        0x4 60000000
 .text.__librt_rmdir_r
                0x0000000000020cd0       0x50 f:/PSDK3/psl1ght/ppu/lib\librt.a(rmdir.o)
                0x0000000000020cd0                .__librt_rmdir_r
 .text          0x0000000000020d20        0x0 f:/PSDK3/psl1ght/ppu/lib\librt.a(isatty.o)
 .text.__librt_isatty_r
                0x0000000000020d20       0x2c f:/PSDK3/psl1ght/ppu/lib\librt.a(isatty.o)
                0x0000000000020d20                .__librt_isatty_r
 .text          0x0000000000020d4c        0x0 f:/PSDK3/psl1ght/ppu/lib\librt.a(gettod.o)
 *fill*         0x0000000000020d4c        0x4 60000000
 .text.__librt_gettod_r
                0x0000000000020d50       0xb8 f:/PSDK3/psl1ght/ppu/lib\librt.a(gettod.o)
                0x0000000000020d50                .__librt_gettod_r
 .text          0x0000000000020e08        0x0 f:/PSDK3/psl1ght/ppu/lib\librt.a(settod.o)
 .text.__librt_settod_r
                0x0000000000020e08       0x58 f:/PSDK3/psl1ght/ppu/lib\librt.a(settod.o)
                0x0000000000020e08                .__librt_settod_r
 .text          0x0000000000020e60        0x0 f:/PSDK3/psl1ght/ppu/lib\liblv2.a(sprx.o)
 .text          0x0000000000020e60        0x0 f:/PSDK3/psl1ght/ppu/lib\libpngdec.a(pngdec.o)
 .text.png_malloc
                0x0000000000020e60       0x30 f:/PSDK3/psl1ght/ppu/lib\libpngdec.a(pngdec.o)
 .text.png_free
                0x0000000000020e90       0x30 f:/PSDK3/psl1ght/ppu/lib\libpngdec.a(pngdec.o)
 .text.decodePNG
                0x0000000000020ec0      0x298 f:/PSDK3/psl1ght/ppu/lib\libpngdec.a(pngdec.o)
 .text.pngLoadFromFile
                0x0000000000021158       0x60 f:/PSDK3/psl1ght/ppu/lib\libpngdec.a(pngdec.o)
                0x0000000000021158                .pngLoadFromFile
 .text.pngLoadFromBuffer
                0x00000000000211b8       0x70 f:/PSDK3/psl1ght/ppu/lib\libpngdec.a(pngdec.o)
                0x00000000000211b8                .pngLoadFromBuffer
 .text          0x0000000000021228        0x0 f:/PSDK3/psl1ght/ppu/lib\libpngdec.a(sprx.o)
 .text          0x0000000000021228        0x0 f:/PSDK3/psl1ght/ppu/lib\libsysmodule.a(sprx.o)
 .text          0x0000000000021228        0x0 f:/psdk3/ps3dev/ppu/bin/../lib/gcc/powerpc64-ps3-elf/4.5.2/../../../../powerpc64-ps3-elf/lib\libm.a(lib_a-s_sqrt.o)
 .text.sqrt     0x0000000000021228      0x1b0 f:/psdk3/ps3dev/ppu/bin/../lib/gcc/powerpc64-ps3-elf/4.5.2/../../../../powerpc64-ps3-elf/lib\libm.a(lib_a-s_sqrt.o)
                0x0000000000021228                .sqrt
 .text          0x00000000000213d8        0x0 f:/psdk3/ps3dev/ppu/bin/../lib/gcc/powerpc64-ps3-elf/4.5.2/../../../../powerpc64-ps3-elf/lib\libm.a(lib_a-sf_cos.o)
 .text.cosf     0x00000000000213d8       0x34 f:/psdk3/ps3dev/ppu/bin/../lib/gcc/powerpc64-ps3-elf/4.5.2/../../../../powerpc64-ps3-elf/lib\libm.a(lib_a-sf_cos.o)
                0x00000000000213d8                .cosf
 .text          0x000000000002140c        0x0 f:/psdk3/ps3dev/ppu/bin/../lib/gcc/powerpc64-ps3-elf/4.5.2/../../../../powerpc64-ps3-elf/lib\libm.a(lib_a-sf_sin.o)
 *fill*         0x000000000002140c        0x4 60000000
 .text.sinf     0x0000000000021410       0x34 f:/psdk3/ps3dev/ppu/bin/../lib/gcc/powerpc64-ps3-elf/4.5.2/../../../../powerpc64-ps3-elf/lib\libm.a(lib_a-sf_sin.o)
                0x0000000000021410                .sinf
 .text          0x0000000000021444        0x0 f:/psdk3/ps3dev/ppu/bin/../lib/gcc/powerpc64-ps3-elf/4.5.2/../../../../powerpc64-ps3-elf/lib\libm.a(lib_a-sf_sine.o)
 *fill*         0x0000000000021444        0x4 60000000
 .text.sinef    0x0000000000021448      0x2d0 f:/psdk3/ps3dev/ppu/bin/../lib/gcc/powerpc64-ps3-elf/4.5.2/../../../../powerpc64-ps3-elf/lib\libm.a(lib_a-sf_sine.o)
                0x0000000000021448                .sinef
 .text          0x0000000000021718        0x0 f:/psdk3/ps3dev/ppu/bin/../lib/gcc/powerpc64-ps3-elf/4.5.2/../../../../powerpc64-ps3-elf/lib\libm.a(lib_a-sf_sqrt.o)
 .text.sqrtf    0x0000000000021718      0x1c8 f:/psdk3/ps3dev/ppu/bin/../lib/gcc/powerpc64-ps3-elf/4.5.2/../../../../powerpc64-ps3-elf/lib\libm.a(lib_a-sf_sqrt.o)
                0x0000000000021718                .sqrtf
 .text          0x00000000000218e0        0x0 f:/psdk3/ps3dev/ppu/bin/../lib/gcc/powerpc64-ps3-elf/4.5.2/../../../../powerpc64-ps3-elf/lib\libm.a(lib_a-sf_tan.o)
 .text.tanf     0x00000000000218e0      0x23c f:/psdk3/ps3dev/ppu/bin/../lib/gcc/powerpc64-ps3-elf/4.5.2/../../../../powerpc64-ps3-elf/lib\libm.a(lib_a-sf_tan.o)
                0x00000000000218e0                .tanf
 .text          0x0000000000021b1c        0x0 f:/psdk3/ps3dev/ppu/bin/../lib/gcc/powerpc64-ps3-elf/4.5.2/../../../../powerpc64-ps3-elf/lib\libm.a(lib_a-s_frexp.o)
 *fill*         0x0000000000021b1c        0x4 60000000
 .text.frexp    0x0000000000021b20       0xd0 f:/psdk3/ps3dev/ppu/bin/../lib/gcc/powerpc64-ps3-elf/4.5.2/../../../../powerpc64-ps3-elf/lib\libm.a(lib_a-s_frexp.o)
                0x0000000000021b20                .frexp
 .text          0x0000000000021bf0        0x0 f:/psdk3/ps3dev/ppu/bin/../lib/gcc/powerpc64-ps3-elf/4.5.2/../../../../powerpc64-ps3-elf/lib\libm.a(lib_a-s_ispos.o)
 .text.ispos    0x0000000000021bf0       0x28 f:/psdk3/ps3dev/ppu/bin/../lib/gcc/powerpc64-ps3-elf/4.5.2/../../../../powerpc64-ps3-elf/lib\libm.a(lib_a-s_ispos.o)
                0x0000000000021bf0                .ispos
 .text          0x0000000000021c18        0x0 f:/psdk3/ps3dev/ppu/bin/../lib/gcc/powerpc64-ps3-elf/4.5.2/../../../../powerpc64-ps3-elf/lib\libm.a(lib_a-s_ldexp.o)
 .text.ldexp    0x0000000000021c18      0x17c f:/psdk3/ps3dev/ppu/bin/../lib/gcc/powerpc64-ps3-elf/4.5.2/../../../../powerpc64-ps3-elf/lib\libm.a(lib_a-s_ldexp.o)
                0x0000000000021c18                .ldexp
 .text          0x0000000000021d94        0x0 f:/psdk3/ps3dev/ppu/bin/../lib/gcc/powerpc64-ps3-elf/4.5.2/../../../../powerpc64-ps3-elf/lib\libm.a(lib_a-s_mathcnst.o)
 .text          0x0000000000021d94        0x0 f:/psdk3/ps3dev/ppu/bin/../lib/gcc/powerpc64-ps3-elf/4.5.2/../../../../powerpc64-ps3-elf/lib\libm.a(lib_a-s_numtest.o)
 *fill*         0x0000000000021d94        0x4 60000000
 .text.numtest  0x0000000000021d98       0x5c f:/psdk3/ps3dev/ppu/bin/../lib/gcc/powerpc64-ps3-elf/4.5.2/../../../../powerpc64-ps3-elf/lib\libm.a(lib_a-s_numtest.o)
                0x0000000000021d98                .numtest
 .text          0x0000000000021df4        0x0 f:/psdk3/ps3dev/ppu/bin/../lib/gcc/powerpc64-ps3-elf/4.5.2/../../../../powerpc64-ps3-elf/lib\libm.a(lib_a-sf_fabs.o)
 *fill*         0x0000000000021df4        0x4 60000000
 .text.fabsf    0x0000000000021df8       0xe4 f:/psdk3/ps3dev/ppu/bin/../lib/gcc/powerpc64-ps3-elf/4.5.2/../../../../powerpc64-ps3-elf/lib\libm.a(lib_a-sf_fabs.o)
                0x0000000000021df8                .fabsf
 .text          0x0000000000021edc        0x0 f:/psdk3/ps3dev/ppu/bin/../lib/gcc/powerpc64-ps3-elf/4.5.2/../../../../powerpc64-ps3-elf/lib\libm.a(lib_a-sf_frexp.o)
 *fill*         0x0000000000021edc        0x4 60000000
 .text.frexpf   0x0000000000021ee0       0xac f:/psdk3/ps3dev/ppu/bin/../lib/gcc/powerpc64-ps3-elf/4.5.2/../../../../powerpc64-ps3-elf/lib\libm.a(lib_a-sf_frexp.o)
                0x0000000000021ee0                .frexpf
 .text          0x0000000000021f8c        0x0 f:/psdk3/ps3dev/ppu/bin/../lib/gcc/powerpc64-ps3-elf/4.5.2/../../../../powerpc64-ps3-elf/lib\libm.a(lib_a-sf_ispos.o)
 *fill*         0x0000000000021f8c        0x4 60000000
 .text.isposf   0x0000000000021f90       0x24 f:/psdk3/ps3dev/ppu/bin/../lib/gcc/powerpc64-ps3-elf/4.5.2/../../../../powerpc64-ps3-elf/lib\libm.a(lib_a-sf_ispos.o)
                0x0000000000021f90                .isposf
 .text          0x0000000000021fb4        0x0 f:/psdk3/ps3dev/ppu/bin/../lib/gcc/powerpc64-ps3-elf/4.5.2/../../../../powerpc64-ps3-elf/lib\libm.a(lib_a-sf_ldexp.o)
 *fill*         0x0000000000021fb4        0x4 60000000
 .text.ldexpf   0x0000000000021fb8      0x190 f:/psdk3/ps3dev/ppu/bin/../lib/gcc/powerpc64-ps3-elf/4.5.2/../../../../powerpc64-ps3-elf/lib\libm.a(lib_a-sf_ldexp.o)
                0x0000000000021fb8                .ldexpf
 .text          0x0000000000022148        0x0 f:/psdk3/ps3dev/ppu/bin/../lib/gcc/powerpc64-ps3-elf/4.5.2/../../../../powerpc64-ps3-elf/lib\libm.a(lib_a-sf_numtest.o)
 .text.numtestf
                0x0000000000022148       0x30 f:/psdk3/ps3dev/ppu/bin/../lib/gcc/powerpc64-ps3-elf/4.5.2/../../../../powerpc64-ps3-elf/lib\libm.a(lib_a-sf_numtest.o)
                0x0000000000022148                .numtestf
 .text          0x0000000000022178        0x0 f:/psdk3/ps3dev/ppu/bin/../lib/gcc/powerpc64-ps3-elf/4.5.2/../../../../powerpc64-ps3-elf/lib\libsysbase.a(syscalls.o)
 .text          0x0000000000022178        0x0 f:/psdk3/ps3dev/ppu/bin/../lib/gcc/powerpc64-ps3-elf/4.5.2/../../../../powerpc64-ps3-elf/lib\libsysbase.a(sleep.o)
 .text.usleep   0x0000000000022178       0x84 f:/psdk3/ps3dev/ppu/bin/../lib/gcc/powerpc64-ps3-elf/4.5.2/../../../../powerpc64-ps3-elf/lib\libsysbase.a(sleep.o)
                0x0000000000022178                .usleep
 *fill*         0x00000000000221fc        0x4 60000000
 .text.sleep    0x0000000000022200       0x98 f:/psdk3/ps3dev/ppu/bin/../lib/gcc/powerpc64-ps3-elf/4.5.2/../../../../powerpc64-ps3-elf/lib\libsysbase.a(sleep.o)
                0x0000000000022200                .sleep
 .text          0x0000000000022298        0x0 f:/psdk3/ps3dev/ppu/bin/../lib/gcc/powerpc64-ps3-elf/4.5.2/../../../../powerpc64-ps3-elf/lib\libc.a(lib_a-atexit.o)
 .text.atexit   0x0000000000022298       0x40 f:/psdk3/ps3dev/ppu/bin/../lib/gcc/powerpc64-ps3-elf/4.5.2/../../../../powerpc64-ps3-elf/lib\libc.a(lib_a-atexit.o)
                0x0000000000022298                .atexit
 .text          0x00000000000222d8        0x0 f:/psdk3/ps3dev/ppu/bin/../lib/gcc/powerpc64-ps3-elf/4.5.2/../../../../powerpc64-ps3-elf/lib\libc.a(lib_a-errno.o)
 .text.__errno  0x00000000000222d8       0x30 f:/psdk3/ps3dev/ppu/bin/../lib/gcc/powerpc64-ps3-elf/4.5.2/../../../../powerpc64-ps3-elf/lib\libc.a(lib_a-errno.o)
                0x00000000000222d8                .__errno
 .text          0x0000000000022308        0x0 f:/psdk3/ps3dev/ppu/bin/../lib/gcc/powerpc64-ps3-elf/4.5.2/../../../../powerpc64-ps3-elf/lib\libc.a(lib_a-exit.o)
 .text.exit     0x0000000000022308       0x68 f:/psdk3/ps3dev/ppu/bin/../lib/gcc/powerpc64-ps3-elf/4.5.2/../../../../powerpc64-ps3-elf/lib\libc.a(lib_a-exit.o)
                0x0000000000022308                .exit
 .text          0x0000000000022370        0x0 f:/psdk3/ps3dev/ppu/bin/../lib/gcc/powerpc64-ps3-elf/4.5.2/../../../../powerpc64-ps3-elf/lib\libc.a(lib_a-getreent.o)
 .text.__getreent
                0x0000000000022370      0x1f0 f:/psdk3/ps3dev/ppu/bin/../lib/gcc/powerpc64-ps3-elf/4.5.2/../../../../powerpc64-ps3-elf/lib\libc.a(lib_a-getreent.o)
                0x0000000000022370                .__getreent
 .text          0x0000000000022560        0x0 f:/psdk3/ps3dev/ppu/bin/../lib/gcc/powerpc64-ps3-elf/4.5.2/../../../../powerpc64-ps3-elf/lib\libc.a(lib_a-impure.o)
 .text          0x0000000000022560        0x0 f:/psdk3/ps3dev/ppu/bin/../lib/gcc/powerpc64-ps3-elf/4.5.2/../../../../powerpc64-ps3-elf/lib\libc.a(lib_a-malign.o)
 .text.memalign
                0x0000000000022560       0x58 f:/psdk3/ps3dev/ppu/bin/../lib/gcc/powerpc64-ps3-elf/4.5.2/../../../../powerpc64-ps3-elf/lib\libc.a(lib_a-malign.o)
                0x0000000000022560                .memalign
 .text          0x00000000000225b8        0x0 f:/psdk3/ps3dev/ppu/bin/../lib/gcc/powerpc64-ps3-elf/4.5.2/../../../../powerpc64-ps3-elf/lib\libc.a(lib_a-malignr.o)
 .text._memalign_r
                0x00000000000225b8      0x214 f:/psdk3/ps3dev/ppu/bin/../lib/gcc/powerpc64-ps3-elf/4.5.2/../../../../powerpc64-ps3-elf/lib\libc.a(lib_a-malignr.o)
                0x00000000000225b8                ._memalign_r
 .text          0x00000000000227cc        0x0 f:/psdk3/ps3dev/ppu/bin/../lib/gcc/powerpc64-ps3-elf/4.5.2/../../../../powerpc64-ps3-elf/lib\libc.a(lib_a-malloc.o)
 *fill*         0x00000000000227cc        0x4 60000000
 .text.malloc   0x00000000000227d0       0x48 f:/psdk3/ps3dev/ppu/bin/../lib/gcc/powerpc64-ps3-elf/4.5.2/../../../../powerpc64-ps3-elf/lib\libc.a(lib_a-malloc.o)
                0x00000000000227d0                .malloc
 .text.free     0x0000000000022818       0x48 f:/psdk3/ps3dev/ppu/bin/../lib/gcc/powerpc64-ps3-elf/4.5.2/../../../../powerpc64-ps3-elf/lib\libc.a(lib_a-malloc.o)
                0x0000000000022818                .free
 .text          0x0000000000022860        0x0 f:/psdk3/ps3dev/ppu/bin/../lib/gcc/powerpc64-ps3-elf/4.5.2/../../../../powerpc64-ps3-elf/lib\libc.a(lib_a-mallocr.o)
 .text._malloc_r
                0x0000000000022860      0x944 f:/psdk3/ps3dev/ppu/bin/../lib/gcc/powerpc64-ps3-elf/4.5.2/../../../../powerpc64-ps3-elf/lib\libc.a(lib_a-mallocr.o)
                0x0000000000022860                ._malloc_r
 .text          0x00000000000231a4        0x0 f:/psdk3/ps3dev/ppu/bin/../lib/gcc/powerpc64-ps3-elf/4.5.2/../../../../powerpc64-ps3-elf/lib\libc.a(lib_a-memcpy.o)
 *fill*         0x00000000000231a4        0x4 60000000
 .text.memcpy   0x00000000000231a8       0xf8 f:/psdk3/ps3dev/ppu/bin/../lib/gcc/powerpc64-ps3-elf/4.5.2/../../../../powerpc64-ps3-elf/lib\libc.a(lib_a-memcpy.o)
                0x00000000000231a8                .memcpy
 .text          0x00000000000232a0        0x0 f:/psdk3/ps3dev/ppu/bin/../lib/gcc/powerpc64-ps3-elf/4.5.2/../../../../powerpc64-ps3-elf/lib\libc.a(lib_a-memset.o)
 .text.memset   0x00000000000232a0      0x130 f:/psdk3/ps3dev/ppu/bin/../lib/gcc/powerpc64-ps3-elf/4.5.2/../../../../powerpc64-ps3-elf/lib\libc.a(lib_a-memset.o)
                0x00000000000232a0                .memset
 .text          0x00000000000233d0        0x0 f:/psdk3/ps3dev/ppu/bin/../lib/gcc/powerpc64-ps3-elf/4.5.2/../../../../powerpc64-ps3-elf/lib\libc.a(lib_a-mlock.o)
 .text.__malloc_lock
                0x00000000000233d0       0x34 f:/psdk3/ps3dev/ppu/bin/../lib/gcc/powerpc64-ps3-elf/4.5.2/../../../../powerpc64-ps3-elf/lib\libc.a(lib_a-mlock.o)
                0x00000000000233d0                .__malloc_lock
 *fill*         0x0000000000023404        0x4 60000000
 .text.__malloc_unlock
                0x0000000000023408       0x34 f:/psdk3/ps3dev/ppu/bin/../lib/gcc/powerpc64-ps3-elf/4.5.2/../../../../powerpc64-ps3-elf/lib\libc.a(lib_a-mlock.o)
                0x0000000000023408                .__malloc_unlock
 .text          0x000000000002343c        0x0 f:/psdk3/ps3dev/ppu/bin/../lib/gcc/powerpc64-ps3-elf/4.5.2/../../../../powerpc64-ps3-elf/lib\libc.a(lib_a-rand.o)
 *fill*         0x000000000002343c        0x4 60000000
 .text.srand    0x0000000000023440       0x40 f:/psdk3/ps3dev/ppu/bin/../lib/gcc/powerpc64-ps3-elf/4.5.2/../../../../powerpc64-ps3-elf/lib\libc.a(lib_a-rand.o)
                0x0000000000023440                .srand
 .text.rand     0x0000000000023480       0x78 f:/psdk3/ps3dev/ppu/bin/../lib/gcc/powerpc64-ps3-elf/4.5.2/../../../../powerpc64-ps3-elf/lib\libc.a(lib_a-rand.o)
                0x0000000000023480                .rand
 .text          0x00000000000234f8        0x0 f:/psdk3/ps3dev/ppu/bin/../lib/gcc/powerpc64-ps3-elf/4.5.2/../../../../powerpc64-ps3-elf/lib\libc.a(lib_a-sscanf.o)
 .text.sscanf   0x00000000000234f8       0xa8 f:/psdk3/ps3dev/ppu/bin/../lib/gcc/powerpc64-ps3-elf/4.5.2/../../../../powerpc64-ps3-elf/lib\libc.a(lib_a-sscanf.o)
                0x00000000000234f8                .sscanf
 .text._sscanf_r
                0x00000000000235a0       0xa8 f:/psdk3/ps3dev/ppu/bin/../lib/gcc/powerpc64-ps3-elf/4.5.2/../../../../powerpc64-ps3-elf/lib\libc.a(lib_a-sscanf.o)
                0x00000000000235a0                ._sscanf_r
 .text          0x0000000000023648        0x0 f:/psdk3/ps3dev/ppu/bin/../lib/gcc/powerpc64-ps3-elf/4.5.2/../../../../powerpc64-ps3-elf/lib\libc.a(lib_a-stdio.o)
 .text.__sread  0x0000000000023648       0x80 f:/psdk3/ps3dev/ppu/bin/../lib/gcc/powerpc64-ps3-elf/4.5.2/../../../../powerpc64-ps3-elf/lib\libc.a(lib_a-stdio.o)
                0x0000000000023648                .__sread
 .text.__seofread
                0x00000000000236c8       0x14 f:/psdk3/ps3dev/ppu/bin/../lib/gcc/powerpc64-ps3-elf/4.5.2/../../../../powerpc64-ps3-elf/lib\libc.a(lib_a-stdio.o)
                0x00000000000236c8                .__seofread
 *fill*         0x00000000000236dc        0x4 60000000
 .text.__swrite
                0x00000000000236e0       0xbc f:/psdk3/ps3dev/ppu/bin/../lib/gcc/powerpc64-ps3-elf/4.5.2/../../../../powerpc64-ps3-elf/lib\libc.a(lib_a-stdio.o)
                0x00000000000236e0                .__swrite
 *fill*         0x000000000002379c        0x4 60000000
 .text.__sseek  0x00000000000237a0       0x88 f:/psdk3/ps3dev/ppu/bin/../lib/gcc/powerpc64-ps3-elf/4.5.2/../../../../powerpc64-ps3-elf/lib\libc.a(lib_a-stdio.o)
                0x00000000000237a0                .__sseek
 .text.__sclose
                0x0000000000023828       0x3c f:/psdk3/ps3dev/ppu/bin/../lib/gcc/powerpc64-ps3-elf/4.5.2/../../../../powerpc64-ps3-elf/lib\libc.a(lib_a-stdio.o)
                0x0000000000023828                .__sclose
 .text          0x0000000000023864        0x0 f:/psdk3/ps3dev/ppu/bin/../lib/gcc/powerpc64-ps3-elf/4.5.2/../../../../powerpc64-ps3-elf/lib\libc.a(lib_a-strcasecmp.o)
 *fill*         0x0000000000023864        0x4 60000000
 .text.strcasecmp
                0x0000000000023868       0xb8 f:/psdk3/ps3dev/ppu/bin/../lib/gcc/powerpc64-ps3-elf/4.5.2/../../../../powerpc64-ps3-elf/lib\libc.a(lib_a-strcasecmp.o)
                0x0000000000023868                .strcasecmp
 .text          0x0000000000023920        0x0 f:/psdk3/ps3dev/ppu/bin/../lib/gcc/powerpc64-ps3-elf/4.5.2/../../../../powerpc64-ps3-elf/lib\libc.a(lib_a-strlen.o)
 .text.strlen   0x0000000000023920       0xe4 f:/psdk3/ps3dev/ppu/bin/../lib/gcc/powerpc64-ps3-elf/4.5.2/../../../../powerpc64-ps3-elf/lib\libc.a(lib_a-strlen.o)
                0x0000000000023920                .strlen
 .text          0x0000000000023a04        0x0 f:/psdk3/ps3dev/ppu/bin/../lib/gcc/powerpc64-ps3-elf/4.5.2/../../../../powerpc64-ps3-elf/lib\libc.a(lib_a-strncpy.o)
 *fill*         0x0000000000023a04        0x4 60000000
 .text.strncpy  0x0000000000023a08      0x100 f:/psdk3/ps3dev/ppu/bin/../lib/gcc/powerpc64-ps3-elf/4.5.2/../../../../powerpc64-ps3-elf/lib\libc.a(lib_a-strncpy.o)
                0x0000000000023a08                .strncpy
 .text          0x0000000000023b08        0x0 f:/psdk3/ps3dev/ppu/bin/../lib/gcc/powerpc64-ps3-elf/4.5.2/../../../../powerpc64-ps3-elf/lib\libc.a(lib_a-svfscanf.o)
 .text.__ssvfscanf_r
                0x0000000000023b08     0x18d8 f:/psdk3/ps3dev/ppu/bin/../lib/gcc/powerpc64-ps3-elf/4.5.2/../../../../powerpc64-ps3-elf/lib\libc.a(lib_a-svfscanf.o)
                0x0000000000023b08                .__ssvfscanf_r
 .text          0x00000000000253e0        0x0 f:/psdk3/ps3dev/ppu/bin/../lib/gcc/powerpc64-ps3-elf/4.5.2/../../../../powerpc64-ps3-elf/lib\libc.a(lib_a-__atexit.o)
 .text.__register_exitproc
                0x00000000000253e0      0x188 f:/psdk3/ps3dev/ppu/bin/../lib/gcc/powerpc64-ps3-elf/4.5.2/../../../../powerpc64-ps3-elf/lib\libc.a(lib_a-__atexit.o)
                0x00000000000253e0                .__register_exitproc
 .text          0x0000000000025568        0x0 f:/psdk3/ps3dev/ppu/bin/../lib/gcc/powerpc64-ps3-elf/4.5.2/../../../../powerpc64-ps3-elf/lib\libc.a(lib_a-__call_atexit.o)
 .text.__call_exitprocs
                0x0000000000025568      0x250 f:/psdk3/ps3dev/ppu/bin/../lib/gcc/powerpc64-ps3-elf/4.5.2/../../../../powerpc64-ps3-elf/lib\libc.a(lib_a-__call_atexit.o)
                0x0000000000025568                .__call_exitprocs
 .text          0x00000000000257b8        0x0 f:/psdk3/ps3dev/ppu/bin/../lib/gcc/powerpc64-ps3-elf/4.5.2/../../../../powerpc64-ps3-elf/lib\libc.a(lib_a-ctype_.o)
 .text          0x00000000000257b8        0x0 f:/psdk3/ps3dev/ppu/bin/../lib/gcc/powerpc64-ps3-elf/4.5.2/../../../../powerpc64-ps3-elf/lib\libc.a(lib_a-findfp.o)
 .text._cleanup_r
                0x00000000000257b8       0x34 f:/psdk3/ps3dev/ppu/bin/../lib/gcc/powerpc64-ps3-elf/4.5.2/../../../../powerpc64-ps3-elf/lib\libc.a(lib_a-findfp.o)
                0x00000000000257b8                ._cleanup_r
 *fill*         0x00000000000257ec        0x4 60000000
 .text.__fp_unlock
                0x00000000000257f0       0x48 f:/psdk3/ps3dev/ppu/bin/../lib/gcc/powerpc64-ps3-elf/4.5.2/../../../../powerpc64-ps3-elf/lib\libc.a(lib_a-findfp.o)
 .text.__fp_lock
                0x0000000000025838       0x48 f:/psdk3/ps3dev/ppu/bin/../lib/gcc/powerpc64-ps3-elf/4.5.2/../../../../powerpc64-ps3-elf/lib\libc.a(lib_a-findfp.o)
 .text.__sfmoreglue
                0x0000000000025880       0x94 f:/psdk3/ps3dev/ppu/bin/../lib/gcc/powerpc64-ps3-elf/4.5.2/../../../../powerpc64-ps3-elf/lib\libc.a(lib_a-findfp.o)
                0x0000000000025880                .__sfmoreglue
 *fill*         0x0000000000025914        0x4 60000000
 .text._cleanup
                0x0000000000025918       0x18 f:/psdk3/ps3dev/ppu/bin/../lib/gcc/powerpc64-ps3-elf/4.5.2/../../../../powerpc64-ps3-elf/lib\libc.a(lib_a-findfp.o)
                0x0000000000025918                ._cleanup
 .text.__sfp_lock_acquire
                0x0000000000025930       0x34 f:/psdk3/ps3dev/ppu/bin/../lib/gcc/powerpc64-ps3-elf/4.5.2/../../../../powerpc64-ps3-elf/lib\libc.a(lib_a-findfp.o)
                0x0000000000025930                .__sfp_lock_acquire
 *fill*         0x0000000000025964        0x4 60000000
 .text.__sfp_lock_release
                0x0000000000025968       0x34 f:/psdk3/ps3dev/ppu/bin/../lib/gcc/powerpc64-ps3-elf/4.5.2/../../../../powerpc64-ps3-elf/lib\libc.a(lib_a-findfp.o)
                0x0000000000025968                .__sfp_lock_release
 *fill*         0x000000000002599c        0x4 60000000
 .text.__sinit_lock_acquire
                0x00000000000259a0       0x34 f:/psdk3/ps3dev/ppu/bin/../lib/gcc/powerpc64-ps3-elf/4.5.2/../../../../powerpc64-ps3-elf/lib\libc.a(lib_a-findfp.o)
                0x00000000000259a0                .__sinit_lock_acquire
 *fill*         0x00000000000259d4        0x4 60000000
 .text.__sinit_lock_release
                0x00000000000259d8       0x34 f:/psdk3/ps3dev/ppu/bin/../lib/gcc/powerpc64-ps3-elf/4.5.2/../../../../powerpc64-ps3-elf/lib\libc.a(lib_a-findfp.o)
                0x00000000000259d8                .__sinit_lock_release
 *fill*         0x0000000000025a0c        0x4 60000000
 .text.__sinit  0x0000000000025a10      0x1d8 f:/psdk3/ps3dev/ppu/bin/../lib/gcc/powerpc64-ps3-elf/4.5.2/../../../../powerpc64-ps3-elf/lib\libc.a(lib_a-findfp.o)
                0x0000000000025a10                .__sinit
 .text.__sfp    0x0000000000025be8      0x190 f:/psdk3/ps3dev/ppu/bin/../lib/gcc/powerpc64-ps3-elf/4.5.2/../../../../powerpc64-ps3-elf/lib\libc.a(lib_a-findfp.o)
                0x0000000000025be8                .__sfp
 .text.__fp_lock_all
                0x0000000000025d78       0x40 f:/psdk3/ps3dev/ppu/bin/../lib/gcc/powerpc64-ps3-elf/4.5.2/../../../../powerpc64-ps3-elf/lib\libc.a(lib_a-findfp.o)
                0x0000000000025d78                .__fp_lock_all
 .text.__fp_unlock_all
                0x0000000000025db8       0x3c f:/psdk3/ps3dev/ppu/bin/../lib/gcc/powerpc64-ps3-elf/4.5.2/../../../../powerpc64-ps3-elf/lib\libc.a(lib_a-findfp.o)
                0x0000000000025db8                .__fp_unlock_all
 .text          0x0000000000025df4        0x0 f:/psdk3/ps3dev/ppu/bin/../lib/gcc/powerpc64-ps3-elf/4.5.2/../../../../powerpc64-ps3-elf/lib\libc.a(lib_a-freer.o)
 *fill*         0x0000000000025df4        0x4 60000000
 .text._malloc_trim_r
                0x0000000000025df8      0x15c f:/psdk3/ps3dev/ppu/bin/../lib/gcc/powerpc64-ps3-elf/4.5.2/../../../../powerpc64-ps3-elf/lib\libc.a(lib_a-freer.o)
                0x0000000000025df8                ._malloc_trim_r
 *fill*         0x0000000000025f54        0x4 60000000
 .text._free_r  0x0000000000025f58      0x310 f:/psdk3/ps3dev/ppu/bin/../lib/gcc/powerpc64-ps3-elf/4.5.2/../../../../powerpc64-ps3-elf/lib\libc.a(lib_a-freer.o)
                0x0000000000025f58                ._free_r
 .text          0x0000000000026268        0x0 f:/psdk3/ps3dev/ppu/bin/../lib/gcc/powerpc64-ps3-elf/4.5.2/../../../../powerpc64-ps3-elf/lib\libc.a(lib_a-fwalk.o)
 .text._fwalk   0x0000000000026268       0xfc f:/psdk3/ps3dev/ppu/bin/../lib/gcc/powerpc64-ps3-elf/4.5.2/../../../../powerpc64-ps3-elf/lib\libc.a(lib_a-fwalk.o)
                0x0000000000026268                ._fwalk
 *fill*         0x0000000000026364        0x4 60000000
 .text._fwalk_reent
                0x0000000000026368      0x108 f:/psdk3/ps3dev/ppu/bin/../lib/gcc/powerpc64-ps3-elf/4.5.2/../../../../powerpc64-ps3-elf/lib\libc.a(lib_a-fwalk.o)
                0x0000000000026368                ._fwalk_reent
 .text          0x0000000000026470        0x0 f:/psdk3/ps3dev/ppu/bin/../lib/gcc/powerpc64-ps3-elf/4.5.2/../../../../powerpc64-ps3-elf/lib\libc.a(lib_a-iswspace.o)
 .text.iswspace
                0x0000000000026470       0x3c f:/psdk3/ps3dev/ppu/bin/../lib/gcc/powerpc64-ps3-elf/4.5.2/../../../../powerpc64-ps3-elf/lib\libc.a(lib_a-iswspace.o)
                0x0000000000026470                .iswspace
 .text          0x00000000000264ac        0x0 f:/psdk3/ps3dev/ppu/bin/../lib/gcc/powerpc64-ps3-elf/4.5.2/../../../../powerpc64-ps3-elf/lib\libc.a(lib_a-locale.o)
 *fill*         0x00000000000264ac        0x4 60000000
 .text._setlocale_r
                0x00000000000264b0       0xa8 f:/psdk3/ps3dev/ppu/bin/../lib/gcc/powerpc64-ps3-elf/4.5.2/../../../../powerpc64-ps3-elf/lib\libc.a(lib_a-locale.o)
                0x00000000000264b0                ._setlocale_r
 .text.__locale_charset
                0x0000000000026558       0x14 f:/psdk3/ps3dev/ppu/bin/../lib/gcc/powerpc64-ps3-elf/4.5.2/../../../../powerpc64-ps3-elf/lib\libc.a(lib_a-locale.o)
                0x0000000000026558                .__locale_charset
 *fill*         0x000000000002656c        0x4 60000000
 .text.__locale_mb_cur_max
                0x0000000000026570       0x1c f:/psdk3/ps3dev/ppu/bin/../lib/gcc/powerpc64-ps3-elf/4.5.2/../../../../powerpc64-ps3-elf/lib\libc.a(lib_a-locale.o)
                0x0000000000026570                .__locale_mb_cur_max
 *fill*         0x000000000002658c        0x4 60000000
 .text.__locale_msgcharset
                0x0000000000026590       0x14 f:/psdk3/ps3dev/ppu/bin/../lib/gcc/powerpc64-ps3-elf/4.5.2/../../../../powerpc64-ps3-elf/lib\libc.a(lib_a-locale.o)
                0x0000000000026590                .__locale_msgcharset
 *fill*         0x00000000000265a4        0x4 60000000
 .text.__locale_cjk_lang
                0x00000000000265a8       0x14 f:/psdk3/ps3dev/ppu/bin/../lib/gcc/powerpc64-ps3-elf/4.5.2/../../../../powerpc64-ps3-elf/lib\libc.a(lib_a-locale.o)
                0x00000000000265a8                .__locale_cjk_lang
 *fill*         0x00000000000265bc        0x4 60000000
 .text._localeconv_r
                0x00000000000265c0       0x14 f:/psdk3/ps3dev/ppu/bin/../lib/gcc/powerpc64-ps3-elf/4.5.2/../../../../powerpc64-ps3-elf/lib\libc.a(lib_a-locale.o)
                0x00000000000265c0                ._localeconv_r
 *fill*         0x00000000000265d4        0x4 60000000
 .text.setlocale
                0x00000000000265d8       0x50 f:/psdk3/ps3dev/ppu/bin/../lib/gcc/powerpc64-ps3-elf/4.5.2/../../../../powerpc64-ps3-elf/lib\libc.a(lib_a-locale.o)
                0x00000000000265d8                .setlocale
 .text.localeconv
                0x0000000000026628       0x34 f:/psdk3/ps3dev/ppu/bin/../lib/gcc/powerpc64-ps3-elf/4.5.2/../../../../powerpc64-ps3-elf/lib\libc.a(lib_a-locale.o)
                0x0000000000026628                .localeconv
 .text          0x000000000002665c        0x0 f:/psdk3/ps3dev/ppu/bin/../lib/gcc/powerpc64-ps3-elf/4.5.2/../../../../powerpc64-ps3-elf/lib\libc.a(lib_a-lock_recursive.o)
 *fill*         0x000000000002665c        0x4 60000000
 .text.__libc_lock_init_recursive
                0x0000000000026660       0x34 f:/psdk3/ps3dev/ppu/bin/../lib/gcc/powerpc64-ps3-elf/4.5.2/../../../../powerpc64-ps3-elf/lib\libc.a(lib_a-lock_recursive.o)
                0x0000000000026660                .__libc_lock_init_recursive
 *fill*         0x0000000000026694        0x4 60000000
 .text.__libc_lock_close_recursive
                0x0000000000026698       0x30 f:/psdk3/ps3dev/ppu/bin/../lib/gcc/powerpc64-ps3-elf/4.5.2/../../../../powerpc64-ps3-elf/lib\libc.a(lib_a-lock_recursive.o)
                0x0000000000026698                .__libc_lock_close_recursive
 .text.__libc_lock_acquire_recursive
                0x00000000000266c8       0x58 f:/psdk3/ps3dev/ppu/bin/../lib/gcc/powerpc64-ps3-elf/4.5.2/../../../../powerpc64-ps3-elf/lib\libc.a(lib_a-lock_recursive.o)
                0x00000000000266c8                .__libc_lock_acquire_recursive
 .text.__libc_lock_try_acquire_recursive
                0x0000000000026720       0x54 f:/psdk3/ps3dev/ppu/bin/../lib/gcc/powerpc64-ps3-elf/4.5.2/../../../../powerpc64-ps3-elf/lib\libc.a(lib_a-lock_recursive.o)
                0x0000000000026720                .__libc_lock_try_acquire_recursive
 *fill*         0x0000000000026774        0x4 60000000
 .text.__libc_lock_release_recursive
                0x0000000000026778       0x54 f:/psdk3/ps3dev/ppu/bin/../lib/gcc/powerpc64-ps3-elf/4.5.2/../../../../powerpc64-ps3-elf/lib\libc.a(lib_a-lock_recursive.o)
                0x0000000000026778                .__libc_lock_release_recursive
 .text          0x00000000000267cc        0x0 f:/psdk3/ps3dev/ppu/bin/../lib/gcc/powerpc64-ps3-elf/4.5.2/../../../../powerpc64-ps3-elf/lib\libc.a(lib_a-mbrtowc.o)
 *fill*         0x00000000000267cc        0x4 60000000
 .text._mbrtowc_r
                0x00000000000267d0      0x10c f:/psdk3/ps3dev/ppu/bin/../lib/gcc/powerpc64-ps3-elf/4.5.2/../../../../powerpc64-ps3-elf/lib\libc.a(lib_a-mbrtowc.o)
                0x00000000000267d0                ._mbrtowc_r
 *fill*         0x00000000000268dc        0x4 60000000
 .text.mbrtowc  0x00000000000268e0      0x170 f:/psdk3/ps3dev/ppu/bin/../lib/gcc/powerpc64-ps3-elf/4.5.2/../../../../powerpc64-ps3-elf/lib\libc.a(lib_a-mbrtowc.o)
                0x00000000000268e0                .mbrtowc
 .text          0x0000000000026a50        0x0 f:/psdk3/ps3dev/ppu/bin/../lib/gcc/powerpc64-ps3-elf/4.5.2/../../../../powerpc64-ps3-elf/lib\libc.a(lib_a-mbtowc_r.o)
 .text.__ascii_mbtowc
                0x0000000000026a50       0x58 f:/psdk3/ps3dev/ppu/bin/../lib/gcc/powerpc64-ps3-elf/4.5.2/../../../../powerpc64-ps3-elf/lib\libc.a(lib_a-mbtowc_r.o)
                0x0000000000026a50                .__ascii_mbtowc
 .text._mbtowc_r
                0x0000000000026aa8       0x98 f:/psdk3/ps3dev/ppu/bin/../lib/gcc/powerpc64-ps3-elf/4.5.2/../../../../powerpc64-ps3-elf/lib\libc.a(lib_a-mbtowc_r.o)
                0x0000000000026aa8                ._mbtowc_r
 .text          0x0000000000026b40        0x0 f:/psdk3/ps3dev/ppu/bin/../lib/gcc/powerpc64-ps3-elf/4.5.2/../../../../powerpc64-ps3-elf/lib\libc.a(lib_a-s_fpclassify.o)
 .text.__fpclassifyd
                0x0000000000026b40       0xc4 f:/psdk3/ps3dev/ppu/bin/../lib/gcc/powerpc64-ps3-elf/4.5.2/../../../../powerpc64-ps3-elf/lib\libc.a(lib_a-s_fpclassify.o)
                0x0000000000026b40                .__fpclassifyd
 .text          0x0000000000026c04        0x0 f:/psdk3/ps3dev/ppu/bin/../lib/gcc/powerpc64-ps3-elf/4.5.2/../../../../powerpc64-ps3-elf/lib\libc.a(lib_a-sccl.o)
 *fill*         0x0000000000026c04        0x4 60000000
 .text.__sccl   0x0000000000026c08      0x120 f:/psdk3/ps3dev/ppu/bin/../lib/gcc/powerpc64-ps3-elf/4.5.2/../../../../powerpc64-ps3-elf/lib\libc.a(lib_a-sccl.o)
                0x0000000000026c08                .__sccl
 .text          0x0000000000026d28        0x0 f:/psdk3/ps3dev/ppu/bin/../lib/gcc/powerpc64-ps3-elf/4.5.2/../../../../powerpc64-ps3-elf/lib\libc.a(lib_a-sf_nan.o)
 .text.nanf     0x0000000000026d28       0x18 f:/psdk3/ps3dev/ppu/bin/../lib/gcc/powerpc64-ps3-elf/4.5.2/../../../../powerpc64-ps3-elf/lib\libc.a(lib_a-sf_nan.o)
                0x0000000000026d28                .nanf
 .text          0x0000000000026d40        0x0 f:/psdk3/ps3dev/ppu/bin/../lib/gcc/powerpc64-ps3-elf/4.5.2/../../../../powerpc64-ps3-elf/lib\libc.a(lib_a-sprintf.o)
 .text._sprintf_r
                0x0000000000026d40       0x84 f:/psdk3/ps3dev/ppu/bin/../lib/gcc/powerpc64-ps3-elf/4.5.2/../../../../powerpc64-ps3-elf/lib\libc.a(lib_a-sprintf.o)
                0x0000000000026d40                ._sprintf_r
 *fill*         0x0000000000026dc4        0x4 60000000
 .text.sprintf  0x0000000000026dc8       0x9c f:/psdk3/ps3dev/ppu/bin/../lib/gcc/powerpc64-ps3-elf/4.5.2/../../../../powerpc64-ps3-elf/lib\libc.a(lib_a-sprintf.o)
                0x0000000000026dc8                .sprintf
 .text          0x0000000000026e64        0x0 f:/psdk3/ps3dev/ppu/bin/../lib/gcc/powerpc64-ps3-elf/4.5.2/../../../../powerpc64-ps3-elf/lib\libc.a(lib_a-strcmp.o)
 *fill*         0x0000000000026e64        0x4 60000000
 .text.strcmp   0x0000000000026e68       0xfc f:/psdk3/ps3dev/ppu/bin/../lib/gcc/powerpc64-ps3-elf/4.5.2/../../../../powerpc64-ps3-elf/lib\libc.a(lib_a-strcmp.o)
                0x0000000000026e68                .strcmp
 .text          0x0000000000026f64        0x0 f:/psdk3/ps3dev/ppu/bin/../lib/gcc/powerpc64-ps3-elf/4.5.2/../../../../powerpc64-ps3-elf/lib\libc.a(lib_a-strtod.o)
 *fill*         0x0000000000026f64        0x4 60000000
 .text.match    0x0000000000026f68       0x6c f:/psdk3/ps3dev/ppu/bin/../lib/gcc/powerpc64-ps3-elf/4.5.2/../../../../powerpc64-ps3-elf/lib\libc.a(lib_a-strtod.o)
 *fill*         0x0000000000026fd4        0x4 60000000
 .text._strtod_r
                0x0000000000026fd8     0x1578 f:/psdk3/ps3dev/ppu/bin/../lib/gcc/powerpc64-ps3-elf/4.5.2/../../../../powerpc64-ps3-elf/lib\libc.a(lib_a-strtod.o)
                0x0000000000026fd8                ._strtod_r
 .text.strtod   0x0000000000028550       0x50 f:/psdk3/ps3dev/ppu/bin/../lib/gcc/powerpc64-ps3-elf/4.5.2/../../../../powerpc64-ps3-elf/lib\libc.a(lib_a-strtod.o)
                0x0000000000028550                .strtod
 .text.strtof   0x00000000000285a0       0x98 f:/psdk3/ps3dev/ppu/bin/../lib/gcc/powerpc64-ps3-elf/4.5.2/../../../../powerpc64-ps3-elf/lib\libc.a(lib_a-strtod.o)
                0x00000000000285a0                .strtof
 .text          0x0000000000028638        0x0 f:/psdk3/ps3dev/ppu/bin/../lib/gcc/powerpc64-ps3-elf/4.5.2/../../../../powerpc64-ps3-elf/lib\libc.a(lib_a-strtol.o)
 .text._strtol_r
                0x0000000000028638      0x24c f:/psdk3/ps3dev/ppu/bin/../lib/gcc/powerpc64-ps3-elf/4.5.2/../../../../powerpc64-ps3-elf/lib\libc.a(lib_a-strtol.o)
                0x0000000000028638                ._strtol_r
 *fill*         0x0000000000028884        0x4 60000000
 .text.strtol   0x0000000000028888       0x60 f:/psdk3/ps3dev/ppu/bin/../lib/gcc/powerpc64-ps3-elf/4.5.2/../../../../powerpc64-ps3-elf/lib\libc.a(lib_a-strtol.o)
                0x0000000000028888                .strtol
 .text          0x00000000000288e8        0x0 f:/psdk3/ps3dev/ppu/bin/../lib/gcc/powerpc64-ps3-elf/4.5.2/../../../../powerpc64-ps3-elf/lib\libc.a(lib_a-strtoll_r.o)
 .text._strtoll_r
                0x00000000000288e8      0x24c f:/psdk3/ps3dev/ppu/bin/../lib/gcc/powerpc64-ps3-elf/4.5.2/../../../../powerpc64-ps3-elf/lib\libc.a(lib_a-strtoll_r.o)
                0x00000000000288e8                ._strtoll_r
 .text          0x0000000000028b34        0x0 f:/psdk3/ps3dev/ppu/bin/../lib/gcc/powerpc64-ps3-elf/4.5.2/../../../../powerpc64-ps3-elf/lib\libc.a(lib_a-strtoul.o)
 *fill*         0x0000000000028b34        0x4 60000000
 .text._strtoul_r
                0x0000000000028b38      0x230 f:/psdk3/ps3dev/ppu/bin/../lib/gcc/powerpc64-ps3-elf/4.5.2/../../../../powerpc64-ps3-elf/lib\libc.a(lib_a-strtoul.o)
                0x0000000000028b38                ._strtoul_r
 .text.strtoul  0x0000000000028d68       0x60 f:/psdk3/ps3dev/ppu/bin/../lib/gcc/powerpc64-ps3-elf/4.5.2/../../../../powerpc64-ps3-elf/lib\libc.a(lib_a-strtoul.o)
                0x0000000000028d68                .strtoul
 .text          0x0000000000028dc8        0x0 f:/psdk3/ps3dev/ppu/bin/../lib/gcc/powerpc64-ps3-elf/4.5.2/../../../../powerpc64-ps3-elf/lib\libc.a(lib_a-strtoull_r.o)
 .text._strtoull_r
                0x0000000000028dc8      0x230 f:/psdk3/ps3dev/ppu/bin/../lib/gcc/powerpc64-ps3-elf/4.5.2/../../../../powerpc64-ps3-elf/lib\libc.a(lib_a-strtoull_r.o)
                0x0000000000028dc8                ._strtoull_r
 .text          0x0000000000028ff8        0x0 f:/psdk3/ps3dev/ppu/bin/../lib/gcc/powerpc64-ps3-elf/4.5.2/../../../../powerpc64-ps3-elf/lib\libc.a(lib_a-svfiscanf.o)
 .text._sungetc_r
                0x0000000000028ff8      0x158 f:/psdk3/ps3dev/ppu/bin/../lib/gcc/powerpc64-ps3-elf/4.5.2/../../../../powerpc64-ps3-elf/lib\libc.a(lib_a-svfiscanf.o)
                0x0000000000028ff8                ._sungetc_r
 .text.__ssrefill_r
                0x0000000000029150       0xa0 f:/psdk3/ps3dev/ppu/bin/../lib/gcc/powerpc64-ps3-elf/4.5.2/../../../../powerpc64-ps3-elf/lib\libc.a(lib_a-svfiscanf.o)
                0x0000000000029150                .__ssrefill_r
 .text._sfread_r
                0x00000000000291f0      0x194 f:/psdk3/ps3dev/ppu/bin/../lib/gcc/powerpc64-ps3-elf/4.5.2/../../../../powerpc64-ps3-elf/lib\libc.a(lib_a-svfiscanf.o)
                0x00000000000291f0                ._sfread_r
 *fill*         0x0000000000029384        0x4 60000000
 .text.__ssvfiscanf_r
                0x0000000000029388     0x1208 f:/psdk3/ps3dev/ppu/bin/../lib/gcc/powerpc64-ps3-elf/4.5.2/../../../../powerpc64-ps3-elf/lib\libc.a(lib_a-svfiscanf.o)
                0x0000000000029388                .__ssvfiscanf_r
 .text          0x000000000002a590        0x0 f:/psdk3/ps3dev/ppu/bin/../lib/gcc/powerpc64-ps3-elf/4.5.2/../../../../powerpc64-ps3-elf/lib\libc.a(lib_a-svfprintf.o)
 .text._svfprintf_r
                0x000000000002a590     0x2120 f:/psdk3/ps3dev/ppu/bin/../lib/gcc/powerpc64-ps3-elf/4.5.2/../../../../powerpc64-ps3-elf/lib\libc.a(lib_a-svfprintf.o)
                0x000000000002a590                ._svfprintf_r
 .text          0x000000000002c6b0        0x0 f:/psdk3/ps3dev/ppu/bin/../lib/gcc/powerpc64-ps3-elf/4.5.2/../../../../powerpc64-ps3-elf/lib\libc.a(lib_a-ungetc.o)
 .text.__submore
                0x000000000002c6b0      0x124 f:/psdk3/ps3dev/ppu/bin/../lib/gcc/powerpc64-ps3-elf/4.5.2/../../../../powerpc64-ps3-elf/lib\libc.a(lib_a-ungetc.o)